Archive member included to satisfy reference by file (symbol)

c:/chibistudio/tools/gnu tools arm embedded/11.3 2022.08/bin/../lib/gcc/arm-none-eabi/11.3.1/thumb/v7e-m/nofp\libgcc.a(_aeabi_ldivmod.o)
                              ./build/obj/hal_flash.o (__aeabi_ldivmod)
c:/chibistudio/tools/gnu tools arm embedded/11.3 2022.08/bin/../lib/gcc/arm-none-eabi/11.3.1/thumb/v7e-m/nofp\libgcc.a(_aeabi_uldivmod.o)
                              ./build/obj/hal_flash.o (__aeabi_uldivmod)
c:/chibistudio/tools/gnu tools arm embedded/11.3 2022.08/bin/../lib/gcc/arm-none-eabi/11.3.1/thumb/v7e-m/nofp\libgcc.a(_udivmoddi4.o)
                              c:/chibistudio/tools/gnu tools arm embedded/11.3 2022.08/bin/../lib/gcc/arm-none-eabi/11.3.1/thumb/v7e-m/nofp\libgcc.a(_aeabi_ldivmod.o) (__udivmoddi4)
c:/chibistudio/tools/gnu tools arm embedded/11.3 2022.08/bin/../lib/gcc/arm-none-eabi/11.3.1/thumb/v7e-m/nofp\libgcc.a(_dvmd_tls.o)
                              c:/chibistudio/tools/gnu tools arm embedded/11.3 2022.08/bin/../lib/gcc/arm-none-eabi/11.3.1/thumb/v7e-m/nofp\libgcc.a(_aeabi_ldivmod.o) (__aeabi_ldiv0)
c:/chibistudio/tools/gnu tools arm embedded/11.3 2022.08/bin/../lib/gcc/arm-none-eabi/11.3.1/thumb/v7e-m/nofp\libg.a(libc_a-memcmp.o)
                              ./build/obj/oslib_test_sequence_003.o (memcmp)
c:/chibistudio/tools/gnu tools arm embedded/11.3 2022.08/bin/../lib/gcc/arm-none-eabi/11.3.1/thumb/v7e-m/nofp\libg.a(libc_a-memset.o)
                              ./build/obj/crt1.o (memset)
c:/chibistudio/tools/gnu tools arm embedded/11.3 2022.08/bin/../lib/gcc/arm-none-eabi/11.3.1/thumb/v7e-m/nofp\libg.a(libc_a-strncmp.o)
                              ./build/obj/chfactory.o (strncmp)
c:/chibistudio/tools/gnu tools arm embedded/11.3 2022.08/bin/../lib/gcc/arm-none-eabi/11.3.1/thumb/v7e-m/nofp\libg.a(libc_a-strcmp.o)
                              ./build/obj/chregistry.o (strcmp)
c:/chibistudio/tools/gnu tools arm embedded/11.3 2022.08/bin/../lib/gcc/arm-none-eabi/11.3.1/thumb/v7e-m/nofp\libg.a(libc_a-memcpy.o)
                              ./build/obj/hal_buffers.o (memcpy)

Discarded input sections

 .data          0x00000000        0x0 ./build/obj/crt0_v7m.o
 .bss           0x00000000        0x0 ./build/obj/crt0_v7m.o
 .data          0x00000000        0x0 ./build/obj/vectors.o
 .bss           0x00000000        0x0 ./build/obj/vectors.o
 .data          0x00000000        0x0 ./build/obj/chcoreasm.o
 .bss           0x00000000        0x0 ./build/obj/chcoreasm.o
 .text          0x00000000        0x0 ./build/obj/crt1.o
 .data          0x00000000        0x0 ./build/obj/crt1.o
 .bss           0x00000000        0x0 ./build/obj/crt1.o
 .text.__early_init
                0x00000000        0x4 ./build/obj/crt1.o
 .text          0x00000000        0x0 ./build/obj/oop_base_object.o
 .data          0x00000000        0x0 ./build/obj/oop_base_object.o
 .bss           0x00000000        0x0 ./build/obj/oop_base_object.o
 .text.__bo_objinit_impl
                0x00000000        0x4 ./build/obj/oop_base_object.o
 .text.__bo_dispose_impl
                0x00000000        0x4 ./build/obj/oop_base_object.o
 .debug_info    0x00000000      0x160 ./build/obj/oop_base_object.o
 .debug_abbrev  0x00000000       0xfc ./build/obj/oop_base_object.o
 .debug_loclists
                0x00000000       0x22 ./build/obj/oop_base_object.o
 .debug_aranges
                0x00000000       0x28 ./build/obj/oop_base_object.o
 .debug_rnglists
                0x00000000       0x19 ./build/obj/oop_base_object.o
 .debug_line    0x00000000       0xbd ./build/obj/oop_base_object.o
 .debug_str     0x00000000      0x22e ./build/obj/oop_base_object.o
 .comment       0x00000000       0x34 ./build/obj/oop_base_object.o
 .debug_frame   0x00000000       0x30 ./build/obj/oop_base_object.o
 .ARM.attributes
                0x00000000       0x2e ./build/obj/oop_base_object.o
 .text          0x00000000        0x0 ./build/obj/hal.o
 .data          0x00000000        0x0 ./build/obj/hal.o
 .bss           0x00000000        0x0 ./build/obj/hal.o
 .text          0x00000000        0x0 ./build/obj/hal_st.o
 .data          0x00000000        0x0 ./build/obj/hal_st.o
 .bss           0x00000000        0x0 ./build/obj/hal_st.o
 .text.stGetAlarm
                0x00000000        0x8 ./build/obj/hal_st.o
 .text.stIsAlarmActive
                0x00000000        0xc ./build/obj/hal_st.o
 .text          0x00000000        0x0 ./build/obj/hal_buffered_serial.o
 .data          0x00000000        0x0 ./build/obj/hal_buffered_serial.o
 .bss           0x00000000        0x0 ./build/obj/hal_buffered_serial.o
 .text.bsIncomingDataI
                0x00000000       0x40 ./build/obj/hal_buffered_serial.o
 .text.bsRequestDataI
                0x00000000       0x20 ./build/obj/hal_buffered_serial.o
 .debug_info    0x00000000      0xec2 ./build/obj/hal_buffered_serial.o
 .debug_abbrev  0x00000000      0x2d5 ./build/obj/hal_buffered_serial.o
 .debug_loclists
[...]
Memory Configuration

Name             Origin             Length             Attributes
flash0           0x08000000         0x00200000         xr
flash1           0x08000000         0x00100000         xr
flash2           0x08100000         0x00100000         xr
flash3           0x00000000         0x00000000         xr
flash4           0x00000000         0x00000000         xr
flash5           0x00000000         0x00000000         xr
flash6           0x00000000         0x00000000         xr
flash7           0x00000000         0x00000000         xr
ram0             0x24000000         0x00080000         xw
ram1             0x30000000         0x00040000         xw
ram2             0x30000000         0x00048000         xw
ram3             0x30040000         0x00008000         xw
ram4             0x38000000         0x00010000         xw
ram5             0x20000000         0x00020000         xw
ram6             0x00000000         0x00010000         xw
ram7             0x38800000         0x00001000         xw
*default*        0x00000000         0xffffffff

Linker script and memory map

LOAD ./build/obj/crt0_v7m.o
LOAD ./build/obj/vectors.o
LOAD ./build/obj/chcoreasm.o
LOAD ./build/obj/crt1.o
LOAD ./build/obj/oop_base_object.o
LOAD ./build/obj/hal.o
LOAD ./build/obj/hal_st.o
LOAD ./build/obj/hal_buffered_serial.o
LOAD ./build/obj/hal_buffers.o
LOAD ./build/obj/hal_queues.o
LOAD ./build/obj/hal_mmcsd.o
LOAD ./build/obj/hal_pal.o
LOAD ./build/obj/hal_sdc.o
LOAD ./build/obj/hal_serial.o
LOAD ./build/obj/hal_flash.o
LOAD ./build/obj/nvic.o
LOAD ./build/obj/stm32_isr.o
LOAD ./build/obj/hal_lld.o
LOAD ./build/obj/stm32_bdma.o
LOAD ./build/obj/stm32_dma.o
LOAD ./build/obj/stm32_exti.o
LOAD ./build/obj/hal_pal_lld.o
LOAD ./build/obj/stm32_mdma.o
LOAD ./build/obj/hal_sdc_lld.o
LOAD ./build/obj/hal_st_lld.o
LOAD ./build/obj/hal_serial_lld.o
LOAD ./build/obj/board.o
LOAD ./build/obj/osal.o
LOAD ./build/obj/chsys.o
LOAD ./build/obj/chrfcu.o
LOAD ./build/obj/chdebug.o
LOAD ./build/obj/chtrace.o
LOAD ./build/obj/chvt.o
LOAD ./build/obj/chschd.o
LOAD ./build/obj/chinstances.o
LOAD ./build/obj/chthreads.o
LOAD ./build/obj/chtm.o
LOAD ./build/obj/chregistry.o
LOAD ./build/obj/chsem.o
LOAD ./build/obj/chmtx.o
LOAD ./build/obj/chcond.o
LOAD ./build/obj/chevents.o
LOAD ./build/obj/chmsg.o
LOAD ./build/obj/chdynamic.o
LOAD ./build/obj/chmboxes.o
LOAD ./build/obj/chmemcore.o
LOAD ./build/obj/chmemheaps.o
LOAD ./build/obj/chmempools.o
LOAD ./build/obj/chpipes.o
LOAD ./build/obj/chobjcaches.o
LOAD ./build/obj/chdelegates.o
LOAD ./build/obj/chfactory.o
LOAD ./build/obj/chcore.o
LOAD ./build/obj/ch_test.o
LOAD ./build/obj/ch_test_printf.o
LOAD ./build/obj/rt_test_root.o
LOAD ./build/obj/rt_test_sequence_001.o
LOAD ./build/obj/rt_test_sequence_002.o
LOAD ./build/obj/rt_test_sequence_003.o
LOAD ./build/obj/rt_test_sequence_004.o
LOAD ./build/obj/rt_test_sequence_005.o
LOAD ./build/obj/rt_test_sequence_006.o
LOAD ./build/obj/rt_test_sequence_007.o
LOAD ./build/obj/rt_test_sequence_008.o
LOAD ./build/obj/rt_test_sequence_009.o
LOAD ./build/obj/rt_test_sequence_010.o
LOAD ./build/obj/rt_test_sequence_011.o
LOAD ./build/obj/rt_test_sequence_012.o
LOAD ./build/obj/oslib_test_root.o
LOAD ./build/obj/oslib_test_sequence_001.o
LOAD ./build/obj/oslib_test_sequence_002.o
LOAD ./build/obj/oslib_test_sequence_003.o
LOAD ./build/obj/oslib_test_sequence_004.o
LOAD ./build/obj/oslib_test_sequence_005.o
LOAD ./build/obj/oslib_test_sequence_006.o
LOAD ./build/obj/oslib_test_sequence_007.o
LOAD ./build/obj/oslib_test_sequence_008.o
LOAD ./build/obj/oslib_test_sequence_009.o
LOAD ./build/obj/main.o

.mstack         0x20000000      0x400
                0x20000000                . = ALIGN (0x8)
                0x20000000                __main_stack_base__ = .
                0x20000400                . = (. + __main_stack_size__)
 *fill*         0x20000000      0x400 
                0x20000400                . = ALIGN (0x8)
                0x20000400                __main_stack_end__ = .

.pstack         0x20000400      0x400
                0x20000400                . = ALIGN (0x8)
                0x20000400                __process_stack_base__ = .
                0x20000400                __main_thread_stack_base__ = .
                0x20000800                . = (. + __process_stack_size__)
 *fill*         0x20000400      0x400 
                0x20000800                . = ALIGN (0x8)
                0x20000800                __process_stack_end__ = .
                0x20000800                __main_thread_stack_end__ = .

.nocache        0x30040000      0x204
                0x30040000                __nocache_base__ = .
 *(.nocache)
 *(.nocache.*)
 *(.bss.__nocache_*)
 .bss.__nocache_sd1_buf
                0x30040000      0x200 ./build/obj/hal_sdc_lld.o
 .bss.__nocache_sd1_wbuf
                0x30040200        0x4 ./build/obj/hal_sdc_lld.o
                0x30040204                . = ALIGN (0x4)
                0x30040204                __nocache_end__ = .

.eth            0x30040204        0x0
                0x30040204                __eth_base__ = .
 *(.eth)
 *(.eth.*)
 *(.bss.__eth_*)
                0x30040204                . = ALIGN (0x4)
                0x30040204                __eth_end__ = .

.vectors        0x08000000      0x2e0
                0x08000000                __textvectors_base__ = LOADADDR (.vectors)
                0x08000000                __vectors_base__ = .
 *(.vectors)
 .vectors       0x08000000      0x2e0 ./build/obj/vectors.o
                0x08000000                _vectors
                0x080002e0                __vectors_end__ = .

.xtors          0x080002e0        0x0
                0x080002e0                __init_array_base__ = .
 *(SORT_BY_NAME(.init_array.*))
 *(.init_array)
                0x080002e0                __init_array_end__ = .
                0x080002e0                __fini_array_base__ = .
 *(.fini_array)
 *(SORT_BY_NAME(.fini_array.*))
                0x080002e0                __fini_array_end__ = .

.text           0x080002e0     0xb1c8
                0x080002e0                __text_base__ = .
 *(.text)
 .text          0x080002e0       0xd8 ./build/obj/crt0_v7m.o
                0x080002e0                _crt0_entry
 .text          0x080003b8        0x8 ./build/obj/vectors.o
                0x080003b8                Reset_Handler
                0x080003ba                VectorE8
                0x080003ba                Vector9C
                0x080003ba                Vector2C4
                0x080003ba                VectorAC
                0x080003ba                DebugMon_Handler
                0x080003ba                Vector2B0
                0x080003ba                Vector26C
                0x080003ba                Vector22C
                0x080003ba                Vector1A0
                0x080003ba                Vector2C0
                0x080003ba                Vector5C
                0x080003ba                Vector224
                0x080003ba                Vector11C
                0x080003ba                HardFault_Handler
                0x080003ba                Vector1B8
                0x080003ba                Vector1F0
                0x080003ba                Vector19C
                0x080003ba                Vector1EC
                0x080003ba                Vector8C
                0x080003ba                SysTick_Handler
                0x080003ba                Vector2D8
                0x080003ba                PendSV_Handler
                0x080003ba                Vector168
                0x080003ba                NMI_Handler
                0x080003ba                Vector270
                0x080003ba                Vector24C
                0x080003ba                Vector110
                0x080003ba                Vector274
                0x080003ba                Vector120
                0x080003ba                Vector1D8
                0x080003ba                Vector1F4
                0x080003ba                VectorC8
                0x080003ba                Vector2CC
                0x080003ba                Vector94
                0x080003ba                Vector254
                0x080003ba                VectorA8
                0x080003ba                Vector244
                0x080003ba                Vector204
                0x080003ba                Vector2AC
                0x080003ba                VectorB4
                0x080003ba                Vector1FC
                0x080003ba                Vector74
                0x080003ba                Vector160
                0x080003ba                Vector1B0
                0x080003ba                UsageFault_Handler
                0x080003ba                VectorEC
                0x080003ba                Vector234
                0x080003ba                Vector264
                0x080003ba                Vector40
                0x080003ba                VectorF8
                0x080003ba                Vector108
                0x080003ba                VectorBC
                0x080003ba                Vector190
                0x080003ba                Vector1E0
                0x080003ba                Vector150
                0x080003ba                Vector1F8
                0x080003ba                Vector124
                0x080003ba                Vector260
                0x080003ba                Vector27C
                0x080003ba                Vector1C4
                0x080003ba                Vector1CC
                0x080003ba                Vector2A8
                0x080003ba                Vector1E4
                0x080003ba                Vector20C
                0x080003ba                Vector148
                0x080003ba                Vector188
                0x080003ba                Vector23C
                0x080003ba                Vector198
                0x080003ba                Vector118
                0x080003ba                Vector64
                0x080003ba                Vector58
                0x080003ba                VectorCC
                0x080003ba                Vector54
                0x080003ba                Vector98
                0x080003ba                Vector2B8
                0x080003ba                Vector258
                0x080003ba                Vector284
                0x080003ba                Vector218
                0x080003ba                VectorD8
                0x080003ba                Vector138
                0x080003ba                Vector24
                0x080003ba                Vector200
                0x080003ba                Vector1AC
                0x080003ba                Vector178
                0x080003ba                Vector84
                0x080003ba                SecureFault_Handler
                0x080003ba                Vector1A4
                0x080003ba                VectorD0
                0x080003ba                Vector2A0
                0x080003ba                Vector1B4
                0x080003ba                Vector28C
                0x080003ba                Vector140
                0x080003ba                VectorE4
                0x080003ba                VectorC0
                0x080003ba                Vector158
                0x080003ba                Vector130
                0x080003ba                Vector1C0
                0x080003ba                Vector214
                0x080003ba                Vector250
                0x080003ba                Vector2D0
                0x080003ba                Vector134
                0x080003ba                Vector1D0
                0x080003ba                Vector2DC
                0x080003ba                VectorF0
                0x080003ba                Vector210
                0x080003ba                Vector2BC
                0x080003ba                Vector12C
                0x080003ba                Vector13C
                0x080003ba                Vector280
                0x080003ba                Vector100
                0x080003ba                VectorE0
                0x080003ba                VectorF4
                0x080003ba                Vector2B4
                0x080003ba                Vector2C8
                0x080003ba                MemManage_Handler
                0x080003ba                Vector6C
                0x080003ba                Vector238
                0x080003ba                VectorA0
                0x080003ba                VectorC4
                0x080003ba                Vector7C
                0x080003ba                Vector180
                0x080003ba                Vector288
                0x080003ba                Vector208
                0x080003ba                Vector90
                0x080003ba                Vector294
                0x080003ba                Vector114
                0x080003ba                Vector164
                0x080003ba                Vector60
                0x080003ba                Vector1BC
                0x080003ba                Vector1D4
                0x080003ba                Vector17C
                0x080003ba                Vector48
                0x080003ba                Vector240
                0x080003ba                Vector1A8
                0x080003ba                Vector16C
                0x080003ba                Vector228
                0x080003ba                Vector70
                0x080003ba                VectorD4
                0x080003ba                Vector2D4
                0x080003ba                Vector278
                0x080003ba                Vector4C
                0x080003ba                Vector144
                0x080003ba                Vector80
                0x080003ba                Vector15C
                0x080003ba                Vector68
                0x080003ba                Vector78
                0x080003ba                Vector230
                0x080003ba                Vector290
                0x080003ba                Vector1E8
                0x080003ba                Vector18C
                0x080003ba                Vector170
                0x080003ba                Vector220
                0x080003ba                Vector298
                0x080003ba                Vector88
                0x080003ba                Vector29C
                0x080003ba                Vector184
                0x080003ba                Vector10C
                0x080003ba                Vector21C
                0x080003ba                Vector268
                0x080003ba                Vector14C
                0x080003ba                BusFault_Handler
                0x080003ba                Vector50
                0x080003ba                Vector1C8
                0x080003ba                Vector194
                0x080003ba                Vector1DC
                0x080003ba                Vector154
                0x080003ba                Vector44
                0x080003ba                Vector28
                0x080003ba                VectorB8
                0x080003ba                Vector2A4
                0x080003ba                VectorFC
                0x080003ba                Vector34
                0x080003ba                Vector248
                0x080003ba                Vector128
                0x080003ba                VectorA4
                0x080003ba                Vector25C
                0x080003ba                Vector20
                0x080003ba                Vector174
                0x080003be                _unhandled_exception
 .text          0x080003c0       0x2a ./build/obj/chcoreasm.o
                0x080003c0                __port_switch
                0x080003d0                __port_thread_start
                0x080003e2                __port_switch_from_isr
                0x080003e6                __port_exit_from_isr
 *fill*         0x080003ea        0x2 
 .text          0x080003ec      0x134 c:/chibistudio/tools/gnu tools arm embedded/11.3 2022.08/bin/../lib/gcc/arm-none-eabi/11.3.1/thumb/v7e-m/nofp\libg.a(libc_a-memcpy.o)
                0x080003ec                memcpy
 *(.text.*)
 .text.__cpu_init
                0x08000520       0x80 ./build/obj/crt1.o
                0x08000520                __cpu_init
 .text.__late_init
                0x080005a0        0x4 ./build/obj/crt1.o
                0x080005a0                __late_init
 *fill*         0x080005a4        0xc 
 .text.__default_exit
                0x080005b0        0x4 ./build/obj/crt1.o
                0x080005b0                __default_exit
 *fill*         0x080005b4        0xc 
 .text.__init_ram_areas
                0x080005c0       0xc8 ./build/obj/crt1.o
                0x080005c0                __init_ram_areas
 *fill*         0x08000688        0x8 
 .text.halInit  0x08000690       0x20 ./build/obj/hal.o
                0x08000690                halInit
 .text.stInit   0x080006b0        0x4 ./build/obj/hal_st.o
                0x080006b0                stInit
 *fill*         0x080006b4        0xc 
 .text.stGetCounter
                0x080006c0        0x8 ./build/obj/hal_st.o
                0x080006c0                stGetCounter
 *fill*         0x080006c8        0x8 
 .text.stStartAlarm
                0x080006d0       0x10 ./build/obj/hal_st.o
                0x080006d0                stStartAlarm
 .text.stStopAlarm
                0x080006e0        0xc ./build/obj/hal_st.o
                0x080006e0                stStopAlarm
 *fill*         0x080006ec        0x4 
 .text.stSetAlarm
                0x080006f0        0x8 ./build/obj/hal_st.o
                0x080006f0                stSetAlarm
 *fill*         0x080006f8        0x8 
 .text.iq_read  0x08000700       0x5c ./build/obj/hal_queues.o
 *fill*         0x0800075c        0x4 
 .text.oq_write
                0x08000760       0x6c ./build/obj/hal_queues.o
 *fill*         0x080007cc        0x4 
 .text.iqObjectInit
                0x080007d0       0x20 ./build/obj/hal_queues.o
                0x080007d0                iqObjectInit
 .text.iqPutI   0x080007f0       0x38 ./build/obj/hal_queues.o
                0x080007f0                iqPutI
 *fill*         0x08000828        0x8 
 .text.iqGetTimeout
                0x08000830       0x50 ./build/obj/hal_queues.o
                0x08000830                iqGetTimeout
 .text.iqReadTimeout
                0x08000880       0x74 ./build/obj/hal_queues.o
                0x08000880                iqReadTimeout
 *fill*         0x080008f4        0xc 
 .text.oqObjectInit
                0x08000900       0x1c ./build/obj/hal_queues.o
                0x08000900                oqObjectInit
 *fill*         0x0800091c        0x4 
 .text.oqPutTimeout
                0x08000920       0x54 ./build/obj/hal_queues.o
                0x08000920                oqPutTimeout
 *fill*         0x08000974        0xc 
 .text.oqGetI   0x08000980       0x38 ./build/obj/hal_queues.o
                0x08000980                oqGetI
 *fill*         0x080009b8        0x8 
 .text.oqWriteTimeout
                0x080009c0       0x74 ./build/obj/hal_queues.o
                0x080009c0                oqWriteTimeout
 *fill*         0x08000a34        0xc 
 .text._mmcsd_get_slice
                0x08000a40       0x4c ./build/obj/hal_mmcsd.o
                0x08000a40                _mmcsd_get_slice
 *fill*         0x08000a8c        0x4 
 .text._mmcsd_get_capacity
                0x08000a90       0x3c ./build/obj/hal_mmcsd.o
                0x08000a90                _mmcsd_get_capacity
 *fill*         0x08000acc        0x4 
 .text._mmcsd_get_capacity_ext
                0x08000ad0       0x20 ./build/obj/hal_mmcsd.o
                0x08000ad0                _mmcsd_get_capacity_ext
 .text.sdcGetInfo
                0x08000af0       0x18 ./build/obj/hal_sdc.o
                0x08000af0                sdcGetInfo
 *fill*         0x08000b08        0x8 
 .text._sdc_wait_for_transfer_state_internal
                0x08000b10       0x50 ./build/obj/hal_sdc.o
 .text.sdcRead  0x08000b60       0x30 ./build/obj/hal_sdc.o
                0x08000b60                sdcRead
 .text.sdcWrite
                0x08000b90       0x30 ./build/obj/hal_sdc.o
                0x08000b90                sdcWrite
 .text.sdcSync  0x08000bc0       0x1c ./build/obj/hal_sdc.o
                0x08000bc0                sdcSync
 *fill*         0x08000bdc        0x4 
 .text.sdcDisconnect
                0x08000be0       0x3c ./build/obj/hal_sdc.o
                0x08000be0                sdcDisconnect
 *fill*         0x08000c1c        0x4 
 .text.sdcConnect
                0x08000c20      0x31c ./build/obj/hal_sdc.o
                0x08000c20                sdcConnect
 *fill*         0x08000f3c        0x4 
 .text._sdc_wait_for_transfer_state
                0x08000f40       0x48 ./build/obj/hal_sdc.o
                0x08000f40                _sdc_wait_for_transfer_state
 *fill*         0x08000f88        0x8 
 .text.sdcInit  0x08000f90        0x4 ./build/obj/hal_sdc.o
                0x08000f90                sdcInit
 *fill*         0x08000f94        0xc 
 .text.sdcObjectInit
                0x08000fa0       0x18 ./build/obj/hal_sdc.o
                0x08000fa0                sdcObjectInit
 *fill*         0x08000fb8        0x8 
 .text._readt   0x08000fc0        0x8 ./build/obj/hal_serial.o
 *fill*         0x08000fc8        0x8 
 .text._read    0x08000fd0        0xc ./build/obj/hal_serial.o
 *fill*         0x08000fdc        0x4 
 .text._writet  0x08000fe0        0x8 ./build/obj/hal_serial.o
 *fill*         0x08000fe8        0x8 
 .text._write   0x08000ff0        0xc ./build/obj/hal_serial.o
 *fill*         0x08000ffc        0x4 
 .text._gett    0x08001000        0x8 ./build/obj/hal_serial.o
 *fill*         0x08001008        0x8 
 .text._get     0x08001010        0xc ./build/obj/hal_serial.o
 *fill*         0x0800101c        0x4 
 .text._putt    0x08001020        0x8 ./build/obj/hal_serial.o
 *fill*         0x08001028        0x8 
 .text._put     0x08001030        0xc ./build/obj/hal_serial.o
 *fill*         0x0800103c        0x4 
 .text._ctl     0x08001040        0xc ./build/obj/hal_serial.o
 *fill*         0x0800104c        0x4 
 .text.sdInit   0x08001050        0x4 ./build/obj/hal_serial.o
                0x08001050                sdInit
 *fill*         0x08001054        0xc 
 .text.sdObjectInit
                0x08001060       0x14 ./build/obj/hal_serial.o
                0x08001060                sdObjectInit
 *fill*         0x08001074        0xc 
 .text.sdStart  0x08001080       0x1c ./build/obj/hal_serial.o
                0x08001080                sdStart
 *fill*         0x0800109c        0x4 
 .text.sdIncomingDataI
                0x080010a0       0x40 ./build/obj/hal_serial.o
                0x080010a0                sdIncomingDataI
 .text.nvicEnableVector
                0x080010e0       0x30 ./build/obj/nvic.o
                0x080010e0                nvicEnableVector
 .text.Vector104
                0x08001110       0x28 ./build/obj/stm32_isr.o
                0x08001110                Vector104
 *fill*         0x08001138        0x8 
 .text.VectorDC
                0x08001140       0x28 ./build/obj/stm32_isr.o
                0x08001140                VectorDC
 *fill*         0x08001168        0x8 
 .text.VectorB0
                0x08001170       0x20 ./build/obj/stm32_isr.o
                0x08001170                VectorB0
 .text.irqInit  0x08001190       0x28 ./build/obj/stm32_isr.o
                0x08001190                irqInit
 *fill*         0x080011b8        0x8 
 .text.hal_lld_init
                0x080011c0       0xe4 ./build/obj/hal_lld.o
                0x080011c0                hal_lld_init
 *fill*         0x080012a4        0xc 
 .text.stm32_clock_init
                0x080012b0      0x1f4 ./build/obj/hal_lld.o
                0x080012b0                stm32_clock_init
 *fill*         0x080014a4        0xc 
 .text._pal_lld_init
                0x080014b0        0x4 ./build/obj/hal_pal_lld.o
                0x080014b0                _pal_lld_init
 *fill*         0x080014b4        0xc 
 .text.sdc_lld_collect_errors
                0x080014c0       0x34 ./build/obj/hal_sdc_lld.o
 *fill*         0x080014f4        0xc 
 .text.sdc_lld_wait_transaction_end
                0x08001500       0x78 ./build/obj/hal_sdc_lld.o
 *fill*         0x08001578        0x8 
 .text.sdc_lld_init
                0x08001580       0x34 ./build/obj/hal_sdc_lld.o
                0x08001580                sdc_lld_init
 *fill*         0x080015b4        0xc 
 .text.sdc_lld_start_clk
                0x080015c0       0x44 ./build/obj/hal_sdc_lld.o
                0x080015c0                sdc_lld_start_clk
 *fill*         0x08001604        0xc 
 .text.sdc_lld_set_data_clk
                0x08001610       0x74 ./build/obj/hal_sdc_lld.o
                0x08001610                sdc_lld_set_data_clk
 *fill*         0x08001684        0xc 
 .text.sdc_lld_stop_clk
                0x08001690        0xc ./build/obj/hal_sdc_lld.o
                0x08001690                sdc_lld_stop_clk
 *fill*         0x0800169c        0x4 
 .text.sdc_lld_set_bus_mode
                0x080016a0       0x24 ./build/obj/hal_sdc_lld.o
                0x080016a0                sdc_lld_set_bus_mode
 *fill*         0x080016c4        0xc 
 .text.sdc_lld_send_cmd_none
                0x080016d0       0x18 ./build/obj/hal_sdc_lld.o
                0x080016d0                sdc_lld_send_cmd_none
 *fill*         0x080016e8        0x8 
 .text.sdc_lld_send_cmd_short
                0x080016f0       0x2c ./build/obj/hal_sdc_lld.o
                0x080016f0                sdc_lld_send_cmd_short
 *fill*         0x0800171c        0x4 
 .text.sdc_lld_send_cmd_short_crc
                0x08001720       0x2c ./build/obj/hal_sdc_lld.o
                0x08001720                sdc_lld_send_cmd_short_crc
 *fill*         0x0800174c        0x4 
 .text.sdc_lld_send_cmd_long_crc
                0x08001750       0x38 ./build/obj/hal_sdc_lld.o
                0x08001750                sdc_lld_send_cmd_long_crc
 *fill*         0x08001788        0x8 
 .text.sdc_lld_read_special
                0x08001790       0xf0 ./build/obj/hal_sdc_lld.o
                0x08001790                sdc_lld_read_special
 .text.sdc_lld_read_aligned
                0x08001880      0x174 ./build/obj/hal_sdc_lld.o
                0x08001880                sdc_lld_read_aligned
 *fill*         0x080019f4        0xc 
 .text.sdc_lld_write_aligned
                0x08001a00      0x174 ./build/obj/hal_sdc_lld.o
                0x08001a00                sdc_lld_write_aligned
 *fill*         0x08001b74        0xc 
 .text.sdc_lld_read
                0x08001b80       0x50 ./build/obj/hal_sdc_lld.o
                0x08001b80                sdc_lld_read
 .text.sdc_lld_write
                0x08001bd0       0x4c ./build/obj/hal_sdc_lld.o
                0x08001bd0                sdc_lld_write
 *fill*         0x08001c1c        0x4 
 .text.sdc_lld_sync
                0x08001c20        0x4 ./build/obj/hal_sdc_lld.o
                0x08001c20                sdc_lld_sync
 *fill*         0x08001c24        0xc 
 .text.sdc_lld_serve_interrupt
                0x08001c30       0x1c ./build/obj/hal_sdc_lld.o
                0x08001c30                sdc_lld_serve_interrupt
 *fill*         0x08001c4c        0x4 
 .text.st_lld_init
                0x08001c50       0x54 ./build/obj/hal_st_lld.o
                0x08001c50                st_lld_init
 *fill*         0x08001ca4        0xc 
 .text.st_lld_serve_interrupt
                0x08001cb0       0x2c ./build/obj/hal_st_lld.o
                0x08001cb0                st_lld_serve_interrupt
 *fill*         0x08001cdc        0x4 
 .text.notify3  0x08001ce0       0x10 ./build/obj/hal_serial_lld.o
 .text.sd_lld_init
                0x08001cf0       0x50 ./build/obj/hal_serial_lld.o
                0x08001cf0                sd_lld_init
 .text.sd_lld_start
                0x08001d40      0x10c ./build/obj/hal_serial_lld.o
                0x08001d40                sd_lld_start
 *fill*         0x08001e4c        0x4 
 .text.sd_lld_serve_interrupt
                0x08001e50      0x108 ./build/obj/hal_serial_lld.o
                0x08001e50                sd_lld_serve_interrupt
 *fill*         0x08001f58        0x8 
 .text.__early_init
                0x08001f60      0x1e4 ./build/obj/board.o
                0x08001f60                __early_init
 *fill*         0x08002144        0xc 
 .text.sdc_lld_is_card_inserted
                0x08002150        0x4 ./build/obj/board.o
                0x08002150                sdc_lld_is_card_inserted
 *fill*         0x08002154        0xc 
 .text.sdc_lld_is_write_protected
                0x08002160        0x4 ./build/obj/board.o
                0x08002160                sdc_lld_is_write_protected
 *fill*         0x08002164        0xc 
 .text.boardInit
                0x08002170        0x4 ./build/obj/board.o
                0x08002170                boardInit
 *fill*         0x08002174        0xc 
 .text.chSysInit
                0x08002180       0x58 ./build/obj/chsys.o
                0x08002180                chSysInit
 *fill*         0x080021d8        0x8 
 .text.chSysIntegrityCheckI
                0x080021e0       0xa4 ./build/obj/chsys.o
                0x080021e0                chSysIntegrityCheckI
 *fill*         0x08002284        0xc 
 .text.chSysTimerHandlerI
                0x08002290        0x4 ./build/obj/chsys.o
                0x08002290                chSysTimerHandlerI
 *fill*         0x08002294        0xc 
 .text.chSysGetStatusAndLockX
                0x080022a0       0x14 ./build/obj/chsys.o
                0x080022a0                chSysGetStatusAndLockX
 *fill*         0x080022b4        0xc 
 .text.chSysRestoreStatusX
                0x080022c0       0x20 ./build/obj/chsys.o
                0x080022c0                chSysRestoreStatusX
 .text.chRFCUCollectFaultsI
                0x080022e0       0x10 ./build/obj/chrfcu.o
                0x080022e0                chRFCUCollectFaultsI
 .text.trace_next.constprop.0
                0x080022f0       0x3c ./build/obj/chtrace.o
 *fill*         0x0800232c        0x4 
 .text.__trace_object_init
                0x08002330       0x24 ./build/obj/chtrace.o
                0x08002330                __trace_object_init
 *fill*         0x08002354        0xc 
 .text.__trace_ready
                0x08002360       0x2c ./build/obj/chtrace.o
                0x08002360                __trace_ready
 *fill*         0x0800238c        0x4 
 .text.__trace_switch
                0x08002390       0x30 ./build/obj/chtrace.o
                0x08002390                __trace_switch
 .text.__trace_isr_enter
                0x080023c0       0x30 ./build/obj/chtrace.o
                0x080023c0                __trace_isr_enter
 .text.__trace_isr_leave
                0x080023f0       0x30 ./build/obj/chtrace.o
                0x080023f0                __trace_isr_leave
 .text.vt_insert_first.constprop.0
                0x08002420       0x5c ./build/obj/chvt.o
 *fill*         0x0800247c        0x4 
 .text.vt_enqueue.constprop.0
                0x08002480       0xa8 ./build/obj/chvt.o
 *fill*         0x08002528        0x8 
 .text.chVTDoSetI
                0x08002530        0xc ./build/obj/chvt.o
                0x08002530                chVTDoSetI
 *fill*         0x0800253c        0x4 
 .text.chVTDoResetI
                0x08002540       0x94 ./build/obj/chvt.o
                0x08002540                chVTDoResetI
 *fill*         0x080025d4        0xc 
 .text.chVTDoTickI
                0x080025e0       0xfc ./build/obj/chvt.o
                0x080025e0                chVTDoTickI
 *fill*         0x080026dc        0x4 
 .text.chVTGetTimeStampI
                0x080026e0       0x20 ./build/obj/chvt.o
                0x080026e0                chVTGetTimeStampI
 .text.__sch_wakeup
                0x08002700       0x74 ./build/obj/chschd.o
 *fill*         0x08002774        0xc 
 .text.chSchReadyI
                0x08002780       0x2c ./build/obj/chschd.o
                0x08002780                chSchReadyI
 *fill*         0x080027ac        0x4 
 .text.chSchGoSleepS
                0x080027b0       0x34 ./build/obj/chschd.o
                0x080027b0                chSchGoSleepS
 *fill*         0x080027e4        0xc 
 .text.chSchGoSleepTimeoutS
                0x080027f0       0x80 ./build/obj/chschd.o
                0x080027f0                chSchGoSleepTimeoutS
 .text.chSchWakeupS
                0x08002870       0x78 ./build/obj/chschd.o
                0x08002870                chSchWakeupS
 *fill*         0x080028e8        0x8 
 .text.chSchIsPreemptionRequired
                0x080028f0       0x18 ./build/obj/chschd.o
                0x080028f0                chSchIsPreemptionRequired
 *fill*         0x08002908        0x8 
 .text.chSchDoPreemption
                0x08002910       0x54 ./build/obj/chschd.o
                0x08002910                chSchDoPreemption
 *fill*         0x08002964        0xc 
 .text.chSchRescheduleS
                0x08002970       0x18 ./build/obj/chschd.o
                0x08002970                chSchRescheduleS
 *fill*         0x08002988        0x8 
 .text.chSchDoYieldS
                0x08002990       0x5c ./build/obj/chschd.o
                0x08002990                chSchDoYieldS
 *fill*         0x080029ec        0x4 
 .text.__idle_thread
                0x080029f0        0x4 ./build/obj/chinstances.o
 *fill*         0x080029f4        0xc 
 .text.chInstanceObjectInit
                0x08002a00       0x98 ./build/obj/chinstances.o
                0x08002a00                chInstanceObjectInit
 *fill*         0x08002a98        0x8 
 .text.__thd_object_init
                0x08002aa0       0x40 ./build/obj/chthreads.o
                0x08002aa0                __thd_object_init
 .text.chThdCreateSuspendedI
                0x08002ae0       0x88 ./build/obj/chthreads.o
                0x08002ae0                chThdCreateSuspendedI
 *fill*         0x08002b68        0x8 
 .text.chThdCreateI
                0x08002b70       0x10 ./build/obj/chthreads.o
                0x08002b70                chThdCreateI
 .text.chThdCreate
                0x08002b80       0x20 ./build/obj/chthreads.o
                0x08002b80                chThdCreate
 .text.chThdCreateStatic
                0x08002ba0       0x7c ./build/obj/chthreads.o
                0x08002ba0                chThdCreateStatic
 *fill*         0x08002c1c        0x4 
 .text.chThdRelease
                0x08002c20       0x50 ./build/obj/chthreads.o
                0x08002c20                chThdRelease
 .text.chThdExit
                0x08002c70       0x58 ./build/obj/chthreads.o
                0x08002c70                chThdExit
 *fill*         0x08002cc8        0x8 
 .text.chThdWait
                0x08002cd0       0x80 ./build/obj/chthreads.o
                0x08002cd0                chThdWait
 .text.chThdSetPriority
                0x08002d50       0x30 ./build/obj/chthreads.o
                0x08002d50                chThdSetPriority
 .text.chThdTerminate
                0x08002d80       0x1c ./build/obj/chthreads.o
                0x08002d80                chThdTerminate
 *fill*         0x08002d9c        0x4 
 .text.chThdSleep
                0x08002da0       0x18 ./build/obj/chthreads.o
                0x08002da0                chThdSleep
 *fill*         0x08002db8        0x8 
 .text.chThdSleepUntil
                0x08002dc0       0x20 ./build/obj/chthreads.o
                0x08002dc0                chThdSleepUntil
 .text.chThdYield
                0x08002de0       0x14 ./build/obj/chthreads.o
                0x08002de0                chThdYield
 *fill*         0x08002df4        0xc 
 .text.chThdSuspendTimeoutS
                0x08002e00       0x1c ./build/obj/chthreads.o
                0x08002e00                chThdSuspendTimeoutS
 *fill*         0x08002e1c        0x4 
 .text.chThdResumeI
                0x08002e20       0x14 ./build/obj/chthreads.o
                0x08002e20                chThdResumeI
 *fill*         0x08002e34        0xc 
 .text.chThdResume
                0x08002e40       0x20 ./build/obj/chthreads.o
                0x08002e40                chThdResume
 .text.chThdEnqueueTimeoutS
                0x08002e60       0x28 ./build/obj/chthreads.o
                0x08002e60                chThdEnqueueTimeoutS
 *fill*         0x08002e88        0x8 
 .text.chThdDequeueNextI
                0x08002e90       0x18 ./build/obj/chthreads.o
                0x08002e90                chThdDequeueNextI
 *fill*         0x08002ea8        0x8 
 .text.chThdDequeueAllI
                0x08002eb0       0x20 ./build/obj/chthreads.o
                0x08002eb0                chThdDequeueAllI
 .text.chTMObjectInit
                0x08002ed0       0x1c ./build/obj/chtm.o
                0x08002ed0                chTMObjectInit
 *fill*         0x08002eec        0x4 
 .text.chTMStartMeasurementX
                0x08002ef0        0xc ./build/obj/chtm.o
                0x08002ef0                chTMStartMeasurementX
 *fill*         0x08002efc        0x4 
 .text.chTMStopMeasurementX
                0x08002f00       0x44 ./build/obj/chtm.o
                0x08002f00                chTMStopMeasurementX
 *fill*         0x08002f44        0xc 
 .text.chSemObjectInit
                0x08002f50        0x8 ./build/obj/chsem.o
                0x08002f50                chSemObjectInit
 *fill*         0x08002f58        0x8 
 .text.chSemResetWithMessage
                0x08002f60       0x34 ./build/obj/chsem.o
                0x08002f60                chSemResetWithMessage
 *fill*         0x08002f94        0xc 
 .text.chSemWait
                0x08002fa0       0x44 ./build/obj/chsem.o
                0x08002fa0                chSemWait
 *fill*         0x08002fe4        0xc 
 .text.chSemWaitS
                0x08002ff0       0x30 ./build/obj/chsem.o
                0x08002ff0                chSemWaitS
 .text.chSemWaitTimeout
                0x08003020       0x4c ./build/obj/chsem.o
                0x08003020                chSemWaitTimeout
 *fill*         0x0800306c        0x4 
 .text.chSemWaitTimeoutS
                0x08003070       0x3c ./build/obj/chsem.o
                0x08003070                chSemWaitTimeoutS
 *fill*         0x080030ac        0x4 
 .text.chSemSignal
                0x080030b0       0x34 ./build/obj/chsem.o
                0x080030b0                chSemSignal
 *fill*         0x080030e4        0xc 
 .text.chSemSignalI
                0x080030f0       0x20 ./build/obj/chsem.o
                0x080030f0                chSemSignalI
 .text.chSemAddCounterI
                0x08003110       0x30 ./build/obj/chsem.o
                0x08003110                chSemAddCounterI
 .text.chSemSignalWait
                0x08003140       0x64 ./build/obj/chsem.o
                0x08003140                chSemSignalWait
 *fill*         0x080031a4        0xc 
 .text.chMtxObjectInit
                0x080031b0        0xc ./build/obj/chmtx.o
                0x080031b0                chMtxObjectInit
 *fill*         0x080031bc        0x4 
 .text.chMtxLockS
                0x080031c0       0xc4 ./build/obj/chmtx.o
                0x080031c0                chMtxLockS
 *fill*         0x08003284        0xc 
 .text.chMtxLock
                0x08003290       0x14 ./build/obj/chmtx.o
                0x08003290                chMtxLock
 *fill*         0x080032a4        0xc 
 .text.chMtxTryLock
                0x080032b0       0x30 ./build/obj/chmtx.o
                0x080032b0                chMtxTryLock
 .text.chMtxUnlock
                0x080032e0       0x64 ./build/obj/chmtx.o
                0x080032e0                chMtxUnlock
 *fill*         0x08003344        0xc 
 .text.chMtxUnlockS
                0x08003350       0x50 ./build/obj/chmtx.o
                0x08003350                chMtxUnlockS
 .text.chMtxUnlockAllS
                0x080033a0       0x4c ./build/obj/chmtx.o
                0x080033a0                chMtxUnlockAllS
 *fill*         0x080033ec        0x4 
 .text.chMtxUnlockAll
                0x080033f0       0x14 ./build/obj/chmtx.o
                0x080033f0                chMtxUnlockAll
 *fill*         0x08003404        0xc 
 .text.chCondObjectInit
                0x08003410        0x8 ./build/obj/chcond.o
                0x08003410                chCondObjectInit
 *fill*         0x08003418        0x8 
 .text.chCondSignal
                0x08003420       0x24 ./build/obj/chcond.o
                0x08003420                chCondSignal
 *fill*         0x08003444        0xc 
 .text.chCondSignalI
                0x08003450       0x18 ./build/obj/chcond.o
                0x08003450                chCondSignalI
 *fill*         0x08003468        0x8 
 .text.chCondBroadcast
                0x08003470       0x34 ./build/obj/chcond.o
                0x08003470                chCondBroadcast
 *fill*         0x080034a4        0xc 
 .text.chCondWaitS
                0x080034b0       0x44 ./build/obj/chcond.o
                0x080034b0                chCondWaitS
 *fill*         0x080034f4        0xc 
 .text.chCondWait
                0x08003500       0x14 ./build/obj/chcond.o
                0x08003500                chCondWait
 *fill*         0x08003514        0xc 
 .text.chCondWaitTimeoutS
                0x08003520       0x4c ./build/obj/chcond.o
                0x08003520                chCondWaitTimeoutS
 *fill*         0x0800356c        0x4 
 .text.chCondWaitTimeout
                0x08003570       0x14 ./build/obj/chcond.o
                0x08003570                chCondWaitTimeout
 *fill*         0x08003584        0xc 
 .text.chEvtRegisterMaskWithFlags
                0x08003590       0x2c ./build/obj/chevents.o
                0x08003590                chEvtRegisterMaskWithFlags
 *fill*         0x080035bc        0x4 
 .text.chEvtUnregister
                0x080035c0       0x2c ./build/obj/chevents.o
                0x080035c0                chEvtUnregister
 *fill*         0x080035ec        0x4 
 .text.chEvtGetAndClearEvents
                0x080035f0       0x24 ./build/obj/chevents.o
                0x080035f0                chEvtGetAndClearEvents
 *fill*         0x08003614        0xc 
 .text.chEvtAddEvents
                0x08003620       0x1c ./build/obj/chevents.o
                0x08003620                chEvtAddEvents
 *fill*         0x0800363c        0x4 
 .text.chEvtSignal
                0x08003640       0x50 ./build/obj/chevents.o
                0x08003640                chEvtSignal
 .text.chEvtBroadcastFlagsI
                0x08003690       0x58 ./build/obj/chevents.o
                0x08003690                chEvtBroadcastFlagsI
 *fill*         0x080036e8        0x8 
 .text.chEvtBroadcastFlags
                0x080036f0       0x18 ./build/obj/chevents.o
                0x080036f0                chEvtBroadcastFlags
 *fill*         0x08003708        0x8 
 .text.chEvtDispatch
                0x08003710       0x34 ./build/obj/chevents.o
                0x08003710                chEvtDispatch
 *fill*         0x08003744        0xc 
 .text.chEvtWaitOne
                0x08003750       0x3c ./build/obj/chevents.o
                0x08003750                chEvtWaitOne
 *fill*         0x0800378c        0x4 
 .text.chEvtWaitAny
                0x08003790       0x38 ./build/obj/chevents.o
                0x08003790                chEvtWaitAny
 *fill*         0x080037c8        0x8 
 .text.chEvtWaitAll
                0x080037d0       0x34 ./build/obj/chevents.o
                0x080037d0                chEvtWaitAll
 *fill*         0x08003804        0xc 
 .text.chEvtWaitOneTimeout
                0x08003810       0x4c ./build/obj/chevents.o
                0x08003810                chEvtWaitOneTimeout
 *fill*         0x0800385c        0x4 
 .text.chEvtWaitAnyTimeout
                0x08003860       0x48 ./build/obj/chevents.o
                0x08003860                chEvtWaitAnyTimeout
 *fill*         0x080038a8        0x8 
 .text.chEvtWaitAllTimeout
                0x080038b0       0x4c ./build/obj/chevents.o
                0x080038b0                chEvtWaitAllTimeout
 *fill*         0x080038fc        0x4 
 .text.chMsgSend
                0x08003900       0x40 ./build/obj/chmsg.o
                0x08003900                chMsgSend
 .text.chMsgWaitS
                0x08003940       0x2c ./build/obj/chmsg.o
                0x08003940                chMsgWaitS
 *fill*         0x0800396c        0x4 
 .text.chMsgRelease
                0x08003970       0x14 ./build/obj/chmsg.o
                0x08003970                chMsgRelease
 *fill*         0x08003984        0xc 
 .text.chThdCreateFromHeap
                0x08003990       0x4c ./build/obj/chdynamic.o
                0x08003990                chThdCreateFromHeap
 *fill*         0x080039dc        0x4 
 .text.chThdCreateFromMemoryPool
                0x080039e0       0x54 ./build/obj/chdynamic.o
                0x080039e0                chThdCreateFromMemoryPool
 *fill*         0x08003a34        0xc 
 .text.chMBObjectInit
                0x08003a40       0x28 ./build/obj/chmboxes.o
                0x08003a40                chMBObjectInit
 *fill*         0x08003a68        0x8 
 .text.chMBReset
                0x08003a70       0x38 ./build/obj/chmboxes.o
                0x08003a70                chMBReset
 *fill*         0x08003aa8        0x8 
 .text.chMBResetI
                0x08003ab0       0x30 ./build/obj/chmboxes.o
                0x08003ab0                chMBResetI
 .text.chMBPostTimeoutS
                0x08003ae0       0x60 ./build/obj/chmboxes.o
                0x08003ae0                chMBPostTimeoutS
 .text.chMBPostTimeout
                0x08003b40       0x14 ./build/obj/chmboxes.o
                0x08003b40                chMBPostTimeout
 *fill*         0x08003b54        0xc 
 .text.chMBPostI
                0x08003b60       0x44 ./build/obj/chmboxes.o
                0x08003b60                chMBPostI
 *fill*         0x08003ba4        0xc 
 .text.chMBPostAheadTimeoutS
                0x08003bb0       0x5c ./build/obj/chmboxes.o
                0x08003bb0                chMBPostAheadTimeoutS
 *fill*         0x08003c0c        0x4 
 .text.chMBPostAheadTimeout
                0x08003c10       0x14 ./build/obj/chmboxes.o
                0x08003c10                chMBPostAheadTimeout
 *fill*         0x08003c24        0xc 
 .text.chMBPostAheadI
                0x08003c30       0x44 ./build/obj/chmboxes.o
                0x08003c30                chMBPostAheadI
 *fill*         0x08003c74        0xc 
 .text.chMBFetchTimeoutS
                0x08003c80       0x54 ./build/obj/chmboxes.o
                0x08003c80                chMBFetchTimeoutS
 *fill*         0x08003cd4        0xc 
 .text.chMBFetchTimeout
                0x08003ce0       0x14 ./build/obj/chmboxes.o
                0x08003ce0                chMBFetchTimeout
 *fill*         0x08003cf4        0xc 
 .text.chMBFetchI
                0x08003d00       0x40 ./build/obj/chmboxes.o
                0x08003d00                chMBFetchI
 .text.__core_init
                0x08003d40       0x18 ./build/obj/chmemcore.o
                0x08003d40                __core_init
 *fill*         0x08003d58        0x8 
 .text.chCoreAllocFromTopI
                0x08003d60       0x28 ./build/obj/chmemcore.o
                0x08003d60                chCoreAllocFromTopI
 *fill*         0x08003d88        0x8 
 .text.chCoreAllocFromTop
                0x08003d90       0x3c ./build/obj/chmemcore.o
                0x08003d90                chCoreAllocFromTop
 *fill*         0x08003dcc        0x4 
 .text.__heap_init
                0x08003dd0       0x1c ./build/obj/chmemheaps.o
                0x08003dd0                __heap_init
 *fill*         0x08003dec        0x4 
 .text.chHeapObjectInit
                0x08003df0       0x2c ./build/obj/chmemheaps.o
                0x08003df0                chHeapObjectInit
 *fill*         0x08003e1c        0x4 
 .text.chHeapAllocAligned
                0x08003e20      0x114 ./build/obj/chmemheaps.o
                0x08003e20                chHeapAllocAligned
 *fill*         0x08003f34        0xc 
 .text.chHeapFree
                0x08003f40       0x98 ./build/obj/chmemheaps.o
                0x08003f40                chHeapFree
 *fill*         0x08003fd8        0x8 
 .text.chHeapStatus
                0x08003fe0       0x64 ./build/obj/chmemheaps.o
                0x08003fe0                chHeapStatus
 *fill*         0x08004044        0xc 
 .text.chPoolObjectInitAligned
                0x08004050       0x10 ./build/obj/chmempools.o
                0x08004050                chPoolObjectInitAligned
 .text.chPoolLoadArray
                0x08004060       0x28 ./build/obj/chmempools.o
                0x08004060                chPoolLoadArray
 *fill*         0x08004088        0x8 
 .text.chPoolAlloc
                0x08004090       0x30 ./build/obj/chmempools.o
                0x08004090                chPoolAlloc
 .text.chPoolFree
                0x080040c0       0x14 ./build/obj/chmempools.o
                0x080040c0                chPoolFree
 *fill*         0x080040d4        0xc 
 .text.chGuardedPoolObjectInitAligned
                0x080040e0       0x14 ./build/obj/chmempools.o
                0x080040e0                chGuardedPoolObjectInitAligned
 *fill*         0x080040f4        0xc 
 .text.chGuardedPoolLoadArray
                0x08004100       0x38 ./build/obj/chmempools.o
                0x08004100                chGuardedPoolLoadArray
 *fill*         0x08004138        0x8 
 .text.chGuardedPoolAllocTimeout
                0x08004140       0x40 ./build/obj/chmempools.o
                0x08004140                chGuardedPoolAllocTimeout
 .text.chGuardedPoolFree
                0x08004180       0x20 ./build/obj/chmempools.o
                0x08004180                chGuardedPoolFree
 .text.chPipeObjectInit
                0x080041a0       0x34 ./build/obj/chpipes.o
                0x080041a0                chPipeObjectInit
 *fill*         0x080041d4        0xc 
 .text.chPipeReset
                0x080041e0       0x4c ./build/obj/chpipes.o
                0x080041e0                chPipeReset
 *fill*         0x0800422c        0x4 
 .text.chPipeWriteTimeout
                0x08004230       0xe4 ./build/obj/chpipes.o
                0x08004230                chPipeWriteTimeout
 *fill*         0x08004314        0xc 
 .text.chPipeReadTimeout
                0x08004320       0xe0 ./build/obj/chpipes.o
                0x08004320                chPipeReadTimeout
 .text.chCacheObjectInit
                0x08004400       0x80 ./build/obj/chobjcaches.o
                0x08004400                chCacheObjectInit
 .text.chCacheGetObject
                0x08004480      0x100 ./build/obj/chobjcaches.o
                0x08004480                chCacheGetObject
 .text.chCacheReleaseObjectI
                0x08004580       0x7c ./build/obj/chobjcaches.o
                0x08004580                chCacheReleaseObjectI
 *fill*         0x080045fc        0x4 
 .text.chCacheReadObject
                0x08004600       0x14 ./build/obj/chobjcaches.o
                0x08004600                chCacheReadObject
 *fill*         0x08004614        0xc 
 .text.__ch_delegate_fn0
                0x08004620        0xc ./build/obj/chdelegates.o
                0x08004620                __ch_delegate_fn0
 *fill*         0x0800462c        0x4 
 .text.__ch_delegate_fn1
                0x08004630       0x14 ./build/obj/chdelegates.o
                0x08004630                __ch_delegate_fn1
 *fill*         0x08004644        0xc 
 .text.__ch_delegate_fn2
                0x08004650       0x1c ./build/obj/chdelegates.o
                0x08004650                __ch_delegate_fn2
 *fill*         0x0800466c        0x4 
 .text.__ch_delegate_fn3
                0x08004670       0x20 ./build/obj/chdelegates.o
                0x08004670                __ch_delegate_fn3
 .text.__ch_delegate_fn4
                0x08004690       0x24 ./build/obj/chdelegates.o
                0x08004690                __ch_delegate_fn4
 *fill*         0x080046b4        0xc 
 .text.chDelegateCallVeneer
                0x080046c0       0x24 ./build/obj/chdelegates.o
                0x080046c0                chDelegateCallVeneer
 *fill*         0x080046e4        0xc 
 .text.chDelegateDispatch
                0x080046f0       0x28 ./build/obj/chdelegates.o
                0x080046f0                chDelegateDispatch
 *fill*         0x08004718        0x8 
 .text.chCoreAllocAlignedI
                0x08004720        0x8 ./build/obj/chfactory.o
 *fill*         0x08004728        0x8 
 .text.dyn_create_object_heap
                0x08004730       0x68 ./build/obj/chfactory.o
 *fill*         0x08004798        0x8 
 .text.__factory_init
                0x080047a0       0x54 ./build/obj/chfactory.o
                0x080047a0                __factory_init
 *fill*         0x080047f4        0xc 
 .text.chFactoryRegisterObject
                0x08004800       0x8c ./build/obj/chfactory.o
                0x08004800                chFactoryRegisterObject
 *fill*         0x0800488c        0x4 
 .text.chFactoryFindObject
                0x08004890       0x50 ./build/obj/chfactory.o
                0x08004890                chFactoryFindObject
 .text.chFactoryReleaseObject
                0x080048e0       0x54 ./build/obj/chfactory.o
                0x080048e0                chFactoryReleaseObject
 *fill*         0x08004934        0xc 
 .text.chFactoryCreateBuffer
                0x08004940       0x3c ./build/obj/chfactory.o
                0x08004940                chFactoryCreateBuffer
 *fill*         0x0800497c        0x4 
 .text.chFactoryFindBuffer
                0x08004980       0x50 ./build/obj/chfactory.o
                0x08004980                chFactoryFindBuffer
 .text.chFactoryReleaseBuffer
                0x080049d0       0x4c ./build/obj/chfactory.o
                0x080049d0                chFactoryReleaseBuffer
 *fill*         0x08004a1c        0x4 
 .text.chFactoryCreateSemaphore
                0x08004a20       0x90 ./build/obj/chfactory.o
                0x08004a20                chFactoryCreateSemaphore
 .text.chFactoryFindSemaphore
                0x08004ab0       0x50 ./build/obj/chfactory.o
                0x08004ab0                chFactoryFindSemaphore
 .text.chFactoryReleaseSemaphore
                0x08004b00       0x54 ./build/obj/chfactory.o
                0x08004b00                chFactoryReleaseSemaphore
 *fill*         0x08004b54        0xc 
 .text.chFactoryCreateMailbox
                0x08004b60       0x40 ./build/obj/chfactory.o
                0x08004b60                chFactoryCreateMailbox
 .text.chFactoryFindMailbox
                0x08004ba0       0x50 ./build/obj/chfactory.o
                0x08004ba0                chFactoryFindMailbox
 .text.chFactoryReleaseMailbox
                0x08004bf0       0x4c ./build/obj/chfactory.o
                0x08004bf0                chFactoryReleaseMailbox
 *fill*         0x08004c3c        0x4 
 .text.chFactoryCreateObjectsFIFO
                0x08004c40       0x70 ./build/obj/chfactory.o
                0x08004c40                chFactoryCreateObjectsFIFO
 .text.chFactoryFindObjectsFIFO
                0x08004cb0       0x50 ./build/obj/chfactory.o
                0x08004cb0                chFactoryFindObjectsFIFO
 .text.chFactoryReleaseObjectsFIFO
                0x08004d00       0x4c ./build/obj/chfactory.o
                0x08004d00                chFactoryReleaseObjectsFIFO
 *fill*         0x08004d4c        0x4 
 .text.chFactoryCreatePipe
                0x08004d50       0x3c ./build/obj/chfactory.o
                0x08004d50                chFactoryCreatePipe
 *fill*         0x08004d8c        0x4 
 .text.chFactoryFindPipe
                0x08004d90       0x50 ./build/obj/chfactory.o
                0x08004d90                chFactoryFindPipe
 .text.chFactoryReleasePipe
                0x08004de0       0x4c ./build/obj/chfactory.o
                0x08004de0                chFactoryReleasePipe
 *fill*         0x08004e2c        0x4 
 .text.SVC_Handler
                0x08004e30       0x14 ./build/obj/chcore.o
                0x08004e30                SVC_Handler
 *fill*         0x08004e44        0xc 
 .text.port_init
                0x08004e50       0x58 ./build/obj/chcore.o
                0x08004e50                port_init
 *fill*         0x08004ea8        0x8 
 .text.__port_irq_epilogue
                0x08004eb0       0x48 ./build/obj/chcore.o
                0x08004eb0                __port_irq_epilogue
 *fill*         0x08004ef8        0x8 
 .text.test_stream_putchar
                0x08004f00       0x18 ./build/obj/ch_test.o
 *fill*         0x08004f18        0x8 
 .text.test_execute_inner
                0x08004f20      0x260 ./build/obj/ch_test.o
 .text.__test_assert
                0x08005180       0x18 ./build/obj/ch_test.o
                0x08005180                __test_assert
 *fill*         0x08005198        0x8 
 .text.__test_assert_sequence
                0x080051a0       0x3c ./build/obj/ch_test.o
                0x080051a0                __test_assert_sequence
 *fill*         0x080051dc        0x4 
 .text.__test_assert_time_window
                0x080051e0       0x2c ./build/obj/ch_test.o
                0x080051e0                __test_assert_time_window
 *fill*         0x0800520c        0x4 
 .text.test_emit_token
                0x08005210       0x18 ./build/obj/ch_test.o
                0x08005210                test_emit_token
 *fill*         0x08005228        0x8 
 .text.test_execute_stream
                0x08005230       0x1c ./build/obj/ch_test.o
                0x08005230                test_execute_stream
 *fill*         0x0800524c        0x4 
 .text.test_putchar
                0x08005250       0x10 ./build/obj/ch_test_printf.o
                0x08005250                test_putchar
 .text.test_vprintf
                0x08005260      0x430 ./build/obj/ch_test_printf.o
                0x08005260                test_vprintf
 .text.test_printf
                0x08005690       0x1c ./build/obj/ch_test_printf.o
                0x08005690                test_printf
 *fill*         0x080056ac        0x4 
 .text.test_terminate_threads
                0x080056b0       0x1c ./build/obj/rt_test_root.o
                0x080056b0                test_terminate_threads
 *fill*         0x080056cc        0x4 
 .text.test_wait_threads
                0x080056d0       0x24 ./build/obj/rt_test_root.o
                0x080056d0                test_wait_threads
 *fill*         0x080056f4        0xc 
 .text.test_wait_tick
                0x08005700       0x1c ./build/obj/rt_test_root.o
                0x08005700                test_wait_tick
 *fill*         0x0800571c        0x4 
 .text.rt_test_001_003_execute
                0x08005720      0x3b0 ./build/obj/rt_test_sequence_001.o
 .text.rt_test_001_002_execute
                0x08005ad0       0xc4 ./build/obj/rt_test_sequence_001.o
 *fill*         0x08005b94        0xc 
 .text.rt_test_001_001_execute
                0x08005ba0       0xdc ./build/obj/rt_test_sequence_001.o
 *fill*         0x08005c7c        0x4 
 .text.rt_test_002_003_execute
                0x08005c80       0x24 ./build/obj/rt_test_sequence_002.o
 *fill*         0x08005ca4        0xc 
 .text.vtcb     0x08005cb0       0x20 ./build/obj/rt_test_sequence_002.o
 .text.rt_test_002_001_execute
                0x08005cd0       0xa8 ./build/obj/rt_test_sequence_002.o
 *fill*         0x08005d78        0x8 
 .text.rt_test_002_002_execute
                0x08005d80       0xc4 ./build/obj/rt_test_sequence_002.o
 *fill*         0x08005e44        0xc 
 .text.rt_test_003_001_execute
                0x08005e50       0x1c ./build/obj/rt_test_sequence_003.o
 *fill*         0x08005e6c        0x4 
 .text.rt_test_003_002_execute
                0x08005e70       0xac ./build/obj/rt_test_sequence_003.o
 *fill*         0x08005f1c        0x4 
 .text.rt_test_004_001_execute
                0x08005f20       0x70 ./build/obj/rt_test_sequence_004.o
 .text.rt_test_005_004_execute
                0x08005f90       0xe8 ./build/obj/rt_test_sequence_005.o
 *fill*         0x08006078        0x8 
 .text.rt_test_005_003_execute
                0x08006080       0x8c ./build/obj/rt_test_sequence_005.o
 *fill*         0x0800610c        0x4 
 .text.rt_test_005_002_execute
                0x08006110      0x218 ./build/obj/rt_test_sequence_005.o
 *fill*         0x08006328        0x8 
 .text.thread   0x08006330        0x8 ./build/obj/rt_test_sequence_005.o
 *fill*         0x08006338        0x8 
 .text.rt_test_005_001_execute
                0x08006340       0xc4 ./build/obj/rt_test_sequence_005.o
 *fill*         0x08006404        0xc 
 .text.rt_test_006_001_setup
                0x08006410        0xc ./build/obj/rt_test_sequence_006.o
 *fill*         0x0800641c        0x4 
 .text.thread1  0x08006420       0x2c ./build/obj/rt_test_sequence_006.o
 *fill*         0x0800644c        0x4 
 .text.rt_test_006_001_execute
                0x08006450       0xec ./build/obj/rt_test_sequence_006.o
 *fill*         0x0800653c        0x4 
 .text.rt_test_007_002_setup
                0x08006540        0xc ./build/obj/rt_test_sequence_007.o
 *fill*         0x0800654c        0x4 
 .text.rt_test_007_001_setup
                0x08006550        0xc ./build/obj/rt_test_sequence_007.o
 *fill*         0x0800655c        0x4 
 .text.rt_test_007_001_teardown
                0x08006560       0x10 ./build/obj/rt_test_sequence_007.o
 .text.rt_test_007_005_teardown
                0x08006570        0x4 ./build/obj/rt_test_sequence_007.o
 *fill*         0x08006574        0xc 
 .text.rt_test_007_005_execute
                0x08006580       0xb4 ./build/obj/rt_test_sequence_007.o
 *fill*         0x08006634        0xc 
 .text.thread3  0x08006640       0x18 ./build/obj/rt_test_sequence_007.o
 *fill*         0x08006658        0x8 
 .text.rt_test_007_001_execute
                0x08006660       0xc4 ./build/obj/rt_test_sequence_007.o
 *fill*         0x08006724        0xc 
 .text.rt_test_007_004_execute
                0x08006730       0xa0 ./build/obj/rt_test_sequence_007.o
 .text.rt_test_007_002_execute
                0x080067d0       0xfc ./build/obj/rt_test_sequence_007.o
 *fill*         0x080068cc        0x4 
 .text.thread1  0x080068d0       0x18 ./build/obj/rt_test_sequence_007.o
 *fill*         0x080068e8        0x8 
 .text.thread2  0x080068f0       0x28 ./build/obj/rt_test_sequence_007.o
 *fill*         0x08006918        0x8 
 .text.rt_test_007_003_execute
                0x08006920      0x170 ./build/obj/rt_test_sequence_007.o
 .text.rt_test_007_006_teardown
                0x08006a90        0x4 ./build/obj/rt_test_sequence_007.o
 *fill*         0x08006a94        0xc 
 .text.thread4  0x08006aa0       0x2c ./build/obj/rt_test_sequence_007.o
 *fill*         0x08006acc        0x4 
 .text.rt_test_007_003_setup
                0x08006ad0        0xc ./build/obj/rt_test_sequence_007.o
 *fill*         0x08006adc        0x4 
 .text.rt_test_007_004_setup
                0x08006ae0        0xc ./build/obj/rt_test_sequence_007.o
 *fill*         0x08006aec        0x4 
 .text.rt_test_007_005_setup
                0x08006af0        0xc ./build/obj/rt_test_sequence_007.o
 *fill*         0x08006afc        0x4 
 .text.rt_test_007_006_execute
                0x08006b00      0x1b8 ./build/obj/rt_test_sequence_007.o
 *fill*         0x08006cb8        0x8 
 .text.rt_test_008_004_teardown
                0x08006cc0        0x4 ./build/obj/rt_test_sequence_008.o
 *fill*         0x08006cc4        0xc 
 .text.rt_test_008_009_execute
                0x08006cd0       0xbc ./build/obj/rt_test_sequence_008.o
 *fill*         0x08006d8c        0x4 
 .text.thread9  0x08006d90       0x20 ./build/obj/rt_test_sequence_008.o
 .text.thread1  0x08006db0       0x20 ./build/obj/rt_test_sequence_008.o
 .text.thread6  0x08006dd0       0x2c ./build/obj/rt_test_sequence_008.o
 *fill*         0x08006dfc        0x4 
 .text.thread8  0x08006e00       0x40 ./build/obj/rt_test_sequence_008.o
 .text.rt_test_008_009_setup
                0x08006e40       0x24 ./build/obj/rt_test_sequence_008.o
 *fill*         0x08006e64        0xc 
 .text.rt_test_008_007_setup
                0x08006e70       0x1c ./build/obj/rt_test_sequence_008.o
 *fill*         0x08006e8c        0x4 
 .text.rt_test_008_004_setup
                0x08006e90       0x1c ./build/obj/rt_test_sequence_008.o
 *fill*         0x08006eac        0x4 
 .text.rt_test_008_001_setup
                0x08006eb0        0xc ./build/obj/rt_test_sequence_008.o
 *fill*         0x08006ebc        0x4 
 .text.rt_test_008_008_execute
                0x08006ec0       0xd4 ./build/obj/rt_test_sequence_008.o
 *fill*         0x08006f94        0xc 
 .text.rt_test_008_007_execute
                0x08006fa0       0xfc ./build/obj/rt_test_sequence_008.o
 *fill*         0x0800709c        0x4 
 .text.rt_test_008_001_execute
                0x080070a0       0xf8 ./build/obj/rt_test_sequence_008.o
 *fill*         0x08007198        0x8 
 .text.rt_test_008_005_execute
                0x080071a0      0x114 ./build/obj/rt_test_sequence_008.o
 *fill*         0x080072b4        0xc 
 .text.rt_test_008_004_execute
                0x080072c0      0x148 ./build/obj/rt_test_sequence_008.o
 *fill*         0x08007408        0x8 
 .text.thread4A
                0x08007410       0x20 ./build/obj/rt_test_sequence_008.o
 .text.thread4B
                0x08007430       0x30 ./build/obj/rt_test_sequence_008.o
 .text.rt_test_008_005_setup
                0x08007460        0xc ./build/obj/rt_test_sequence_008.o
 *fill*         0x0800746c        0x4 
 .text.rt_test_008_008_setup
                0x08007470       0x1c ./build/obj/rt_test_sequence_008.o
 *fill*         0x0800748c        0x4 
 .text.msg_thread1
                0x08007490       0x28 ./build/obj/rt_test_sequence_009.o
 *fill*         0x080074b8        0x8 
 .text.rt_test_009_001_execute
                0x080074c0       0x7c ./build/obj/rt_test_sequence_009.o
 *fill*         0x0800753c        0x4 
 .text.rt_test_010_007_setup
                0x08007540       0x1c ./build/obj/rt_test_sequence_010.o
 *fill*         0x0800755c        0x4 
 .text.rt_test_010_002_setup
                0x08007560        0x8 ./build/obj/rt_test_sequence_010.o
 *fill*         0x08007568        0x8 
 .text.evt_thread7
                0x08007570       0x28 ./build/obj/rt_test_sequence_010.o
 *fill*         0x08007598        0x8 
 .text.rt_test_010_007_execute
                0x080075a0       0xf0 ./build/obj/rt_test_sequence_010.o
 .text.rt_test_010_001_execute
                0x08007690       0xc8 ./build/obj/rt_test_sequence_010.o
 *fill*         0x08007758        0x8 
 .text.evt_thread3
                0x08007760       0x18 ./build/obj/rt_test_sequence_010.o
 *fill*         0x08007778        0x8 
 .text.rt_test_010_002_execute
                0x08007780       0x2c ./build/obj/rt_test_sequence_010.o
 *fill*         0x080077ac        0x4 
 .text.h3       0x080077b0        0x8 ./build/obj/rt_test_sequence_010.o
 *fill*         0x080077b8        0x8 
 .text.h2       0x080077c0        0x8 ./build/obj/rt_test_sequence_010.o
 *fill*         0x080077c8        0x8 
 .text.h1       0x080077d0        0x8 ./build/obj/rt_test_sequence_010.o
 *fill*         0x080077d8        0x8 
 .text.rt_test_010_006_execute
                0x080077e0       0xb8 ./build/obj/rt_test_sequence_010.o
 *fill*         0x08007898        0x8 
 .text.rt_test_010_005_execute
                0x080078a0       0xf0 ./build/obj/rt_test_sequence_010.o
 .text.rt_test_010_004_execute
                0x08007990       0xec ./build/obj/rt_test_sequence_010.o
 *fill*         0x08007a7c        0x4 
 .text.rt_test_010_003_execute
                0x08007a80      0x124 ./build/obj/rt_test_sequence_010.o
 *fill*         0x08007ba4        0xc 
 .text.rt_test_010_006_setup
                0x08007bb0        0x8 ./build/obj/rt_test_sequence_010.o
 *fill*         0x08007bb8        0x8 
 .text.rt_test_010_003_setup
                0x08007bc0        0x8 ./build/obj/rt_test_sequence_010.o
 *fill*         0x08007bc8        0x8 
 .text.rt_test_010_004_setup
                0x08007bd0        0x8 ./build/obj/rt_test_sequence_010.o
 *fill*         0x08007bd8        0x8 
 .text.rt_test_010_005_setup
                0x08007be0        0x8 ./build/obj/rt_test_sequence_010.o
 *fill*         0x08007be8        0x8 
 .text.rt_test_011_002_execute
                0x08007bf0      0x16c ./build/obj/rt_test_sequence_011.o
 *fill*         0x08007d5c        0x4 
 .text.dyn_thread1
                0x08007d60        0x8 ./build/obj/rt_test_sequence_011.o
 *fill*         0x08007d68        0x8 
 .text.rt_test_011_002_setup
                0x08007d70       0x14 ./build/obj/rt_test_sequence_011.o
 *fill*         0x08007d84        0xc 
 .text.rt_test_011_001_execute
                0x08007d90      0x16c ./build/obj/rt_test_sequence_011.o
 *fill*         0x08007efc        0x4 
 .text.rt_test_011_001_setup
                0x08007f00       0x14 ./build/obj/rt_test_sequence_011.o
 *fill*         0x08007f14        0xc 
 .text.tmo      0x08007f20        0x4 ./build/obj/rt_test_sequence_012.o
 *fill*         0x08007f24        0xc 
 .text.rt_test_012_012_execute
                0x08007f30      0x150 ./build/obj/rt_test_sequence_012.o
 .text.rt_test_012_011_execute
                0x08008080       0x98 ./build/obj/rt_test_sequence_012.o
 *fill*         0x08008118        0x8 
 .text.rt_test_012_011_setup
                0x08008120        0xc ./build/obj/rt_test_sequence_012.o
 *fill*         0x0800812c        0x4 
 .text.bmk_thread7
                0x08008130       0x2c ./build/obj/rt_test_sequence_012.o
 *fill*         0x0800815c        0x4 
 .text.rt_test_012_010_execute
                0x08008160       0x98 ./build/obj/rt_test_sequence_012.o
 *fill*         0x080081f8        0x8 
 .text.rt_test_012_010_setup
                0x08008200        0xc ./build/obj/rt_test_sequence_012.o
 *fill*         0x0800820c        0x4 
 .text.rt_test_012_007_setup
                0x08008210        0xc ./build/obj/rt_test_sequence_012.o
 *fill*         0x0800821c        0x4 
 .text.rt_test_012_009_execute
                0x08008220       0xa8 ./build/obj/rt_test_sequence_012.o
 *fill*         0x080082c8        0x8 
 .text.rt_test_012_008_execute
                0x080082d0      0x100 ./build/obj/rt_test_sequence_012.o
 .text.bmk_thread8
                0x080083d0       0x2c ./build/obj/rt_test_sequence_012.o
 *fill*         0x080083fc        0x4 
 .text.rt_test_012_007_execute
                0x08008400      0x134 ./build/obj/rt_test_sequence_012.o
 *fill*         0x08008534        0xc 
 .text.rt_test_012_006_execute
                0x08008540       0x98 ./build/obj/rt_test_sequence_012.o
 *fill*         0x080085d8        0x8 
 .text.bmk_thread3
                0x080085e0        0x4 ./build/obj/rt_test_sequence_012.o
 *fill*         0x080085e4        0xc 
 .text.rt_test_012_005_execute
                0x080085f0       0x98 ./build/obj/rt_test_sequence_012.o
 *fill*         0x08008688        0x8 
 .text.rt_test_012_004_execute
                0x08008690       0xe4 ./build/obj/rt_test_sequence_012.o
 *fill*         0x08008774        0xc 
 .text.bmk_thread4
                0x08008780       0x24 ./build/obj/rt_test_sequence_012.o
 *fill*         0x080087a4        0xc 
 .text.bmk_thread1
                0x080087b0       0x20 ./build/obj/rt_test_sequence_012.o
 .text.msg_loop_test
                0x080087d0       0x30 ./build/obj/rt_test_sequence_012.o
 .text.rt_test_012_003_execute
                0x08008800      0x10c ./build/obj/rt_test_sequence_012.o
 *fill*         0x0800890c        0x4 
 .text.rt_test_012_002_execute
                0x08008910       0x98 ./build/obj/rt_test_sequence_012.o
 *fill*         0x080089a8        0x8 
 .text.rt_test_012_001_execute
                0x080089b0       0x98 ./build/obj/rt_test_sequence_012.o
 *fill*         0x08008a48        0x8 
 .text.oslib_test_001_003_execute
                0x08008a50      0x1ec ./build/obj/oslib_test_sequence_001.o
 *fill*         0x08008c3c        0x4 
 .text.oslib_test_001_002_execute
                0x08008c40       0xc4 ./build/obj/oslib_test_sequence_001.o
 *fill*         0x08008d04        0xc 
 .text.oslib_test_001_001_execute
                0x08008d10       0xdc ./build/obj/oslib_test_sequence_001.o
 *fill*         0x08008dec        0x4 
 .text.oslib_test_002_001_teardown
                0x08008df0        0xc ./build/obj/oslib_test_sequence_002.o
 *fill*         0x08008dfc        0x4 
 .text.oslib_test_002_003_execute
                0x08008e00      0x124 ./build/obj/oslib_test_sequence_002.o
 *fill*         0x08008f24        0xc 
 .text.oslib_test_002_001_setup
                0x08008f30       0x14 ./build/obj/oslib_test_sequence_002.o
 *fill*         0x08008f44        0xc 
 .text.oslib_test_002_002_execute
                0x08008f50      0x2e8 ./build/obj/oslib_test_sequence_002.o
 *fill*         0x08009238        0x8 
 .text.oslib_test_002_001_execute
                0x08009240      0x338 ./build/obj/oslib_test_sequence_002.o
 *fill*         0x08009578        0x8 
 .text.oslib_test_002_003_teardown
                0x08009580        0xc ./build/obj/oslib_test_sequence_002.o
 *fill*         0x0800958c        0x4 
 .text.oslib_test_002_002_teardown
                0x08009590        0xc ./build/obj/oslib_test_sequence_002.o
 *fill*         0x0800959c        0x4 
 .text.oslib_test_002_002_setup
                0x080095a0       0x14 ./build/obj/oslib_test_sequence_002.o
 *fill*         0x080095b4        0xc 
 .text.oslib_test_002_003_setup
                0x080095c0       0x14 ./build/obj/oslib_test_sequence_002.o
 *fill*         0x080095d4        0xc 
 .text.oslib_test_003_002_execute
                0x080095e0       0xac ./build/obj/oslib_test_sequence_003.o
 *fill*         0x0800968c        0x4 
 .text.oslib_test_003_002_setup
                0x08009690       0x14 ./build/obj/oslib_test_sequence_003.o
 *fill*         0x080096a4        0xc 
 .text.oslib_test_003_001_setup
                0x080096b0       0x14 ./build/obj/oslib_test_sequence_003.o
 *fill*         0x080096c4        0xc 
 .text.oslib_test_003_001_execute
                0x080096d0      0x504 ./build/obj/oslib_test_sequence_003.o
 *fill*         0x08009bd4        0xc 
 .text.job_slow
                0x08009be0       0x14 ./build/obj/oslib_test_sequence_004.o
 *fill*         0x08009bf4        0xc 
 .text.Thread1  0x08009c00       0x38 ./build/obj/oslib_test_sequence_004.o
 *fill*         0x08009c38        0x8 
 .text.oslib_test_004_001_execute
                0x08009c40      0x130 ./build/obj/oslib_test_sequence_004.o
 .text.dis_func_end
                0x08009d70       0x18 ./build/obj/oslib_test_sequence_005.o
 *fill*         0x08009d88        0x8 
 .text.dis_func4
                0x08009d90       0x28 ./build/obj/oslib_test_sequence_005.o
 *fill*         0x08009db8        0x8 
 .text.dis_func3
                0x08009dc0       0x20 ./build/obj/oslib_test_sequence_005.o
 .text.dis_func2
                0x08009de0       0x18 ./build/obj/oslib_test_sequence_005.o
 *fill*         0x08009df8        0x8 
 .text.dis_func1
                0x08009e00       0x10 ./build/obj/oslib_test_sequence_005.o
 .text.dis_func0
                0x08009e10       0x10 ./build/obj/oslib_test_sequence_005.o
 .text.Thread1  0x08009e20       0x24 ./build/obj/oslib_test_sequence_005.o
 *fill*         0x08009e44        0xc 
 .text.oslib_test_005_001_execute
                0x08009e50      0x18c ./build/obj/oslib_test_sequence_005.o
 *fill*         0x08009fdc        0x4 
 .text.obj_write
                0x08009fe0       0x10 ./build/obj/oslib_test_sequence_006.o
 .text.obj_read
                0x08009ff0       0x3c ./build/obj/oslib_test_sequence_006.o
 *fill*         0x0800a02c        0x4 
 .text.oslib_test_006_001_execute
                0x0800a030      0x310 ./build/obj/oslib_test_sequence_006.o
 .text.null_provider
                0x0800a340        0x4 ./build/obj/oslib_test_sequence_007.o
 *fill*         0x0800a344        0xc 
 .text.oslib_test_007_003_execute
                0x0800a350       0x30 ./build/obj/oslib_test_sequence_007.o
 .text.oslib_test_007_002_setup
                0x0800a380       0x10 ./build/obj/oslib_test_sequence_007.o
 .text.oslib_test_007_002_execute
                0x0800a390       0xc4 ./build/obj/oslib_test_sequence_007.o
 *fill*         0x0800a454        0xc 
 .text.oslib_test_007_001_execute
                0x0800a460       0xe8 ./build/obj/oslib_test_sequence_007.o
 *fill*         0x0800a548        0x8 
 .text.oslib_test_007_001_setup
                0x0800a550       0x10 ./build/obj/oslib_test_sequence_007.o
 .text.oslib_test_007_003_setup
                0x0800a560       0x10 ./build/obj/oslib_test_sequence_007.o
 .text.oslib_test_008_002_execute
                0x0800a570       0x6c ./build/obj/oslib_test_sequence_008.o
 *fill*         0x0800a5dc        0x4 
 .text.oslib_test_008_001_execute
                0x0800a5e0      0x354 ./build/obj/oslib_test_sequence_008.o
 *fill*         0x0800a934        0xc 
 .text.oslib_test_008_001_setup
                0x0800a940       0x14 ./build/obj/oslib_test_sequence_008.o
 *fill*         0x0800a954        0xc 
 .text.oslib_test_009_006_teardown
                0x0800a960       0x24 ./build/obj/oslib_test_sequence_009.o
 *fill*         0x0800a984        0xc 
 .text.oslib_test_009_005_teardown
                0x0800a990       0x24 ./build/obj/oslib_test_sequence_009.o
 *fill*         0x0800a9b4        0xc 
 .text.oslib_test_009_004_teardown
                0x0800a9c0       0x24 ./build/obj/oslib_test_sequence_009.o
 *fill*         0x0800a9e4        0xc 
 .text.oslib_test_009_003_teardown
                0x0800a9f0       0x24 ./build/obj/oslib_test_sequence_009.o
 *fill*         0x0800aa14        0xc 
 .text.oslib_test_009_002_teardown
                0x0800aa20       0x24 ./build/obj/oslib_test_sequence_009.o
 *fill*         0x0800aa44        0xc 
 .text.oslib_test_009_001_teardown
                0x0800aa50       0x24 ./build/obj/oslib_test_sequence_009.o
 *fill*         0x0800aa74        0xc 
 .text.oslib_test_009_006_execute
                0x0800aa80      0x140 ./build/obj/oslib_test_sequence_009.o
 .text.oslib_test_009_005_execute
                0x0800abc0      0x148 ./build/obj/oslib_test_sequence_009.o
 *fill*         0x0800ad08        0x8 
 .text.oslib_test_009_004_execute
                0x0800ad10      0x140 ./build/obj/oslib_test_sequence_009.o
 .text.oslib_test_009_003_execute
                0x0800ae50      0x140 ./build/obj/oslib_test_sequence_009.o
 .text.oslib_test_009_002_execute
                0x0800af90      0x140 ./build/obj/oslib_test_sequence_009.o
 .text.oslib_test_009_001_execute
                0x0800b0d0      0x180 ./build/obj/oslib_test_sequence_009.o
 .text.Thread1  0x0800b250       0x60 ./build/obj/main.o
 .text.startup.main
                0x0800b2b0       0x64 ./build/obj/main.o
                0x0800b2b0                main
 .text.memcmp   0x0800b314       0x64 c:/chibistudio/tools/gnu tools arm embedded/11.3 2022.08/bin/../lib/gcc/arm-none-eabi/11.3.1/thumb/v7e-m/nofp\libg.a(libc_a-memcmp.o)
                0x0800b314                memcmp
 .text.memset   0x0800b378       0xa4 c:/chibistudio/tools/gnu tools arm embedded/11.3 2022.08/bin/../lib/gcc/arm-none-eabi/11.3.1/thumb/v7e-m/nofp\libg.a(libc_a-memset.o)
                0x0800b378                memset
 .text.strncmp  0x0800b41c       0x8c c:/chibistudio/tools/gnu tools arm embedded/11.3 2022.08/bin/../lib/gcc/arm-none-eabi/11.3.1/thumb/v7e-m/nofp\libg.a(libc_a-strncmp.o)
                0x0800b41c                strncmp
 *(.glue_7t)
 .glue_7t       0x0800b4a8        0x0 linker stubs
 *(.glue_7)
 .glue_7        0x0800b4a8        0x0 linker stubs
 *(.gcc*)
                0x0800b4a8                __text_end__ = .

.vfp11_veneer   0x0800b4a8        0x0
 .vfp11_veneer  0x0800b4a8        0x0 linker stubs

.v4_bx          0x0800b4a8        0x0
 .v4_bx         0x0800b4a8        0x0 linker stubs

.iplt           0x0800b4a8        0x0
 .iplt          0x0800b4a8        0x0 ./build/obj/crt0_v7m.o

.rodata         0x0800b4a8     0x27b0
                0x0800b4a8                __rodata_base__ = .
 *(.rodata)
 *(.rodata.*)
 .rodata.ram_areas
                0x0800b4a8       0x80 ./build/obj/crt1.o
 .rodata.sdc_vmt
                0x0800b528       0x24 ./build/obj/hal_sdc.o
 .rodata.vmt    0x0800b54c       0x28 ./build/obj/hal_serial.o
 .rodata.__func__.0
                0x0800b574        0x9 ./build/obj/stm32_isr.o
 *fill*         0x0800b57d        0x3 
 .rodata.__func__.1
                0x0800b580        0x9 ./build/obj/stm32_isr.o
 *fill*         0x0800b589        0x3 
 .rodata.__func__.2
                0x0800b58c        0xa ./build/obj/stm32_isr.o
 *fill*         0x0800b596        0x2 
 .rodata.str1.4
                0x0800b598        0x3 ./build/obj/chsys.o
 *fill*         0x0800b59b        0x1 
 .rodata.ch_core0_cfg
                0x0800b59c       0x14 ./build/obj/chsys.o
                0x0800b59c                ch_core0_cfg
 .rodata.chInstanceObjectInit.str1.4
                0x0800b5b0        0x5 ./build/obj/chinstances.o
 *fill*         0x0800b5b5        0x3 
 .rodata.chThdCreateStatic.str1.4
                0x0800b5b8        0x7 ./build/obj/chthreads.o
 *fill*         0x0800b5bf        0x1 
 .rodata.ch_debug
                0x0800b5c0       0x2c ./build/obj/chregistry.o
                0x0800b5c0                ch_debug
 .rodata.test_execute_inner.str1.4
                0x0800b5ec      0x20f ./build/obj/ch_test.o
                                0x217 (size before relaxing)
 *fill*         0x0800b7fb        0x1 
 .rodata.test_vprintf.str1.4
                0x0800b7fc        0x7 ./build/obj/ch_test_printf.o
 *fill*         0x0800b803        0x1 
 .rodata.str1.4
                0x0800b804       0x16 ./build/obj/rt_test_root.o
 *fill*         0x0800b81a        0x2 
 .rodata.rt_test_suite
                0x0800b81c        0x8 ./build/obj/rt_test_root.o
                0x0800b81c                rt_test_suite
 .rodata.rt_test_suite_array
                0x0800b824       0x34 ./build/obj/rt_test_root.o
                0x0800b824                rt_test_suite_array
 .rodata.wa     0x0800b858       0x14 ./build/obj/rt_test_root.o
                0x0800b858                wa
 .rodata.rt_test_001_003_execute.str1.4
                0x0800b86c      0x585 ./build/obj/rt_test_sequence_001.o
                                0x591 (size before relaxing)
 *fill*         0x0800bdf1        0x3 
 .rodata.rt_test_001_002_execute.str1.4
                0x0800bdf4      0x115 ./build/obj/rt_test_sequence_001.o
 *fill*         0x0800bf09        0x3 
 .rodata.rt_test_001_001_execute.str1.4
                0x0800bf0c      0x175 ./build/obj/rt_test_sequence_001.o
 *fill*         0x0800c081        0x3 
 .rodata.str1.4
                0x0800c084       0x32 ./build/obj/rt_test_sequence_001.o
 *fill*         0x0800c0b6        0x2 
 .rodata.rt_test_001_001
                0x0800c0b8       0x10 ./build/obj/rt_test_sequence_001.o
 .rodata.rt_test_001_002
                0x0800c0c8       0x10 ./build/obj/rt_test_sequence_001.o
 .rodata.rt_test_001_003
                0x0800c0d8       0x10 ./build/obj/rt_test_sequence_001.o
 .rodata.rt_test_sequence_001
                0x0800c0e8        0x8 ./build/obj/rt_test_sequence_001.o
                0x0800c0e8                rt_test_sequence_001
 .rodata.rt_test_sequence_001_array
                0x0800c0f0       0x10 ./build/obj/rt_test_sequence_001.o
                0x0800c0f0                rt_test_sequence_001_array
 .rodata.rt_test_002_001_execute.str1.4
                0x0800c100       0x70 ./build/obj/rt_test_sequence_002.o
 .rodata.rt_test_002_002_execute.str1.4
                0x0800c170       0x12 ./build/obj/rt_test_sequence_002.o
 *fill*         0x0800c182        0x2 
 .rodata.str1.4
                0x0800c184       0x83 ./build/obj/rt_test_sequence_002.o
 *fill*         0x0800c207        0x1 
 .rodata.rt_test_002_001
                0x0800c208       0x10 ./build/obj/rt_test_sequence_002.o
 .rodata.rt_test_002_002
                0x0800c218       0x10 ./build/obj/rt_test_sequence_002.o
 .rodata.rt_test_002_003
                0x0800c228       0x10 ./build/obj/rt_test_sequence_002.o
 .rodata.rt_test_sequence_002
                0x0800c238        0x8 ./build/obj/rt_test_sequence_002.o
                0x0800c238                rt_test_sequence_002
 .rodata.rt_test_sequence_002_array
                0x0800c240       0x10 ./build/obj/rt_test_sequence_002.o
                0x0800c240                rt_test_sequence_002_array
 .rodata.rt_test_003_002_execute.str1.4
                0x0800c250        0xd ./build/obj/rt_test_sequence_003.o
                                 0x19 (size before relaxing)
 *fill*         0x0800c25d        0x3 
 .rodata.str1.4
                0x0800c260       0x62 ./build/obj/rt_test_sequence_003.o
 *fill*         0x0800c2c2        0x2 
 .rodata.rt_test_003_001
                0x0800c2c4       0x10 ./build/obj/rt_test_sequence_003.o
 .rodata.rt_test_003_002
                0x0800c2d4       0x10 ./build/obj/rt_test_sequence_003.o
 .rodata.rt_test_sequence_003
                0x0800c2e4        0x8 ./build/obj/rt_test_sequence_003.o
                0x0800c2e4                rt_test_sequence_003
 .rodata.rt_test_sequence_003_array
                0x0800c2ec        0xc ./build/obj/rt_test_sequence_003.o
                0x0800c2ec                rt_test_sequence_003_array
 .rodata.rt_test_004_001_execute.str1.4
                0x0800c2f8        0xe ./build/obj/rt_test_sequence_004.o
 *fill*         0x0800c306        0x2 
 .rodata.str1.4
                0x0800c308       0x36 ./build/obj/rt_test_sequence_004.o
 *fill*         0x0800c33e        0x2 
 .rodata.rt_test_004_001
                0x0800c340       0x10 ./build/obj/rt_test_sequence_004.o
 .rodata.rt_test_sequence_004
                0x0800c350        0x8 ./build/obj/rt_test_sequence_004.o
                0x0800c350                rt_test_sequence_004
 .rodata.rt_test_sequence_004_array
                0x0800c358        0x8 ./build/obj/rt_test_sequence_004.o
                0x0800c358                rt_test_sequence_004_array
 .rodata.rt_test_005_004_execute.str1.4
                0x0800c360       0x87 ./build/obj/rt_test_sequence_005.o
 *fill*         0x0800c3e7        0x1 
 .rodata.rt_test_005_002_execute.str1.4
                0x0800c3e8       0x2a ./build/obj/rt_test_sequence_005.o
                                 0x2e (size before relaxing)
 *fill*         0x0800c412        0x2 
 .rodata.rt_test_005_001_execute.str1.4
                0x0800c414       0x13 ./build/obj/rt_test_sequence_005.o
 *fill*         0x0800c427        0x1 
 .rodata.str1.4
                0x0800c428       0xaf ./build/obj/rt_test_sequence_005.o
 *fill*         0x0800c4d7        0x1 
 .rodata.rt_test_005_001
                0x0800c4d8       0x10 ./build/obj/rt_test_sequence_005.o
 .rodata.rt_test_005_002
                0x0800c4e8       0x10 ./build/obj/rt_test_sequence_005.o
 .rodata.rt_test_005_003
                0x0800c4f8       0x10 ./build/obj/rt_test_sequence_005.o
 .rodata.rt_test_005_004
                0x0800c508       0x10 ./build/obj/rt_test_sequence_005.o
 .rodata.rt_test_sequence_005
                0x0800c518        0x8 ./build/obj/rt_test_sequence_005.o
                0x0800c518                rt_test_sequence_005
 .rodata.rt_test_sequence_005_array
                0x0800c520       0x14 ./build/obj/rt_test_sequence_005.o
                0x0800c520                rt_test_sequence_005_array
 .rodata.rt_test_006_001_execute.str1.4
                0x0800c534       0x23 ./build/obj/rt_test_sequence_006.o
                                 0x3b (size before relaxing)
 *fill*         0x0800c557        0x1 
 .rodata.str1.4
                0x0800c558       0x31 ./build/obj/rt_test_sequence_006.o
 *fill*         0x0800c589        0x3 
 .rodata.rt_test_006_001
                0x0800c58c       0x10 ./build/obj/rt_test_sequence_006.o
 .rodata.rt_test_sequence_006
                0x0800c59c        0x8 ./build/obj/rt_test_sequence_006.o
                0x0800c59c                rt_test_sequence_006
 .rodata.rt_test_sequence_006_array
                0x0800c5a4        0x8 ./build/obj/rt_test_sequence_006.o
                0x0800c5a4                rt_test_sequence_006_array
 .rodata.rt_test_007_005_execute.str1.4
                0x0800c5ac       0x21 ./build/obj/rt_test_sequence_007.o
 *fill*         0x0800c5cd        0x3 
 .rodata.rt_test_007_001_execute.str1.4
                0x0800c5d0       0x14 ./build/obj/rt_test_sequence_007.o
                                 0x2b (size before relaxing)
 .rodata.rt_test_007_004_execute.str1.4
                0x0800c5e4       0x10 ./build/obj/rt_test_sequence_007.o
                                 0x25 (size before relaxing)
 .rodata.rt_test_007_002_execute.str1.4
                0x0800c5f4       0x16 ./build/obj/rt_test_sequence_007.o
 .rodata.rt_test_007_003_execute.str1.4
                0x0800c5f4       0x16 ./build/obj/rt_test_sequence_007.o
                                 0x2b (size before relaxing)
 *fill*         0x0800c60a        0x2 
 .rodata.rt_test_007_006_execute.str1.4
                0x0800c60c       0x3f ./build/obj/rt_test_sequence_007.o
                                 0x46 (size before relaxing)
 *fill*         0x0800c64b        0x1 
 .rodata.str1.4
                0x0800c64c       0xea ./build/obj/rt_test_sequence_007.o
 *fill*         0x0800c736        0x2 
 .rodata.rt_test_007_001
                0x0800c738       0x10 ./build/obj/rt_test_sequence_007.o
 .rodata.rt_test_007_002
                0x0800c748       0x10 ./build/obj/rt_test_sequence_007.o
 .rodata.rt_test_007_003
                0x0800c758       0x10 ./build/obj/rt_test_sequence_007.o
 .rodata.rt_test_007_004
                0x0800c768       0x10 ./build/obj/rt_test_sequence_007.o
 .rodata.rt_test_007_005
                0x0800c778       0x10 ./build/obj/rt_test_sequence_007.o
 .rodata.rt_test_007_006
                0x0800c788       0x10 ./build/obj/rt_test_sequence_007.o
 .rodata.rt_test_sequence_007
                0x0800c798        0x8 ./build/obj/rt_test_sequence_007.o
                0x0800c798                rt_test_sequence_007
 .rodata.rt_test_sequence_007_array
                0x0800c7a0       0x1c ./build/obj/rt_test_sequence_007.o
                0x0800c7a0                rt_test_sequence_007_array
 .rodata.rt_test_008_009_execute.str1.4
                0x0800c7bc        0x4 ./build/obj/rt_test_sequence_008.o
                                 0x24 (size before relaxing)
 .rodata.rt_test_008_008_execute.str1.4
                0x0800c7c0        0xe ./build/obj/rt_test_sequence_008.o
 .rodata.rt_test_008_001_execute.str1.4
                0x0800c7c0       0x15 ./build/obj/rt_test_sequence_008.o
 *fill*         0x0800c7d5        0x3 
 .rodata.rt_test_008_005_execute.str1.4
                0x0800c7d8       0x28 ./build/obj/rt_test_sequence_008.o
                                 0x38 (size before relaxing)
 .rodata.str1.4
                0x0800c800      0x104 ./build/obj/rt_test_sequence_008.o
 .rodata.rt_test_008_001
                0x0800c904       0x10 ./build/obj/rt_test_sequence_008.o
 .rodata.rt_test_008_004
                0x0800c914       0x10 ./build/obj/rt_test_sequence_008.o
 .rodata.rt_test_008_005
                0x0800c924       0x10 ./build/obj/rt_test_sequence_008.o
 .rodata.rt_test_008_007
                0x0800c934       0x10 ./build/obj/rt_test_sequence_008.o
 .rodata.rt_test_008_008
                0x0800c944       0x10 ./build/obj/rt_test_sequence_008.o
 .rodata.rt_test_008_009
                0x0800c954       0x10 ./build/obj/rt_test_sequence_008.o
 .rodata.rt_test_sequence_008
                0x0800c964        0x8 ./build/obj/rt_test_sequence_008.o
                0x0800c964                rt_test_sequence_008
 .rodata.rt_test_sequence_008_array
                0x0800c96c       0x1c ./build/obj/rt_test_sequence_008.o
                0x0800c96c                rt_test_sequence_008_array
 .rodata.rt_test_009_001_execute.str1.4
                0x0800c988        0x5 ./build/obj/rt_test_sequence_009.o
                                 0x19 (size before relaxing)
 *fill*         0x0800c98d        0x3 
 .rodata.str1.4
                0x0800c990       0x2d ./build/obj/rt_test_sequence_009.o
 *fill*         0x0800c9bd        0x3 
 .rodata.rt_test_009_001
                0x0800c9c0       0x10 ./build/obj/rt_test_sequence_009.o
 .rodata.rt_test_sequence_009
                0x0800c9d0        0x8 ./build/obj/rt_test_sequence_009.o
                0x0800c9d0                rt_test_sequence_009
 .rodata.rt_test_sequence_009_array
                0x0800c9d8        0x8 ./build/obj/rt_test_sequence_009.o
                0x0800c9d8                rt_test_sequence_009_array
 .rodata.rt_test_010_007_execute.str1.4
                0x0800c9e0       0x1b ./build/obj/rt_test_sequence_010.o
                                 0x33 (size before relaxing)
 *fill*         0x0800c9fb        0x1 
 .rodata.rt_test_010_001_execute.str1.4
                0x0800c9fc        0xc ./build/obj/rt_test_sequence_010.o
 .rodata.rt_test_010_002_execute.str1.4
                0x0800ca08       0x18 ./build/obj/rt_test_sequence_010.o
 .rodata.rt_test_010_006_execute.str1.4
                0x0800ca08        0xf ./build/obj/rt_test_sequence_010.o
 *fill*         0x0800ca17        0x1 
 .rodata.rt_test_010_005_execute.str1.4
                0x0800ca18       0x2a ./build/obj/rt_test_sequence_010.o
 *fill*         0x0800ca42        0x2 
 .rodata.rt_test_010_004_execute.str1.4
                0x0800ca44       0x11 ./build/obj/rt_test_sequence_010.o
 *fill*         0x0800ca55        0x3 
 .rodata.rt_test_010_003_execute.str1.4
                0x0800ca58       0x13 ./build/obj/rt_test_sequence_010.o
 *fill*         0x0800ca6b        0x1 
 .rodata.str1.4
                0x0800ca6c      0x104 ./build/obj/rt_test_sequence_010.o
 .rodata.evhndl
                0x0800cb70        0xc ./build/obj/rt_test_sequence_010.o
 .rodata.rt_test_010_001
                0x0800cb7c       0x10 ./build/obj/rt_test_sequence_010.o
 .rodata.rt_test_010_002
                0x0800cb8c       0x10 ./build/obj/rt_test_sequence_010.o
 .rodata.rt_test_010_003
                0x0800cb9c       0x10 ./build/obj/rt_test_sequence_010.o
 .rodata.rt_test_010_004