Archive member included to satisfy reference by file (symbol)

c:/chibistudio/tools/gnu tools arm embedded/11.3 2022.08/bin/../lib/gcc/arm-none-eabi/11.3.1/thumb/v7e-m/nofp\libgcc.a(_arm_mulsf3.o)
                              ./build/obj/drv_audio.o (__aeabi_fmul)
c:/chibistudio/tools/gnu tools arm embedded/11.3 2022.08/bin/../lib/gcc/arm-none-eabi/11.3.1/thumb/v7e-m/nofp\libgcc.a(_arm_addsubsf3.o)
                              ./build/obj/drv_audio.o (__aeabi_fsub)
c:/chibistudio/tools/gnu tools arm embedded/11.3 2022.08/bin/../lib/gcc/arm-none-eabi/11.3.1/thumb/v7e-m/nofp\libgcc.a(_arm_muldivsf3.o)
                              ./build/obj/drv_audio.o (__aeabi_fdiv)
c:/chibistudio/tools/gnu tools arm embedded/11.3 2022.08/bin/../lib/gcc/arm-none-eabi/11.3.1/thumb/v7e-m/nofp\libgcc.a(_arm_cmpsf2.o)
                              ./build/obj/drv_audio.o (__aeabi_fcmplt)
c:/chibistudio/tools/gnu tools arm embedded/11.3 2022.08/bin/../lib/gcc/arm-none-eabi/11.3.1/thumb/v7e-m/nofp\libgcc.a(_arm_fixsfsi.o)
                              ./build/obj/drv_audio.o (__aeabi_f2iz)
c:/chibistudio/tools/gnu tools arm embedded/11.3 2022.08/bin/../lib/gcc/arm-none-eabi/11.3.1/thumb/v7e-m/nofp\libgcc.a(_aeabi_uldivmod.o)
                              ./build/obj/hal_flash.o (__aeabi_uldivmod)
c:/chibistudio/tools/gnu tools arm embedded/11.3 2022.08/bin/../lib/gcc/arm-none-eabi/11.3.1/thumb/v7e-m/nofp\libgcc.a(_udivmoddi4.o)
                              c:/chibistudio/tools/gnu tools arm embedded/11.3 2022.08/bin/../lib/gcc/arm-none-eabi/11.3.1/thumb/v7e-m/nofp\libgcc.a(_aeabi_uldivmod.o) (__udivmoddi4)
c:/chibistudio/tools/gnu tools arm embedded/11.3 2022.08/bin/../lib/gcc/arm-none-eabi/11.3.1/thumb/v7e-m/nofp\libgcc.a(_dvmd_tls.o)
                              c:/chibistudio/tools/gnu tools arm embedded/11.3 2022.08/bin/../lib/gcc/arm-none-eabi/11.3.1/thumb/v7e-m/nofp\libgcc.a(_aeabi_uldivmod.o) (__aeabi_ldiv0)
c:/chibistudio/tools/gnu tools arm embedded/11.3 2022.08/bin/../lib/gcc/arm-none-eabi/11.3.1/thumb/v7e-m/nofp\libg.a(libc_a-abort.o)
                              ./build/obj/syscalls.o (abort)
c:/chibistudio/tools/gnu tools arm embedded/11.3 2022.08/bin/../lib/gcc/arm-none-eabi/11.3.1/thumb/v7e-m/nofp\libg.a(libc_a-ctype_.o)
                              ./build/obj/chscanf.o (_ctype_)
c:/chibistudio/tools/gnu tools arm embedded/11.3 2022.08/bin/../lib/gcc/arm-none-eabi/11.3.1/thumb/v7e-m/nofp\libg.a(libc_a-snprintf.o)
                              ./build/obj/drv_display.o (snprintf)
c:/chibistudio/tools/gnu tools arm embedded/11.3 2022.08/bin/../lib/gcc/arm-none-eabi/11.3.1/thumb/v7e-m/nofp\libg.a(libc_a-memcmp.o)
                              ./build/obj/oslib_test_sequence_003.o (memcmp)
c:/chibistudio/tools/gnu tools arm embedded/11.3 2022.08/bin/../lib/gcc/arm-none-eabi/11.3.1/thumb/v7e-m/nofp\libg.a(libc_a-memset.o)
                              ./build/obj/hal_usb.o (memset)
c:/chibistudio/tools/gnu tools arm embedded/11.3 2022.08/bin/../lib/gcc/arm-none-eabi/11.3.1/thumb/v7e-m/nofp\libg.a(libc_a-strncmp.o)
                              ./build/obj/chfactory.o (strncmp)
c:/chibistudio/tools/gnu tools arm embedded/11.3 2022.08/bin/../lib/gcc/arm-none-eabi/11.3.1/thumb/v7e-m/nofp\libg.a(libc_a-signal.o)
                              c:/chibistudio/tools/gnu tools arm embedded/11.3 2022.08/bin/../lib/gcc/arm-none-eabi/11.3.1/thumb/v7e-m/nofp\libg.a(libc_a-abort.o) (raise)
c:/chibistudio/tools/gnu tools arm embedded/11.3 2022.08/bin/../lib/gcc/arm-none-eabi/11.3.1/thumb/v7e-m/nofp\libg.a(libc_a-impure.o)
                              c:/chibistudio/tools/gnu tools arm embedded/11.3 2022.08/bin/../lib/gcc/arm-none-eabi/11.3.1/thumb/v7e-m/nofp\libg.a(libc_a-snprintf.o) (_impure_ptr)
c:/chibistudio/tools/gnu tools arm embedded/11.3 2022.08/bin/../lib/gcc/arm-none-eabi/11.3.1/thumb/v7e-m/nofp\libg.a(libc_a-signalr.o)
                              c:/chibistudio/tools/gnu tools arm embedded/11.3 2022.08/bin/../lib/gcc/arm-none-eabi/11.3.1/thumb/v7e-m/nofp\libg.a(libc_a-signal.o) (_kill_r)
c:/chibistudio/tools/gnu tools arm embedded/11.3 2022.08/bin/../lib/gcc/arm-none-eabi/11.3.1/thumb/v7e-m/nofp\libg.a(libc_a-strcmp.o)
                              ./build/obj/chregistry.o (strcmp)
c:/chibistudio/tools/gnu tools arm embedded/11.3 2022.08/bin/../lib/gcc/arm-none-eabi/11.3.1/thumb/v7e-m/nofp\libg.a(libc_a-memcpy.o)
                              ./build/obj/hal_buffers.o (memcpy)
c:/chibistudio/tools/gnu tools arm embedded/11.3 2022.08/bin/../lib/gcc/arm-none-eabi/11.3.1/thumb/v7e-m/nofp\libg.a(libc_a-mallocr.o)
                              c:/chibistudio/tools/gnu tools arm embedded/11.3 2022.08/bin/../lib/gcc/arm-none-eabi/11.3.1/thumb/v7e-m/nofp\libg.a(libc_a-signal.o) (_malloc_r)
c:/chibistudio/tools/gnu tools arm embedded/11.3 2022.08/bin/../lib/gcc/arm-none-eabi/11.3.1/thumb/v7e-m/nofp\libg.a(libc_a-mlock.o)
[...]
Memory Configuration

Name             Origin             Length             Attributes
flash0           0x08000000         0x00200000         xr
flash1           0x08000000         0x00100000         xr
flash2           0x08100000         0x00100000         xr
flash3           0x00000000         0x00000000         xr
flash4           0x00000000         0x00000000         xr
flash5           0x00000000         0x00000000         xr
flash6           0x00000000         0x00000000         xr
flash7           0x00000000         0x00000000         xr
ram0             0x24000000         0x00080000         xw
ram1             0x30000000         0x00040000         xw
ram2             0x30000000         0x00048000         xw
ram3             0x30040000         0x00008000         xw
ram4             0x38000000         0x00010000         xw
ram5             0x20000000         0x00020000         xw
ram6             0x00000000         0x00010000         xw
ram7             0x38800000         0x00001000         xw
*default*        0x00000000         0xffffffff

Linker script and memory map

LOAD ./build/obj/crt0_v7m.o
LOAD ./build/obj/vectors.o
LOAD ./build/obj/chcoreasm.o
LOAD ./build/obj/crt1.o
LOAD ./build/obj/oop_base_object.o
LOAD ./build/obj/hal.o
LOAD ./build/obj/hal_st.o
LOAD ./build/obj/hal_buffered_serial.o
LOAD ./build/obj/hal_buffers.o
LOAD ./build/obj/hal_queues.o
LOAD ./build/obj/hal_mmcsd.o
LOAD ./build/obj/hal_adc.o
LOAD ./build/obj/hal_i2c.o
LOAD ./build/obj/hal_mmc_spi.o
LOAD ./build/obj/hal_pal.o
LOAD ./build/obj/hal_sai.o
LOAD ./build/obj/hal_serial.o
LOAD ./build/obj/hal_spi.o
LOAD ./build/obj/hal_usb.o
LOAD ./build/obj/hal_flash.o
LOAD ./build/obj/hal_community.o
LOAD ./build/obj/hal_fsmc.o
LOAD ./build/obj/hal_sdram.o
LOAD ./build/obj/chprintf.o
LOAD ./build/obj/chscanf.o
LOAD ./build/obj/memstreams.o
LOAD ./build/obj/nullstreams.o
LOAD ./build/obj/bufstreams.o
LOAD ./build/obj/nvic.o
LOAD ./build/obj/stm32_isr.o
LOAD ./build/obj/hal_lld.o
LOAD ./build/obj/hal_adc_lld.o
LOAD ./build/obj/stm32_bdma.o
LOAD ./build/obj/stm32_dma.o
LOAD ./build/obj/stm32_exti.o
LOAD ./build/obj/hal_pal_lld.o
LOAD ./build/obj/hal_i2c_lld.o
LOAD ./build/obj/stm32_mdma.o
LOAD ./build/obj/hal_usb_lld.o
LOAD ./build/obj/hal_spi_v2_lld.o
LOAD ./build/obj/hal_sai_lld.o
LOAD ./build/obj/hal_st_lld.o
LOAD ./build/obj/hal_serial_lld.o
LOAD ./build/obj/hal_stm32_dma2d.o
LOAD ./build/obj/hal_sdram_lld.o
LOAD ./build/obj/hal_stm32_ltdc.o
LOAD ./build/obj/board.o
LOAD ./build/obj/osal.o
LOAD ./build/obj/chsys.o
LOAD ./build/obj/chrfcu.o
LOAD ./build/obj/chdebug.o
LOAD ./build/obj/chtrace.o
LOAD ./build/obj/chvt.o
LOAD ./build/obj/chschd.o
LOAD ./build/obj/chinstances.o
LOAD ./build/obj/chthreads.o
LOAD ./build/obj/chtm.o
LOAD ./build/obj/chregistry.o
LOAD ./build/obj/chsem.o
LOAD ./build/obj/chmtx.o
LOAD ./build/obj/chcond.o
LOAD ./build/obj/chevents.o
LOAD ./build/obj/chmsg.o
LOAD ./build/obj/chdynamic.o
LOAD ./build/obj/chmboxes.o
LOAD ./build/obj/chmemcore.o
LOAD ./build/obj/chmemheaps.o
LOAD ./build/obj/chmempools.o
LOAD ./build/obj/chpipes.o
LOAD ./build/obj/chobjcaches.o
LOAD ./build/obj/chdelegates.o
LOAD ./build/obj/chfactory.o
LOAD ./build/obj/chcore.o
LOAD ./build/obj/ch_test.o
LOAD ./build/obj/ch_test_printf.o
LOAD ./build/obj/rt_test_root.o
LOAD ./build/obj/rt_test_sequence_001.o
LOAD ./build/obj/rt_test_sequence_002.o
LOAD ./build/obj/rt_test_sequence_003.o
LOAD ./build/obj/rt_test_sequence_004.o
LOAD ./build/obj/rt_test_sequence_005.o
LOAD ./build/obj/rt_test_sequence_006.o
LOAD ./build/obj/rt_test_sequence_007.o
LOAD ./build/obj/rt_test_sequence_008.o
LOAD ./build/obj/rt_test_sequence_009.o
LOAD ./build/obj/rt_test_sequence_010.o
LOAD ./build/obj/rt_test_sequence_011.o
LOAD ./build/obj/rt_test_sequence_012.o
LOAD ./build/obj/oslib_test_root.o
LOAD ./build/obj/oslib_test_sequence_001.o
LOAD ./build/obj/oslib_test_sequence_002.o
LOAD ./build/obj/oslib_test_sequence_003.o
LOAD ./build/obj/oslib_test_sequence_004.o
LOAD ./build/obj/oslib_test_sequence_005.o
LOAD ./build/obj/oslib_test_sequence_006.o
LOAD ./build/obj/oslib_test_sequence_007.o
LOAD ./build/obj/oslib_test_sequence_008.o
LOAD ./build/obj/oslib_test_sequence_009.o
LOAD ./build/obj/syscalls.o
LOAD ./build/obj/main.o
LOAD ./build/obj/drivers.o
LOAD ./build/obj/drv_display.o
LOAD ./build/obj/stm32h7xx_hal_chibios.o
LOAD ./build/obj/midi.o
LOAD ./build/obj/mpu_config.o
LOAD ./build/obj/usb_device.o
LOAD ./build/obj/usbcfg.o
LOAD ./build/obj/font.o
LOAD ./build/obj/font4x6.o
LOAD ./build/obj/font5x7.o
LOAD ./build/obj/font5x8_elektron.o
LOAD ./build/obj/sdram_ext.o
LOAD ./build/obj/audio_codec_ada1979.o
LOAD ./build/obj/audio_codec_pcm4104.o
LOAD ./build/obj/drv_audio.o
LOAD ./build/obj/stm32h7xx_hal_dma.o
LOAD ./build/obj/stm32h7xx_hal_gpio.o
LOAD ./build/obj/stm32h7xx_hal_sai.o
LOAD ./build/obj/stm32h7xx_hal_sai_ex.o

.mstack         0x20000000      0x400
                0x20000000                . = ALIGN (0x8)
                0x20000000                __main_stack_base__ = .
                0x20000400                . = (. + __main_stack_size__)
 *fill*         0x20000000      0x400 
                0x20000400                . = ALIGN (0x8)
                0x20000400                __main_stack_end__ = .

.pstack         0x20000400      0x400
                0x20000400                . = ALIGN (0x8)
                0x20000400                __process_stack_base__ = .
                0x20000400                __main_thread_stack_base__ = .
                0x20000800                . = (. + __process_stack_size__)
 *fill*         0x20000400      0x400 
                0x20000800                . = ALIGN (0x8)
                0x20000800                __process_stack_end__ = .
                0x20000800                __main_thread_stack_end__ = .

.nocache        0x30040000        0x0
                0x30040000                __nocache_base__ = .
 *(.nocache)
 *(.nocache.*)
 *(.bss.__nocache_*)
                0x30040000                . = ALIGN (0x4)
                0x30040000                __nocache_end__ = .

.eth            0x30040000        0x0
                0x30040000                __eth_base__ = .
 *(.eth)
 *(.eth.*)
 *(.bss.__eth_*)
                0x30040000                . = ALIGN (0x4)
                0x30040000                __eth_end__ = .

.vectors        0x08000000      0x2e0
                0x08000000                __textvectors_base__ = LOADADDR (.vectors)
                0x08000000                __vectors_base__ = .
 *(.vectors)
 .vectors       0x08000000      0x2e0 ./build/obj/vectors.o
                0x08000000                _vectors
                0x080002e0                __vectors_end__ = .

.xtors          0x080002e0        0x0
                0x080002e0                __init_array_base__ = .
 *(SORT_BY_NAME(.init_array.*))
 *(.init_array)
                0x080002e0                __init_array_end__ = .
                0x080002e0                __fini_array_base__ = .
 *(.fini_array)
 *(SORT_BY_NAME(.fini_array.*))
                0x080002e0                __fini_array_end__ = .

.text           0x080002e0     0x7f8c
                0x080002e0                __text_base__ = .
 *(.text)
 .text          0x080002e0       0xd8 ./build/obj/crt0_v7m.o
                0x080002e0                _crt0_entry
 .text          0x080003b8        0x8 ./build/obj/vectors.o
                0x080003b8                Reset_Handler
                0x080003ba                VectorE8
                0x080003ba                Vector9C
                0x080003ba                Vector2C4
                0x080003ba                VectorAC
                0x080003ba                DebugMon_Handler
                0x080003ba                Vector2B0
                0x080003ba                Vector26C
                0x080003ba                Vector22C
                0x080003ba                Vector1A0
                0x080003ba                Vector2C0
                0x080003ba                Vector5C
                0x080003ba                Vector224
                0x080003ba                Vector11C
                0x080003ba                HardFault_Handler
                0x080003ba                Vector1B8
                0x080003ba                Vector1F0
                0x080003ba                Vector19C
                0x080003ba                Vector1EC
                0x080003ba                Vector8C
                0x080003ba                SysTick_Handler
                0x080003ba                VectorDC
                0x080003ba                Vector2D8
                0x080003ba                PendSV_Handler
                0x080003ba                Vector168
                0x080003ba                NMI_Handler
                0x080003ba                Vector270
                0x080003ba                Vector110
                0x080003ba                Vector274
                0x080003ba                Vector1D8
                0x080003ba                Vector1F4
                0x080003ba                Vector2CC
                0x080003ba                Vector94
                0x080003ba                VectorA8
                0x080003ba                Vector204
                0x080003ba                Vector2AC
                0x080003ba                VectorB4
                0x080003ba                Vector1FC
                0x080003ba                Vector160
                0x080003ba                Vector1B0
                0x080003ba                UsageFault_Handler
                0x080003ba                VectorEC
                0x080003ba                Vector234
                0x080003ba                Vector264
                0x080003ba                Vector40
                0x080003ba                VectorF8
                0x080003ba                Vector108
                0x080003ba                VectorBC
                0x080003ba                Vector190
                0x080003ba                Vector1E0
                0x080003ba                Vector1F8
                0x080003ba                Vector27C
                0x080003ba                Vector1C4
                0x080003ba                Vector1CC
                0x080003ba                Vector2A8
                0x080003ba                Vector1E4
                0x080003ba                Vector20C
                0x080003ba                Vector148
                0x080003ba                Vector188
                0x080003ba                Vector23C
                0x080003ba                Vector118
                0x080003ba                Vector64
                0x080003ba                Vector58
                0x080003ba                Vector54
                0x080003ba                Vector98
                0x080003ba                Vector2B8
                0x080003ba                Vector284
                0x080003ba                Vector218
                0x080003ba                VectorD8
                0x080003ba                Vector138
                0x080003ba                Vector24
                0x080003ba                Vector200
                0x080003ba                Vector1AC
                0x080003ba                Vector178
                0x080003ba                SecureFault_Handler
                0x080003ba                Vector1A4
                0x080003ba                Vector2A0
                0x080003ba                Vector1B4
                0x080003ba                Vector28C
                0x080003ba                Vector140
                0x080003ba                VectorE4
                0x080003ba                VectorC0
                0x080003ba                Vector1C0
                0x080003ba                Vector214
                0x080003ba                Vector2D0
                0x080003ba                Vector134
                0x080003ba                Vector1D0
                0x080003ba                Vector2DC
                0x080003ba                VectorF0
                0x080003ba                Vector210
                0x080003ba                Vector2BC
                0x080003ba                Vector13C
                0x080003ba                Vector280
                0x080003ba                VectorE0
                0x080003ba                VectorF4
                0x080003ba                Vector2B4
                0x080003ba                Vector2C8
                0x080003ba                MemManage_Handler
                0x080003ba                Vector238
                0x080003ba                VectorA0
                0x080003ba                Vector180
                0x080003ba                Vector288
                0x080003ba                Vector208
                0x080003ba                Vector90
                0x080003ba                Vector294
                0x080003ba                Vector164
                0x080003ba                Vector60
                0x080003ba                Vector1BC
                0x080003ba                Vector17C
                0x080003ba                Vector48
                0x080003ba                Vector240
                0x080003ba                Vector1A8
                0x080003ba                Vector16C
                0x080003ba                Vector228
                0x080003ba                Vector2D4
                0x080003ba                Vector278
                0x080003ba                Vector4C
                0x080003ba                Vector144
                0x080003ba                Vector15C
                0x080003ba                Vector68
                0x080003ba                Vector230
                0x080003ba                Vector290
                0x080003ba                Vector1E8
                0x080003ba                Vector18C
                0x080003ba                Vector170
                0x080003ba                Vector220
                0x080003ba                Vector298
                0x080003ba                Vector29C
                0x080003ba                Vector104
                0x080003ba                Vector184
                0x080003ba                Vector21C
                0x080003ba                Vector268
                0x080003ba                Vector14C
                0x080003ba                BusFault_Handler
                0x080003ba                Vector50
                0x080003ba                Vector1C8
                0x080003ba                Vector1DC
                0x080003ba                Vector44
                0x080003ba                Vector28
                0x080003ba                VectorB8
                0x080003ba                Vector2A4
                0x080003ba                Vector34
                0x080003ba                VectorA4
                0x080003ba                Vector20
                0x080003ba                Vector174
                0x080003be                _unhandled_exception
 .text          0x080003c0       0x2a ./build/obj/chcoreasm.o
                0x080003c0                __port_switch
                0x080003d0                __port_thread_start
                0x080003e2                __port_switch_from_isr
                0x080003e6                __port_exit_from_isr
 *fill*         0x080003ea        0x2 
 .text          0x080003ec      0x134 c:/chibistudio/tools/gnu tools arm embedded/11.3 2022.08/bin/../lib/gcc/arm-none-eabi/11.3.1/thumb/v7e-m/nofp\libg.a(libc_a-memcpy.o)
                0x080003ec                memcpy
 *(.text.*)
 .text.SCB_EnableICache
                0x08000520       0x48 ./build/obj/crt1.o
 .text.SCB_InvalidateICache
                0x08000568       0x30 ./build/obj/crt1.o
 .text.SCB_EnableDCache
                0x08000598       0x88 ./build/obj/crt1.o
 .text.SCB_CleanDCache
                0x08000620       0x74 ./build/obj/crt1.o
 .text.__cpu_init
                0x08000694       0x10 ./build/obj/crt1.o
                0x08000694                __cpu_init
 .text.__late_init
                0x080006a4        0xc ./build/obj/crt1.o
                0x080006a4                __late_init
 .text.__default_exit
                0x080006b0        0x6 ./build/obj/crt1.o
                0x080006b0                __default_exit
 *fill*         0x080006b6        0x2 
 .text.__init_ram_areas
                0x080006b8       0x74 ./build/obj/crt1.o
                0x080006b8                __init_ram_areas
 .text.osalInit
                0x0800072c        0xc ./build/obj/hal.o
 .text.halInit  0x08000738       0x3c ./build/obj/hal.o
                0x08000738                halInit
 .text.st_lld_get_counter
                0x08000774       0x12 ./build/obj/hal_st.o
 .text.st_lld_start_alarm
                0x08000786       0x2a ./build/obj/hal_st.o
 .text.st_lld_stop_alarm
                0x080007b0       0x14 ./build/obj/hal_st.o
 .text.st_lld_set_alarm
                0x080007c4       0x1a ./build/obj/hal_st.o
 .text.stInit   0x080007de        0xc ./build/obj/hal_st.o
                0x080007de                stInit
 .text.stGetCounter
                0x080007ea        0xe ./build/obj/hal_st.o
                0x080007ea                stGetCounter
 .text.stStartAlarm
                0x080007f8       0x16 ./build/obj/hal_st.o
                0x080007f8                stStartAlarm
 .text.stStopAlarm
                0x0800080e        0xc ./build/obj/hal_st.o
                0x0800080e                stStopAlarm
 .text.stSetAlarm
                0x0800081a       0x16 ./build/obj/hal_st.o
                0x0800081a                stSetAlarm
 .text.ch_queue_init
                0x08000830       0x1e ./build/obj/hal_queues.o
 .text.chSysLock
                0x0800084e       0x1e ./build/obj/hal_queues.o
 .text.chSysUnlock
                0x0800086c       0x1e ./build/obj/hal_queues.o
 .text.chThdQueueObjectInit
                0x0800088a       0x18 ./build/obj/hal_queues.o
 .text.osalSysLock
                0x080008a2        0xc ./build/obj/hal_queues.o
 .text.osalSysUnlock
                0x080008ae        0xc ./build/obj/hal_queues.o
 .text.osalThreadQueueObjectInit
                0x080008ba       0x16 ./build/obj/hal_queues.o
 .text.osalThreadEnqueueTimeoutS
                0x080008d0       0x1c ./build/obj/hal_queues.o
 .text.osalThreadDequeueNextI
                0x080008ec       0x1a ./build/obj/hal_queues.o
 .text.iq_read  0x08000906       0xba ./build/obj/hal_queues.o
 .text.oq_write
                0x080009c0       0xba ./build/obj/hal_queues.o
 .text.iqObjectInit
                0x08000a7a       0x4c ./build/obj/hal_queues.o
                0x08000a7a                iqObjectInit
 .text.iqPutI   0x08000ac6       0x7c ./build/obj/hal_queues.o
                0x08000ac6                iqPutI
 .text.iqGetTimeout
                0x08000b42       0x7c ./build/obj/hal_queues.o
                0x08000b42                iqGetTimeout
 .text.iqReadTimeout
                0x08000bbe       0x80 ./build/obj/hal_queues.o
                0x08000bbe                iqReadTimeout
 .text.oqObjectInit
                0x08000c3e       0x4c ./build/obj/hal_queues.o
                0x08000c3e                oqObjectInit
 .text.oqPutTimeout
                0x08000c8a       0x80 ./build/obj/hal_queues.o
                0x08000c8a                oqPutTimeout
 .text.oqGetI   0x08000d0a       0x78 ./build/obj/hal_queues.o
                0x08000d0a                oqGetI
 .text.oqWriteTimeout
                0x08000d82       0x80 ./build/obj/hal_queues.o
                0x08000d82                oqWriteTimeout
 .text.osalMutexObjectInit
                0x08000e02       0x16 ./build/obj/hal_adc.o
 .text.adcInit  0x08000e18        0xc ./build/obj/hal_adc.o
                0x08000e18                adcInit
 .text.adcObjectInit
                0x08000e24       0x3e ./build/obj/hal_adc.o
                0x08000e24                adcObjectInit
 .text.osalMutexObjectInit
                0x08000e62       0x16 ./build/obj/hal_i2c.o
 .text.i2cInit  0x08000e78        0xc ./build/obj/hal_i2c.o
                0x08000e78                i2cInit
 .text.i2cObjectInit
                0x08000e84       0x26 ./build/obj/hal_i2c.o
                0x08000e84                i2cObjectInit
 .text.mmcInit  0x08000eaa        0xc ./build/obj/hal_mmc_spi.o
                0x08000eaa                mmcInit
 .text.chSysLock
                0x08000eb6       0x1e ./build/obj/hal_sai.o
 .text.chSysUnlock
                0x08000ed4       0x1e ./build/obj/hal_sai.o
 .text.osalSysLock
                0x08000ef2        0xc ./build/obj/hal_sai.o
 .text.osalSysUnlock
                0x08000efe        0xc ./build/obj/hal_sai.o
 .text.saiInit  0x08000f0a        0xc ./build/obj/hal_sai.o
                0x08000f0a                saiInit
 .text.saiObjectInit
                0x08000f16       0x1e ./build/obj/hal_sai.o
                0x08000f16                saiObjectInit
 .text.saiStart
                0x08000f34       0x32 ./build/obj/hal_sai.o
                0x08000f34                saiStart
 .text.saiSetBuffers
                0x08000f66       0x2a ./build/obj/hal_sai.o
                0x08000f66                saiSetBuffers
 .text.saiStartExchange
                0x08000f90       0x24 ./build/obj/hal_sai.o
                0x08000f90                saiStartExchange
 .text.saiStopExchange
                0x08000fb4       0x24 ./build/obj/hal_sai.o
                0x08000fb4                saiStopExchange
 .text.chSysLock
                0x08000fd8       0x1e ./build/obj/hal_serial.o
 .text.chSysUnlock
                0x08000ff6       0x1e ./build/obj/hal_serial.o
 .text.chEvtObjectInit
                0x08001014       0x18 ./build/obj/hal_serial.o
 .text.osalSysLock
                0x0800102c        0xc ./build/obj/hal_serial.o
 .text.osalSysUnlock
                0x08001038        0xc ./build/obj/hal_serial.o
 .text.osalEventObjectInit
                0x08001044       0x16 ./build/obj/hal_serial.o
 .text.osalEventBroadcastFlagsI
                0x0800105a       0x1a ./build/obj/hal_serial.o
 .text._write   0x08001074       0x28 ./build/obj/hal_serial.o
 .text._read    0x0800109c       0x28 ./build/obj/hal_serial.o
 .text._put     0x080010c4       0x26 ./build/obj/hal_serial.o
 .text._get     0x080010ea       0x20 ./build/obj/hal_serial.o
 .text._putt    0x0800110a       0x26 ./build/obj/hal_serial.o
 .text._gett    0x08001130       0x20 ./build/obj/hal_serial.o
 .text._writet  0x08001150       0x28 ./build/obj/hal_serial.o
 .text._readt   0x08001178       0x28 ./build/obj/hal_serial.o
 .text._ctl     0x080011a0       0x36 ./build/obj/hal_serial.o
 .text.sdInit   0x080011d6        0xc ./build/obj/hal_serial.o
                0x080011d6                sdInit
 *fill*         0x080011e2        0x2 
 .text.sdObjectInit
                0x080011e4       0x2c ./build/obj/hal_serial.o
                0x080011e4                sdObjectInit
 .text.sdStart  0x08001210       0x2e ./build/obj/hal_serial.o
                0x08001210                sdStart
 .text.sdIncomingDataI
                0x0800123e       0x4a ./build/obj/hal_serial.o
                0x0800123e                sdIncomingDataI
 .text.osalMutexObjectInit
                0x08001288       0x16 ./build/obj/hal_spi.o
 .text.spiInit  0x0800129e        0xc ./build/obj/hal_spi.o
                0x0800129e                spiInit
 .text.spiObjectInit
                0x080012aa       0x2c ./build/obj/hal_spi.o
                0x080012aa                spiObjectInit
 .text.chSysLockFromISR
                0x080012d6       0x20 ./build/obj/hal_usb.o
 .text.chSysUnlockFromISR
                0x080012f6       0x20 ./build/obj/hal_usb.o
 .text.osalSysLockFromISR
                0x08001316        0xc ./build/obj/hal_usb.o
 .text.osalSysUnlockFromISR
                0x08001322        0xc ./build/obj/hal_usb.o
 .text.get_hword
                0x0800132e       0x30 ./build/obj/hal_usb.o
 .text.set_address
                0x0800135e       0x3e ./build/obj/hal_usb.o
 .text.default_handler
                0x0800139c      0x410 ./build/obj/hal_usb.o
 .text.usbInit  0x080017ac        0xc ./build/obj/hal_usb.o
                0x080017ac                usbInit
 .text.usbObjectInit
                0x080017b8       0x54 ./build/obj/hal_usb.o
                0x080017b8                usbObjectInit
 .text.usbDisableEndpointsI
                0x0800180c       0x52 ./build/obj/hal_usb.o
                0x0800180c                usbDisableEndpointsI
 .text.usbStartReceiveI
                0x0800185e       0x5a ./build/obj/hal_usb.o
                0x0800185e                usbStartReceiveI
 .text.usbStartTransmitI
                0x080018b8       0x5a ./build/obj/hal_usb.o
                0x080018b8                usbStartTransmitI
 .text._usb_reset
                0x08001912       0x7e ./build/obj/hal_usb.o
                0x08001912                _usb_reset
 .text._usb_suspend
                0x08001990       0x4a ./build/obj/hal_usb.o
                0x08001990                _usb_suspend
 .text._usb_wakeup
                0x080019da       0x38 ./build/obj/hal_usb.o
                0x080019da                _usb_wakeup
 .text._usb_ep0setup
                0x08001a12      0x15c ./build/obj/hal_usb.o
                0x08001a12                _usb_ep0setup
 *fill*         0x08001b6e        0x2 
 .text._usb_ep0in
                0x08001b70      0x134 ./build/obj/hal_usb.o
                0x08001b70                _usb_ep0in
 .text._usb_ep0out
                0x08001ca4       0xf0 ./build/obj/hal_usb.o
                0x08001ca4                _usb_ep0out
 .text.halCommunityInit
                0x08001d94        0xc ./build/obj/hal_community.o
                0x08001d94                halCommunityInit
 .text.fsmcInit
                0x08001da0       0x28 ./build/obj/hal_fsmc.o
                0x08001da0                fsmcInit
 .text.Vector100
                0x08001dc8       0x1c ./build/obj/hal_fsmc.o
                0x08001dc8                Vector100
 .text.long_to_string_with_divisor
                0x08001de4       0xa8 ./build/obj/chprintf.o
 .text.ch_ltoa  0x08001e8c       0x22 ./build/obj/chprintf.o
 *fill*         0x08001eae        0x2 
 .text.chvprintf
                0x08001eb0      0x4d0 ./build/obj/chprintf.o
                0x08001eb0                chvprintf
 .text.chprintf
                0x08002380       0x2c ./build/obj/chprintf.o
                0x08002380                chprintf
 .text.nvicEnableVector
                0x080023ac       0x5c ./build/obj/nvic.o
                0x080023ac                nvicEnableVector
 .text.exti0_irq_init
                0x08002408        0xc ./build/obj/stm32_isr.o
 .text.exti1_irq_init
                0x08002414        0xc ./build/obj/stm32_isr.o
 .text.exti2_irq_init
                0x08002420        0xc ./build/obj/stm32_isr.o
 .text.exti3_irq_init
                0x0800242c        0xc ./build/obj/stm32_isr.o
 .text.exti4_irq_init
                0x08002438        0xc ./build/obj/stm32_isr.o
 .text.exti5_9_irq_init
                0x08002444        0xc ./build/obj/stm32_isr.o
 .text.exti10_15_irq_init
                0x08002450        0xc ./build/obj/stm32_isr.o
 .text.exti16_irq_init
                0x0800245c        0xc ./build/obj/stm32_isr.o
 .text.exti17_irq_init
                0x08002468        0xc ./build/obj/stm32_isr.o
 .text.exti18_irq_init
                0x08002474        0xc ./build/obj/stm32_isr.o
 .text.exti19_irq_init
                0x08002480        0xc ./build/obj/stm32_isr.o
 .text.exti20_exti21_irq_init
                0x0800248c        0xc ./build/obj/stm32_isr.o
 .text.fdcan1_irq_init
                0x08002498        0xc ./build/obj/stm32_isr.o
 .text.fdcan2_irq_init
                0x080024a4        0xc ./build/obj/stm32_isr.o
 .text.fdcan3_irq_init
                0x080024b0        0xc ./build/obj/stm32_isr.o
 .text.quadspi1_irq_init
                0x080024bc        0xc ./build/obj/stm32_isr.o
 .text.sdmmc1_irq_init
                0x080024c8        0xc ./build/obj/stm32_isr.o
 .text.sdmmc2_irq_init
                0x080024d4        0xc ./build/obj/stm32_isr.o
 .text.usart1_irq_init
                0x080024e0       0x10 ./build/obj/stm32_isr.o
 .text.VectorD4
                0x080024f0       0x28 ./build/obj/stm32_isr.o
                0x080024f0                VectorD4
 .text.usart2_irq_init
                0x08002518        0xc ./build/obj/stm32_isr.o
 .text.usart3_irq_init
                0x08002524        0xc ./build/obj/stm32_isr.o
 .text.uart4_irq_init
                0x08002530        0xc ./build/obj/stm32_isr.o
 .text.uart5_irq_init
                0x0800253c       0x10 ./build/obj/stm32_isr.o
 .text.Vector114
                0x0800254c       0x28 ./build/obj/stm32_isr.o
                0x0800254c                Vector114
 .text.usart6_irq_init
                0x08002574        0xc ./build/obj/stm32_isr.o
 .text.uart7_irq_init
                0x08002580        0xc ./build/obj/stm32_isr.o
 .text.uart8_irq_init
                0x0800258c        0xc ./build/obj/stm32_isr.o
 .text.uart9_irq_init
                0x08002598        0xc ./build/obj/stm32_isr.o
 .text.usart10_irq_init
                0x080025a4        0xc ./build/obj/stm32_isr.o
 .text.lpuart1_irq_init
                0x080025b0        0xc ./build/obj/stm32_isr.o
 .text.tim1_irq_init
                0x080025bc        0xc ./build/obj/stm32_isr.o
 .text.tim2_irq_init
                0x080025c8       0x10 ./build/obj/stm32_isr.o
 .text.VectorB0
                0x080025d8       0x20 ./build/obj/stm32_isr.o
                0x080025d8                VectorB0
 .text.tim3_irq_init
                0x080025f8        0xc ./build/obj/stm32_isr.o
 .text.tim4_irq_init
                0x08002604        0xc ./build/obj/stm32_isr.o
 .text.tim5_irq_init
                0x08002610        0xc ./build/obj/stm32_isr.o
 .text.tim6_irq_init
                0x0800261c        0xc ./build/obj/stm32_isr.o
 .text.tim7_irq_init
                0x08002628        0xc ./build/obj/stm32_isr.o
 .text.tim8_tim12_tim13_tim14_irq_init
                0x08002634        0xc ./build/obj/stm32_isr.o
 .text.tim15_irq_init
                0x08002640        0xc ./build/obj/stm32_isr.o
 .text.tim16_irq_init
                0x0800264c        0xc ./build/obj/stm32_isr.o
 .text.tim17_irq_init
                0x08002658        0xc ./build/obj/stm32_isr.o
 .text.irqInit  0x08002664       0xb0 ./build/obj/stm32_isr.o
                0x08002664                irqInit
 .text.__rccResetAPB1L
                0x08002714       0x40 ./build/obj/hal_lld.o
 .text.__rccResetAPB1H
                0x08002754       0x40 ./build/obj/hal_lld.o
 .text.__rccResetAPB2
                0x08002794       0x40 ./build/obj/hal_lld.o
 .text.__rccResetAPB3
                0x080027d4       0x40 ./build/obj/hal_lld.o
 .text.__rccResetAPB4
                0x08002814       0x40 ./build/obj/hal_lld.o
 .text.__rccResetAHB1
                0x08002854       0x40 ./build/obj/hal_lld.o
 .text.__rccResetAHB2
                0x08002894       0x40 ./build/obj/hal_lld.o
 .text.__rccResetAHB3
                0x080028d4       0x34 ./build/obj/hal_lld.o
 .text.__rccResetAHB4
                0x08002908       0x40 ./build/obj/hal_lld.o
 .text.rccEnableAPB4
                0x08002948       0x5c ./build/obj/hal_lld.o
 .text.rccEnableAHB2
                0x080029a4       0x5c ./build/obj/hal_lld.o
 .text.init_bkp_domain
                0x08002a00       0x3c ./build/obj/hal_lld.o
 .text.init_pwr
                0x08002a3c       0x5c ./build/obj/hal_lld.o
 .text.hal_lld_init
                0x08002a98       0x60 ./build/obj/hal_lld.o
                0x08002a98                hal_lld_init
 .text.stm32_clock_init
                0x08002af8      0x218 ./build/obj/hal_lld.o
                0x08002af8                stm32_clock_init
 .text.chSysLockFromISR
                0x08002d10       0x20 ./build/obj/hal_adc_lld.o
 .text.chSysUnlockFromISR
                0x08002d30       0x20 ./build/obj/hal_adc_lld.o
 .text.osalSysLockFromISR
                0x08002d50        0xc ./build/obj/hal_adc_lld.o
 .text.osalSysUnlockFromISR
                0x08002d5c        0xc ./build/obj/hal_adc_lld.o
 .text.osalThreadResumeI
                0x08002d68       0x1a ./build/obj/hal_adc_lld.o
 *fill*         0x08002d82        0x2 
 .text.__rccResetAHB1
                0x08002d84       0x40 ./build/obj/hal_adc_lld.o
 .text.rccEnableAHB1
                0x08002dc4       0x5c ./build/obj/hal_adc_lld.o
 .text.rccDisableAHB1
                0x08002e20       0x40 ./build/obj/hal_adc_lld.o
 .text.rccResetAHB1
                0x08002e60       0x16 ./build/obj/hal_adc_lld.o
 .text.adc_lld_stop_adc
                0x08002e76       0x48 ./build/obj/hal_adc_lld.o
 .text.adc_lld_serve_interrupt
                0x08002ebe       0xce ./build/obj/hal_adc_lld.o
 .text.Vector88
                0x08002f8c       0x40 ./build/obj/hal_adc_lld.o
                0x08002f8c                Vector88
 .text.adc_lld_init
                0x08002fcc       0x58 ./build/obj/hal_adc_lld.o
                0x08002fcc                adc_lld_init
 .text.adc_lld_stop_conversion
                0x08003024       0x5c ./build/obj/hal_adc_lld.o
                0x08003024                adc_lld_stop_conversion
 .text.Vector244
                0x08003080       0x50 ./build/obj/stm32_bdma.o
                0x08003080                Vector244
 .text.Vector248
                0x080030d0       0x54 ./build/obj/stm32_bdma.o
                0x080030d0                Vector248
 .text.Vector24C
                0x08003124       0x54 ./build/obj/stm32_bdma.o
                0x08003124                Vector24C
 .text.Vector250
                0x08003178       0x54 ./build/obj/stm32_bdma.o
                0x08003178                Vector250
 .text.Vector254
                0x080031cc       0x54 ./build/obj/stm32_bdma.o
                0x080031cc                Vector254
 .text.Vector258
                0x08003220       0x54 ./build/obj/stm32_bdma.o
                0x08003220                Vector258
 .text.Vector25C
                0x08003274       0x54 ./build/obj/stm32_bdma.o
                0x08003274                Vector25C
 .text.Vector260
                0x080032c8       0x54 ./build/obj/stm32_bdma.o
                0x080032c8                Vector260
 .text.bdmaInit
                0x0800331c       0x6c ./build/obj/stm32_bdma.o
                0x0800331c                bdmaInit
 .text.rccEnableAHB1
                0x08003388       0x5c ./build/obj/stm32_dma.o
 .text.Vector6C
                0x080033e4       0x50 ./build/obj/stm32_dma.o
                0x080033e4                Vector6C
 .text.Vector70
                0x08003434       0x54 ./build/obj/stm32_dma.o
                0x08003434                Vector70
 .text.Vector74
                0x08003488       0x54 ./build/obj/stm32_dma.o
                0x08003488                Vector74
 .text.Vector78
                0x080034dc       0x54 ./build/obj/stm32_dma.o
                0x080034dc                Vector78
 .text.Vector7C
                0x08003530       0x50 ./build/obj/stm32_dma.o
                0x08003530                Vector7C
 .text.Vector80
                0x08003580       0x54 ./build/obj/stm32_dma.o
                0x08003580                Vector80
 .text.Vector84
                0x080035d4       0x54 ./build/obj/stm32_dma.o
                0x080035d4                Vector84
 .text.VectorFC
                0x08003628       0x54 ./build/obj/stm32_dma.o
                0x08003628                VectorFC
 .text.Vector120
                0x0800367c       0x50 ./build/obj/stm32_dma.o
                0x0800367c                Vector120
 .text.Vector124
                0x080036cc       0x54 ./build/obj/stm32_dma.o
                0x080036cc                Vector124
 .text.Vector128
                0x08003720       0x54 ./build/obj/stm32_dma.o
                0x08003720                Vector128
 .text.Vector12C
                0x08003774       0x54 ./build/obj/stm32_dma.o
                0x08003774                Vector12C
 .text.Vector130
                0x080037c8       0x50 ./build/obj/stm32_dma.o
                0x080037c8                Vector130
 .text.Vector150
                0x08003818       0x54 ./build/obj/stm32_dma.o
                0x08003818                Vector150
 .text.Vector154
                0x0800386c       0x54 ./build/obj/stm32_dma.o
                0x0800386c                Vector154
 .text.Vector158
                0x080038c0       0x58 ./build/obj/stm32_dma.o
                0x080038c0                Vector158
 .text.dmaInit  0x08003918       0x74 ./build/obj/stm32_dma.o
                0x08003918                dmaInit
 .text.dmaStreamAllocI
                0x0800398c      0x134 ./build/obj/stm32_dma.o
                0x0800398c                dmaStreamAllocI
 .text.dmaSetRequestSource
                0x08003ac0       0x1c ./build/obj/stm32_dma.o
                0x08003ac0                dmaSetRequestSource
 .text._pal_lld_init
                0x08003adc        0xc ./build/obj/hal_pal_lld.o
                0x08003adc                _pal_lld_init
 .text._pal_lld_setgroupmode
                0x08003ae8      0x174 ./build/obj/hal_pal_lld.o
                0x08003ae8                _pal_lld_setgroupmode
 .text.chSysLockFromISR
                0x08003c5c       0x20 ./build/obj/hal_i2c_lld.o
 .text.chSysUnlockFromISR
                0x08003c7c       0x20 ./build/obj/hal_i2c_lld.o
 .text.osalSysLockFromISR
                0x08003c9c        0xc ./build/obj/hal_i2c_lld.o
 .text.osalSysUnlockFromISR
                0x08003ca8        0xc ./build/obj/hal_i2c_lld.o
 .text.osalThreadResumeI
                0x08003cb4       0x1a ./build/obj/hal_i2c_lld.o
 .text.i2c_lld_get_rxbytes
                0x08003cce       0x1a ./build/obj/hal_i2c_lld.o
 .text.i2c_lld_get_txbytes
                0x08003ce8       0x1a ./build/obj/hal_i2c_lld.o
 .text.i2c_lld_start_rx_dma
                0x08003d02       0x26 ./build/obj/hal_i2c_lld.o
 .text.i2c_lld_stop_rx_dma
                0x08003d28       0x4a ./build/obj/hal_i2c_lld.o
 .text.i2c_lld_stop_tx_dma
                0x08003d72       0x4a ./build/obj/hal_i2c_lld.o
 .text.i2c_lld_setup_rx_transfer
                0x08003dbc       0x5c ./build/obj/hal_i2c_lld.o
 .text.i2c_lld_setup_tx_transfer
                0x08003e18       0x58 ./build/obj/hal_i2c_lld.o
 .text.i2c_lld_serve_interrupt
                0x08003e70      0x100 ./build/obj/hal_i2c_lld.o
 .text.i2c_lld_serve_error_interrupt
                0x08003f70       0x94 ./build/obj/hal_i2c_lld.o
 .text.VectorC4
                0x08004004       0x44 ./build/obj/hal_i2c_lld.o
                0x08004004                VectorC4
 .text.VectorC8
                0x08004048       0x44 ./build/obj/hal_i2c_lld.o
                0x08004048                VectorC8
 .text.i2c_lld_init
                0x0800408c       0x40 ./build/obj/hal_i2c_lld.o
                0x0800408c                i2c_lld_init
 .text.chSysLockFromISR
                0x080040cc       0x20 ./build/obj/hal_usb_lld.o
 .text.chSysUnlockFromISR
                0x080040ec       0x20 ./build/obj/hal_usb_lld.o
 .text.osalSysLockFromISR
                0x0800410c        0xc ./build/obj/hal_usb_lld.o
 .text.osalSysUnlockFromISR
                0x08004118        0xc ./build/obj/hal_usb_lld.o
 .text.osalSysPolledDelayX
                0x08004124       0x16 ./build/obj/hal_usb_lld.o
 .text.otg_disable_ep
                0x0800413a       0xba ./build/obj/hal_usb_lld.o
 .text.otg_enable_ep
                0x080041f4       0x88 ./build/obj/hal_usb_lld.o
 .text.otg_rxfifo_flush
                0x0800427c       0x32 ./build/obj/hal_usb_lld.o
 .text.otg_txfifo_flush
                0x080042ae       0x3a ./build/obj/hal_usb_lld.o
 .text.otg_ram_reset
                0x080042e8       0x20 ./build/obj/hal_usb_lld.o
 .text.otg_ram_alloc
                0x08004308       0x2e ./build/obj/hal_usb_lld.o
 .text.otg_fifo_write_from_buffer
                0x08004336       0x34 ./build/obj/hal_usb_lld.o
 .text.otg_fifo_read_to_buffer
                0x0800436a       0x5c ./build/obj/hal_usb_lld.o
 .text.otg_rxfifo_handler
                0x080043c6      0x182 ./build/obj/hal_usb_lld.o
 .text.otg_txfifo_handler
                0x08004548      0x136 ./build/obj/hal_usb_lld.o
 .text.otg_epin_handler
                0x0800467e      0x106 ./build/obj/hal_usb_lld.o
 .text.otg_epout_handler
                0x08004784      0x130 ./build/obj/hal_usb_lld.o
 .text.otg_isoc_in_failed_handler
                0x080048b4       0xd8 ./build/obj/hal_usb_lld.o
 .text.otg_isoc_out_failed_handler
                0x0800498c       0xa0 ./build/obj/hal_usb_lld.o
 .text.usb_lld_serve_interrupt
                0x08004a2c      0x2d8 ./build/obj/hal_usb_lld.o
 .text.Vector1D4
                0x08004d04       0x28 ./build/obj/hal_usb_lld.o
                0x08004d04                Vector1D4
 .text.usb_lld_init
                0x08004d2c       0x2c ./build/obj/hal_usb_lld.o
                0x08004d2c                usb_lld_init
 .text.usb_lld_reset
                0x08004d58      0x138 ./build/obj/hal_usb_lld.o
                0x08004d58                usb_lld_reset
 .text.usb_lld_set_address
                0x08004e90       0x34 ./build/obj/hal_usb_lld.o
                0x08004e90                usb_lld_set_address
 .text.usb_lld_disable_endpoints
                0x08004ec4       0x1c ./build/obj/hal_usb_lld.o
                0x08004ec4                usb_lld_disable_endpoints
 .text.usb_lld_get_status_out
                0x08004ee0       0x46 ./build/obj/hal_usb_lld.o
                0x08004ee0                usb_lld_get_status_out
 .text.usb_lld_get_status_in
                0x08004f26       0x46 ./build/obj/hal_usb_lld.o
                0x08004f26                usb_lld_get_status_in
 .text.usb_lld_read_setup
                0x08004f6c       0x2e ./build/obj/hal_usb_lld.o
                0x08004f6c                usb_lld_read_setup
 .text.usb_lld_start_out
                0x08004f9a      0x13e ./build/obj/hal_usb_lld.o
                0x08004f9a                usb_lld_start_out
 .text.usb_lld_start_in
                0x080050d8      0x15e ./build/obj/hal_usb_lld.o
                0x080050d8                usb_lld_start_in
 .text.usb_lld_stall_out
                0x08005236       0x3a ./build/obj/hal_usb_lld.o
                0x08005236                usb_lld_stall_out
 .text.usb_lld_stall_in
                0x08005270       0x3a ./build/obj/hal_usb_lld.o
                0x08005270                usb_lld_stall_in
 .text.usb_lld_clear_out
                0x080052aa       0x3a ./build/obj/hal_usb_lld.o
                0x080052aa                usb_lld_clear_out
 .text.usb_lld_clear_in
                0x080052e4       0x3a ./build/obj/hal_usb_lld.o
                0x080052e4                usb_lld_clear_in
 .text.chSysLockFromISR
                0x0800531e       0x20 ./build/obj/hal_spi_v2_lld.o
 .text.chSysUnlockFromISR
                0x0800533e       0x20 ./build/obj/hal_spi_v2_lld.o
 .text.osalSysLockFromISR
                0x0800535e        0xc ./build/obj/hal_spi_v2_lld.o
 .text.osalSysUnlockFromISR
                0x0800536a        0xc ./build/obj/hal_spi_v2_lld.o
 .text.osalThreadResumeI
                0x08005376       0x1a ./build/obj/hal_spi_v2_lld.o
 .text.__rccResetAPB1L
                0x08005390       0x40 ./build/obj/hal_spi_v2_lld.o
 .text.__rccResetAPB2
                0x080053d0       0x40 ./build/obj/hal_spi_v2_lld.o
 .text.__rccResetAPB4
                0x08005410       0x40 ./build/obj/hal_spi_v2_lld.o
 .text.rccResetAPB1L
                0x08005450       0x16 ./build/obj/hal_spi_v2_lld.o
 .text.rccResetAPB2
                0x08005466       0x16 ./build/obj/hal_spi_v2_lld.o
 .text.rccResetAPB4
                0x0800547c       0x16 ./build/obj/hal_spi_v2_lld.o
 *fill*         0x08005492        0x2 
 .text.spi_lld_configure
                0x08005494       0x8c ./build/obj/hal_spi_v2_lld.o
 .text.spi_lld_stop_abort
                0x08005520      0x14c ./build/obj/hal_spi_v2_lld.o
 .text.spi_lld_serve_interrupt
                0x0800566c       0x62 ./build/obj/hal_spi_v2_lld.o
 *fill*         0x080056ce        0x2 
 .text.VectorCC
                0x080056d0       0x28 ./build/obj/hal_spi_v2_lld.o
                0x080056d0                VectorCC
 .text.VectorD0
                0x080056f8       0x28 ./build/obj/hal_spi_v2_lld.o
                0x080056f8                VectorD0
 .text.Vector10C
                0x08005720       0x28 ./build/obj/hal_spi_v2_lld.o
                0x08005720                Vector10C
 .text.Vector194
                0x08005748       0x28 ./build/obj/hal_spi_v2_lld.o
                0x08005748                Vector194
 .text.Vector198
                0x08005770       0x28 ./build/obj/hal_spi_v2_lld.o
                0x08005770                Vector198
 .text.spi_lld_init
                0x08005798      0x140 ./build/obj/hal_spi_v2_lld.o
                0x08005798                spi_lld_init
 .text.rccEnableAPB2
                0x080058d8       0x5c ./build/obj/hal_sai_lld.o
 .text.sai_lld_is_rx
                0x08005934       0x36 ./build/obj/hal_sai_lld.o
 *fill*         0x0800596a        0x2 
 .text.sai_lld_dma_request
                0x0800596c       0x40 ./build/obj/hal_sai_lld.o
 .text.sai_lld_serve_dma_interrupt
                0x080059ac       0x62 ./build/obj/hal_sai_lld.o
 *fill*         0x08005a0e        0x2 
 .text.sai_lld_stream_id
                0x08005a10       0x4c ./build/obj/hal_sai_lld.o
 .text.sai_lld_irq_priority
                0x08005a5c       0x34 ./build/obj/hal_sai_lld.o
 .text.sai_lld_dma_priority
                0x08005a90       0x34 ./build/obj/hal_sai_lld.o
 .text.sai_lld_init
                0x08005ac4       0x2c ./build/obj/hal_sai_lld.o
                0x08005ac4                sai_lld_init
 .text.sai_lld_start
                0x08005af0      0x15c ./build/obj/hal_sai_lld.o
                0x08005af0                sai_lld_start
 .text.sai_lld_set_buffers
                0x08005c4c      0x1b6 ./build/obj/hal_sai_lld.o
                0x08005c4c                sai_lld_set_buffers
 .text.sai_lld_start_exchange
                0x08005e02       0x36 ./build/obj/hal_sai_lld.o
                0x08005e02                sai_lld_start_exchange
 .text.sai_lld_stop_exchange
                0x08005e38       0xc2 ./build/obj/hal_sai_lld.o
                0x08005e38                sai_lld_stop_exchange
 .text.chSysLockFromISR
                0x08005efa       0x20 ./build/obj/hal_st_lld.o
 .text.chSysUnlockFromISR
                0x08005f1a       0x20 ./build/obj/hal_st_lld.o
 .text.osalSysLockFromISR
                0x08005f3a        0xc ./build/obj/hal_st_lld.o
 .text.osalSysUnlockFromISR
                0x08005f46        0xc ./build/obj/hal_st_lld.o
 .text.osalOsTimerHandlerI
                0x08005f52        0xc ./build/obj/hal_st_lld.o
 *fill*         0x08005f5e        0x2 
 .text.rccEnableAPB1L
                0x08005f60       0x5c ./build/obj/hal_st_lld.o
 .text.st_lld_init
                0x08005fbc       0x64 ./build/obj/hal_st_lld.o
                0x08005fbc                st_lld_init
 .text.st_lld_serve_interrupt
                0x08006020       0x44 ./build/obj/hal_st_lld.o
                0x08006020                st_lld_serve_interrupt
 .text.chSysLockFromISR
                0x08006064       0x20 ./build/obj/hal_serial_lld.o
 .text.chSysUnlockFromISR
                0x08006084       0x20 ./build/obj/hal_serial_lld.o
 .text.osalSysLockFromISR
                0x080060a4        0xc ./build/obj/hal_serial_lld.o
 .text.osalSysUnlockFromISR
                0x080060b0        0xc ./build/obj/hal_serial_lld.o
 .text.osalEventBroadcastFlagsI
                0x080060bc       0x1a ./build/obj/hal_serial_lld.o
 *fill*         0x080060d6        0x2 
 .text.rccEnableAPB1L
                0x080060d8       0x5c ./build/obj/hal_serial_lld.o
 .text.rccEnableAPB2
                0x08006134       0x5c ./build/obj/hal_serial_lld.o
 .text.usart_init
                0x08006190       0xce ./build/obj/hal_serial_lld.o
 .text.set_error
                0x0800625e       0x72 ./build/obj/hal_serial_lld.o
 .text.notify1  0x080062d0       0x24 ./build/obj/hal_serial_lld.o
 .text.notify5  0x080062f4       0x24 ./build/obj/hal_serial_lld.o
 .text.sd_lld_init
                0x08006318       0xac ./build/obj/hal_serial_lld.o
                0x08006318                sd_lld_init
 .text.sd_lld_start
                0x080063c4       0x5c ./build/obj/hal_serial_lld.o
                0x080063c4                sd_lld_start
 .text.sd_lld_serve_interrupt
                0x08006420      0x13c ./build/obj/hal_serial_lld.o
                0x08006420                sd_lld_serve_interrupt
 .text.__rccResetAHB4
                0x0800655c       0x40 ./build/obj/board.o
 .text.rccEnableAHB4
                0x0800659c       0x5c ./build/obj/board.o
 .text.gpio_init
                0x080065f8       0x4c ./build/obj/board.o
 .text.stm32_gpio_init
                0x08006644       0xcc ./build/obj/board.o
 .text.__early_init
                0x08006710       0x10 ./build/obj/board.o
                0x08006710                __early_init
 .text.boardInit
                0x08006720        0xc ./build/obj/board.o
                0x08006720                boardInit
 .text.__tm_calibration_object_init
                0x0800672c       0x4a ./build/obj/chsys.o
 .text.chSysUnlock
                0x08006776       0x1e ./build/obj/chsys.o
 .text.__oslib_init
                0x08006794       0x14 ./build/obj/chsys.o
 .text.chSysInit
                0x080067a8       0x60 ./build/obj/chsys.o
                0x080067a8                chSysInit
 .text.chSysTimerHandlerI
                0x08006808        0xc ./build/obj/chsys.o
                0x08006808                chSysTimerHandlerI
 .text.chSysIsCounterWithinX
                0x08006814       0x2c ./build/obj/chsys.o
                0x08006814                chSysIsCounterWithinX
 .text.chSysPolledDelayX
                0x08006840       0x3c ./build/obj/chsys.o
                0x08006840                chSysPolledDelayX
 .text.chRFCUCollectFaultsI
                0x0800687c       0x24 ./build/obj/chrfcu.o
                0x0800687c                chRFCUCollectFaultsI
 .text.port_timer_get_time
                0x080068a0        0xe ./build/obj/chtrace.o
 .text.chVTGetSystemTimeX
                0x080068ae        0xe ./build/obj/chtrace.o
 .text.trace_next
                0x080068bc       0x64 ./build/obj/chtrace.o
 .text.__trace_object_init
                0x08006920       0x52 ./build/obj/chtrace.o
                0x08006920                __trace_object_init
 *fill*         0x08006972        0x2 
 .text.__trace_ready
                0x08006974       0x70 ./build/obj/chtrace.o
                0x08006974                __trace_ready
 .text.__trace_switch
                0x080069e4       0x70 ./build/obj/chtrace.o
                0x080069e4                __trace_switch
 .text.__trace_isr_enter
                0x08006a54       0x74 ./build/obj/chtrace.o
                0x08006a54                __trace_isr_enter
 .text.__trace_isr_leave
                0x08006ac8       0x74 ./build/obj/chtrace.o
                0x08006ac8                __trace_isr_leave
 .text.chTimeAddX
                0x08006b3c       0x1a ./build/obj/chvt.o
 .text.chTimeDiffX
                0x08006b56       0x1a ./build/obj/chvt.o
 .text.ch_dlist_isempty
                0x08006b70       0x22 ./build/obj/chvt.o
 .text.ch_dlist_isfirst
                0x08006b92       0x24 ./build/obj/chvt.o
 .text.ch_dlist_insert_after
                0x08006bb6       0x3a ./build/obj/chvt.o
 .text.ch_dlist_insert_before
                0x08006bf0       0x3a ./build/obj/chvt.o
 .text.ch_dlist_insert
                0x08006c2a       0x5e ./build/obj/chvt.o
 .text.ch_dlist_remove_first
                0x08006c88       0x2a ./build/obj/chvt.o
 .text.ch_dlist_dequeue
                0x08006cb2       0x28 ./build/obj/chvt.o
 .text.port_timer_start_alarm
                0x08006cda       0x16 ./build/obj/chvt.o
 .text.port_timer_stop_alarm
                0x08006cf0        0xc ./build/obj/chvt.o
 .text.port_timer_set_alarm
                0x08006cfc       0x16 ./build/obj/chvt.o
 .text.port_timer_get_time
                0x08006d12        0xe ./build/obj/chvt.o
 .text.chSysLockFromISR
                0x08006d20       0x20 ./build/obj/chvt.o
 .text.chSysUnlockFromISR
                0x08006d40       0x20 ./build/obj/chvt.o
 .text.chVTGetSystemTimeX
                0x08006d60        0xe ./build/obj/chvt.o
 .text.vt_set_alarm
                0x08006d6e       0x72 ./build/obj/chvt.o
 .text.vt_insert_first
                0x08006de0       0x9a ./build/obj/chvt.o
 .text.vt_enqueue
                0x08006e7a       0x76 ./build/obj/chvt.o
 .text.chVTDoSetI
                0x08006ef0       0x3c ./build/obj/chvt.o
                0x08006ef0                chVTDoSetI
 .text.chVTDoResetI
                0x08006f2c       0xc4 ./build/obj/chvt.o
                0x08006f2c                chVTDoResetI
 .text.chVTDoTickI
                0x08006ff0      0x140 ./build/obj/chvt.o
                0x08006ff0                chVTDoTickI
 .text.ch_queue_dequeue
                0x08007130       0x28 ./build/obj/chschd.o
 .text.ch_pqueue_remove_highest
                0x08007158       0x2a ./build/obj/chschd.o
 .text.ch_pqueue_insert_behind
                0x08007182       0x4e ./build/obj/chschd.o
 .text.ch_pqueue_insert_ahead
                0x080071d0       0x4e ./build/obj/chschd.o
 .text.chSysLockFromISR
                0x0800721e       0x20 ./build/obj/chschd.o
 .text.chSysUnlockFromISR
                0x0800723e       0x20 ./build/obj/chschd.o
 .text.chVTIsArmedI
                0x0800725e       0x20 ./build/obj/chschd.o
 .text.chSemFastSignalI
                0x0800727e       0x1c ./build/obj/chschd.o
 .text.__sch_ready_behind
                0x0800729a       0x36 ./build/obj/chschd.o
 .text.__sch_ready_ahead
                0x080072d0       0x36 ./build/obj/chschd.o
 *fill*         0x08007306        0x2 
 .text.__sch_wakeup
                0x08007308       0x98 ./build/obj/chschd.o
 .text.chSchReadyI
                0x080073a0       0x18 ./build/obj/chschd.o
                0x080073a0                chSchReadyI
 .text.chSchGoSleepS
                0x080073b8       0x50 ./build/obj/chschd.o
                0x080073b8                chSchGoSleepS
 .text.chSchGoSleepTimeoutS
                0x08007408       0x68 ./build/obj/chschd.o
                0x08007408                chSchGoSleepTimeoutS
 .text.chSchIsPreemptionRequired
                0x08007470       0x3c ./build/obj/chschd.o
                0x08007470                chSchIsPreemptionRequired
 .text.chSchDoPreemption
                0x080074ac       0x4c ./build/obj/chschd.o
                0x080074ac                chSchDoPreemption
 .text.__rfcu_object_init
                0x080074f8       0x18 ./build/obj/chinstances.o
 .text.__dbg_object_init
                0x08007510       0x18 ./build/obj/chinstances.o
 .text.ch_queue_init
                0x08007528       0x1e ./build/obj/chinstances.o
 .text.ch_pqueue_init
                0x08007546       0x24 ./build/obj/chinstances.o
 .text.ch_dlist_init
                0x0800756a       0x26 ./build/obj/chinstances.o
 .text.port_timer_get_time
                0x08007590        0xe ./build/obj/chinstances.o
 .text.chVTGetSystemTimeX
                0x0800759e        0xe ./build/obj/chinstances.o
 .text.__vt_object_init
                0x080075ac       0x30 ./build/obj/chinstances.o
 .text.__reg_object_init
                0x080075dc       0x18 ./build/obj/chinstances.o
 .text.__idle_thread
                0x080075f4        0xc ./build/obj/chinstances.o
 .text.chInstanceObjectInit
                0x08007600       0xd0 ./build/obj/chinstances.o
                0x08007600                chInstanceObjectInit
 .text.ch_list_init
                0x080076d0       0x18 ./build/obj/chthreads.o
 .text.ch_list_notempty
                0x080076e8       0x22 ./build/obj/chthreads.o
 .text.ch_list_unlink
                0x0800770a       0x22 ./build/obj/chthreads.o
 .text.ch_queue_init
                0x0800772c       0x1e ./build/obj/chthreads.o
 .text.ch_queue_notempty
                0x0800774a       0x22 ./build/obj/chthreads.o
 .text.ch_queue_insert
                0x0800776c       0x30 ./build/obj/chthreads.o
 .text.ch_queue_fifo_remove
                0x0800779c       0x2a ./build/obj/chthreads.o
 .text.ch_queue_dequeue
                0x080077c6       0x28 ./build/obj/chthreads.o
 .text.chSysLock
                0x080077ee       0x1e ./build/obj/chthreads.o
 .text.chSysUnlock
                0x0800780c       0x1e ./build/obj/chthreads.o
 *fill*         0x0800782a        0x2 
 .text.chThdGetSelfX
                0x0800782c       0x14 ./build/obj/chthreads.o
 .text.chThdSleepS
                0x08007840       0x18 ./build/obj/chthreads.o
 .text.chThdDoDequeueNextI
                0x08007858       0x28 ./build/obj/chthreads.o
 .text.__thd_object_init
                0x08007880       0x7a ./build/obj/chthreads.o
                0x08007880                __thd_object_init
 *fill*         0x080078fa        0x2 
 .text.chThdCreateSuspendedI
                0x080078fc       0x60 ./build/obj/chthreads.o
                0x080078fc                chThdCreateSuspendedI
 .text.chThdCreateI
                0x0800795c       0x20 ./build/obj/chthreads.o
                0x0800795c                chThdCreateI
 .text.chThdExit
                0x0800797c       0x1a ./build/obj/chthreads.o
                0x0800797c                chThdExit
 .text.chThdExitS
                0x08007996       0x7c ./build/obj/chthreads.o
                0x08007996                chThdExitS
 .text.chThdSleep
                0x08007a12       0x1e ./build/obj/chthreads.o
                0x08007a12                chThdSleep
 .text.chThdResumeI
                0x08007a30       0x32 ./build/obj/chthreads.o
                0x08007a30                chThdResumeI
 .text.chThdEnqueueTimeoutS
                0x08007a62       0x42 ./build/obj/chthreads.o
                0x08007a62                chThdEnqueueTimeoutS
 .text.chThdDequeueNextI
                0x08007aa4       0x28 ./build/obj/chthreads.o
                0x08007aa4                chThdDequeueNextI
 .text.tm_stop  0x08007acc       0x7a ./build/obj/chtm.o
 .text.chTMObjectInit
                0x08007b46       0x3a ./build/obj/chtm.o
                0x08007b46                chTMObjectInit
 .text.chTMStartMeasurementX
                0x08007b80       0x20 ./build/obj/chtm.o
                0x08007b80                chTMStartMeasurementX
 .text.chTMStopMeasurementX
                0x08007ba0       0x28 ./build/obj/chtm.o
                0x08007ba0                chTMStopMeasurementX
 .text.ch_queue_init
                0x08007bc8       0x1e ./build/obj/chmtx.o
 .text.chMtxObjectInit
                0x08007be6       0x1e ./build/obj/chmtx.o
                0x08007be6                chMtxObjectInit
 .text.chEvtSignalI
                0x08007c04       0x5e ./build/obj/chevents.o
                0x08007c04                chEvtSignalI
 .text.chEvtBroadcastFlagsI
                0x08007c62       0x58 ./build/obj/chevents.o
                0x08007c62                chEvtBroadcastFlagsI
 .text.chSysLock
                0x08007cba       0x1e ./build/obj/chmemcore.o
 .text.chSysUnlock
                0x08007cd8       0x1e ./build/obj/chmemcore.o
 *fill*         0x08007cf6        0x2 
 .text.__core_init
                0x08007cf8       0x24 ./build/obj/chmemcore.o
                0x08007cf8                __core_init
 .text.chCoreAllocFromTopI
                0x08007d1c       0x58 ./build/obj/chmemcore.o
                0x08007d1c                chCoreAllocFromTopI
 .text.chCoreAllocFromTop
                0x08007d74       0x2a ./build/obj/chmemcore.o
                0x08007d74                chCoreAllocFromTop
 *fill*         0x08007d9e        0x2 
 .text.__heap_init
                0x08007da0       0x2c ./build/obj/chmemheaps.o
                0x08007da0                __heap_init
 .text.chPoolObjectInitAligned
                0x08007dcc       0x30 ./build/obj/chmempools.o
                0x08007dcc                chPoolObjectInitAligned
 .text.chCoreAllocAlignedI
                0x08007dfc       0x1e ./build/obj/chfactory.o
 .text.chPoolObjectInit
                0x08007e1a       0x20 ./build/obj/chfactory.o
 .text.dyn_list_init
                0x08007e3a       0x18 ./build/obj/chfactory.o
 *fill*         0x08007e52        0x2 
 .text.__factory_init
                0x08007e54       0x70 ./build/obj/chfactory.o
                0x08007e54                __factory_init
 .text.__NVIC_SetPriorityGrouping
                0x08007ec4       0x48 ./build/obj/chcore.o
 .text.__NVIC_SetPriority
                0x08007f0c       0x54 ./build/obj/chcore.o
 .text.SVC_Handler
                0x08007f60       0x3c ./build/obj/chcore.o
                0x08007f60                SVC_Handler
 .text.port_init
                0x08007f9c       0x68 ./build/obj/chcore.o
                0x08007f9c                port_init
 .text.__port_irq_epilogue
                0x08008004       0x88 ./build/obj/chcore.o
                0x08008004                __port_irq_epilogue
 .text.sai_test_callback
                0x0800808c       0x58 ./build/obj/main.o
 .text.sai_dma_error_hook
                0x080080e4       0x20 ./build/obj/main.o
                0x080080e4                sai_dma_error_hook
 .text.sai_gpio_init
                0x08008104       0x58 ./build/obj/main.o
 .text.sai_fill_silence
                0x0800815c       0x34 ./build/obj/main.o
 .text.main     0x08008190       0xdc ./build/obj/main.o
                0x08008190                main
 *(.glue_7t)
 .glue_7t       0x0800826c        0x0 linker stubs
 *(.glue_7)
 .glue_7        0x0800826c        0x0 linker stubs
 *(.gcc*)
                0x0800826c                __text_end__ = .

.vfp11_veneer   0x0800826c        0x0
 .vfp11_veneer  0x0800826c        0x0 linker stubs

.v4_bx          0x0800826c        0x0
 .v4_bx         0x0800826c        0x0 linker stubs

.iplt           0x0800826c        0x0
 .iplt          0x0800826c        0x0 ./build/obj/crt0_v7m.o

.rodata         0x0800826c      0x6ac
                0x0800826c                __rodata_base__ = .
 *(.rodata)
 .rodata        0x0800826c        0x7 ./build/obj/chprintf.o
 *fill*         0x08008273        0x1 
 .rodata        0x08008274        0x3 ./build/obj/chsys.o
 *fill*         0x08008277        0x1 
 .rodata        0x08008278        0x5 ./build/obj/chinstances.o
 *fill*         0x0800827d        0x3 
 .rodata        0x08008280       0x9c ./build/obj/main.o
 *(.rodata.*)
 .rodata.ram_areas
                0x0800831c       0x80 ./build/obj/crt1.o
 .rodata.vmt    0x0800839c       0x28 ./build/obj/hal_serial.o
 .rodata.zero_status
                0x080083c4        0x2 ./build/obj/hal_usb.o
 *fill*         0x080083c6        0x2 
 .rodata.active_status
                0x080083c8        0x2 ./build/obj/hal_usb.o
 *fill*         0x080083ca        0x2 
 .rodata.halted_status
                0x080083cc        0x2 ./build/obj/hal_usb.o
 *fill*         0x080083ce        0x2 
 .rodata.__func__.0
                0x080083d0        0xa ./build/obj/hal_fsmc.o
 *fill*         0x080083da        0x2 
 .rodata.__func__.2
                0x080083dc        0x9 ./build/obj/stm32_isr.o
 *fill*         0x080083e5        0x3 
 .rodata.__func__.1
                0x080083e8        0xa ./build/obj/stm32_isr.o
 *fill*         0x080083f2        0x2 
 .rodata.__func__.0
                0x080083f4        0x9 ./build/obj/stm32_isr.o
 *fill*         0x080083fd        0x3 
 .rodata.__func__.0
                0x08008400        0x9 ./build/obj/hal_adc_lld.o
 *fill*         0x08008409        0x3 
 .rodata._stm32_bdma_streams
                0x0800840c       0xa0 ./build/obj/stm32_bdma.o
                0x0800840c                _stm32_bdma_streams
 .rodata.__func__.7
                0x080084ac        0xa ./build/obj/stm32_bdma.o
 *fill*         0x080084b6        0x2 
 .rodata.__func__.6
                0x080084b8        0xa ./build/obj/stm32_bdma.o
 *fill*         0x080084c2        0x2 
 .rodata.__func__.5
                0x080084c4        0xa ./build/obj/stm32_bdma.o
 *fill*         0x080084ce        0x2 
 .rodata.__func__.4
                0x080084d0        0xa ./build/obj/stm32_bdma.o
 *fill*         0x080084da        0x2 
 .rodata.__func__.3
                0x080084dc        0xa ./build/obj/stm32_bdma.o
 *fill*         0x080084e6        0x2 
 .rodata.__func__.2
                0x080084e8        0xa ./build/obj/stm32_bdma.o
 *fill*         0x080084f2        0x2 
 .rodata.__func__.1
                0x080084f4        0xa ./build/obj/stm32_bdma.o
 *fill*         0x080084fe        0x2 
 .rodata.__func__.0
                0x08008500        0xa ./build/obj/stm32_bdma.o
 *fill*         0x0800850a        0x2 
 .rodata._stm32_dma_streams
                0x0800850c      0x100 ./build/obj/stm32_dma.o
                0x0800850c                _stm32_dma_streams
 .rodata.__func__.15
                0x0800860c        0x9 ./build/obj/stm32_dma.o
 *fill*         0x08008615        0x3 
 .rodata.__func__.14
                0x08008618        0x9 ./build/obj/stm32_dma.o
 *fill*         0x08008621        0x3 
 .rodata.__func__.13
                0x08008624        0x9 ./build/obj/stm32_dma.o
 *fill*         0x0800862d        0x3 
 .rodata.__func__.12
                0x08008630        0x9 ./build/obj/stm32_dma.o
 *fill*         0x08008639        0x3 
 .rodata.__func__.11
                0x0800863c        0x9 ./build/obj/stm32_dma.o
 *fill*         0x08008645        0x3 
 .rodata.__func__.10
                0x08008648        0x9 ./build/obj/stm32_dma.o
 *fill*         0x08008651        0x3 
 .rodata.__func__.9
                0x08008654        0x9 ./build/obj/stm32_dma.o
 *fill*         0x0800865d        0x3 
 .rodata.__func__.8
                0x08008660        0x9 ./build/obj/stm32_dma.o
 *fill*         0x08008669        0x3 
 .rodata.__func__.7
                0x0800866c        0xa ./build/obj/stm32_dma.o
 *fill*         0x08008676        0x2 
 .rodata.__func__.6
                0x08008678        0xa ./build/obj/stm32_dma.o
 *fill*         0x08008682        0x2 
 .rodata.__func__.5
                0x08008684        0xa ./build/obj/stm32_dma.o
 *fill*         0x0800868e        0x2 
 .rodata.__func__.4
                0x08008690        0xa ./build/obj/stm32_dma.o
 *fill*         0x0800869a        0x2 
 .rodata.__func__.3
                0x0800869c        0xa ./build/obj/stm32_dma.o
 *fill*         0x080086a6        0x2 
 .rodata.__func__.2
                0x080086a8        0xa ./build/obj/stm32_dma.o
 *fill*         0x080086b2        0x2 
 .rodata.__func__.1
                0x080086b4        0xa ./build/obj/stm32_dma.o
 *fill*         0x080086be        0x2 
 .rodata.__func__.0
                0x080086c0        0xa ./build/obj/stm32_dma.o
 *fill*         0x080086ca        0x2 
 .rodata.__func__.1
                0x080086cc        0x9 ./build/obj/hal_i2c_lld.o
 *fill*         0x080086d5        0x3 
 .rodata.__func__.0
                0x080086d8        0x9 ./build/obj/hal_i2c_lld.o
 *fill*         0x080086e1        0x3 
 .rodata.ep0config
                0x080086e4       0x24 ./build/obj/hal_usb_lld.o
 .rodata.fsparams
                0x08008708        0xc ./build/obj/hal_usb_lld.o
 .rodata.__func__.0
                0x08008714        0xa ./build/obj/hal_usb_lld.o
 *fill*         0x0800871e        0x2 
 .rodata.__func__.4
                0x08008720        0x9 ./build/obj/hal_spi_v2_lld.o
 *fill*         0x08008729        0x3 
 .rodata.__func__.3
                0x0800872c        0x9 ./build/obj/hal_spi_v2_lld.o
 *fill*         0x08008735        0x3 
 .rodata.__func__.2
                0x08008738        0xa ./build/obj/hal_spi_v2_lld.o
 *fill*         0x08008742        0x2 
 .rodata.__func__.1
                0x08008744        0xa ./build/obj/hal_spi_v2_lld.o
 *fill*         0x0800874e        0x2 
 .rodata.__func__.0
                0x08008750        0xa ./build/obj/hal_spi_v2_lld.o
 *fill*         0x0800875a        0x2 
 .rodata.default_config
                0x0800875c       0x10 ./build/obj/hal_serial_lld.o
 .rodata.gpio_default_config
                0x0800876c      0x134 ./build/obj/board.o
 .rodata.ch_core0_cfg
                0x080088a0       0x14 ./build/obj/chsys.o
                0x080088a0                ch_core0_cfg
 .rodata.ch_debug
                0x080088b4       0x2c ./build/obj/chregistry.o
                0x080088b4                ch_debug
 .rodata.uart_cfg
                0x080088e0       0x10 ./build/obj/main.o
 .rodata.sai_cfg
                0x080088f0       0x28 ./build/obj/main.o
                0x08008918                . = ALIGN (0x4)
                0x08008918                __rodata_end__ = .

.rel.dyn        0x08008918        0x0
 .rel.iplt      0x08008918        0x0 ./build/obj/crt0_v7m.o

.ARM.extab
 *(.ARM.extab* .gnu.linkonce.armextab.*)

.ARM.exidx      0x08008918        0x0
                0x08008918                __exidx_base__ = .
                0x08008918                __exidx_start = .
 *(.ARM.exidx* .gnu.linkonce.armexidx.*)
                0x08008918                __exidx_end__ = .
                0x08008918                __exidx_end = .

.eh_frame_hdr
 *(.eh_frame_hdr)

.eh_frame
 *(.eh_frame)

.data           0x24000000        0x0 load address 0x08008918
                [!provide]                PROVIDE (_textdata = LOADADDR (.data))
                [!provide]                PROVIDE (_data = .)
                0x08008918                __textdata_base__ = LOADADDR (.data)
                0x24000000                __data_base__ = .
 *(.data)
 *(.data.*)
 *(.ramtext)
                0x24000000                . = ALIGN (0x4)
                [!provide]                PROVIDE (_edata = .)
                0x24000000                __data_end__ = .

.igot.plt       0x24000000        0x0 load address 0x08008918
 .igot.plt      0x24000000        0x0 ./build/obj/crt0_v7m.o

.bss            0x24000000     0x12a4 load address 0x08008918
                0x24000000                __bss_base__ = .
 *(.bss)
 *(.bss.*)
 .bss.FSMCD1    0x24000000        0x8 ./build/obj/hal_fsmc.o
                0x24000000                FSMCD1
 .bss.ADCD1     0x24000008       0x38 ./build/obj/hal_adc_lld.o
                0x24000008                ADCD1
 .bss.bdma      0x24000040       0x44 ./build/obj/stm32_bdma.o
 .bss.dma       0x24000084       0x84 ./build/obj/stm32_dma.o
 .bss.I2CD2     0x24000108       0x3c ./build/obj/hal_i2c_lld.o
                0x24000108                I2CD2
 .bss.USBD1     0x24000144       0x9c ./build/obj/hal_usb_lld.o
                0x24000144                USBD1
 .bss.ep0_state
                0x240001e0       0x10 ./build/obj/hal_usb_lld.o
 .bss.ep0setup_buffer
                0x240001f0        0x8 ./build/obj/hal_usb_lld.o
 .bss.SPID1     0x240001f8       0x3c ./build/obj/hal_spi_v2_lld.o
                0x240001f8                SPID1
 .bss.SPID2     0x24000234       0x3c ./build/obj/hal_spi_v2_lld.o
                0x24000234                SPID2
 .bss.SPID3     0x24000270       0x3c ./build/obj/hal_spi_v2_lld.o
                0x24000270                SPID3
 .bss.SPID5     0x240002ac       0x3c ./build/obj/hal_spi_v2_lld.o
                0x240002ac                SPID5
 .bss.SPID6     0x240002e8       0x3c ./build/obj/hal_spi_v2_lld.o
                0x240002e8                SPID6
 .bss.SAID2A    0x24000324       0x30 ./build/obj/hal_sai_lld.o
                0x24000324                SAID2A
 .bss.sai1_ref  0x24000354        0x4 ./build/obj/hal_sai_lld.o
 .bss.sai2_ref  0x24000358        0x4 ./build/obj/hal_sai_lld.o
 .bss.SD1       0x2400035c       0x60 ./build/obj/hal_serial_lld.o
                0x2400035c                SD1
 .bss.SD5       0x240003bc       0x60 ./build/obj/hal_serial_lld.o
                0x240003bc                SD5
 .bss.sd_in_buf1
                0x2400041c       0x10 ./build/obj/hal_serial_lld.o
 .bss.sd_out_buf1
                0x2400042c       0x10 ./build/obj/hal_serial_lld.o
 .bss.sd_in_buf5
                0x2400043c       0x10 ./build/obj/hal_serial_lld.o
 .bss.sd_out_buf5
                0x2400044c       0x10 ./build/obj/hal_serial_lld.o
 .bss.ch_system
                0x2400045c        0xc ./build/obj/chsys.o
                0x2400045c                ch_system
 .bss.ch0       0x24000468      0x890 ./build/obj/chsys.o
                0x24000468                ch0
 .bss.ch_c0_idle_thread_wa
                0x24000cf8      0x130 ./build/obj/chsys.o
 .bss.ch_memcore
                0x24000e28        0x8 ./build/obj/chmemcore.o
                0x24000e28                ch_memcore
 .bss.default_heap
                0x24000e30       0x1c ./build/obj/chmemheaps.o
 .bss.ch_factory
                0x24000e4c       0x48 ./build/obj/chfactory.o
                0x24000e4c                ch_factory
 .bss.ht_count  0x24000e94        0x4 ./build/obj/main.o
 .bss.tc_count  0x24000e98        0x4 ./build/obj/main.o
 .bss.dma_error_count
                0x24000e9c        0x4 ./build/obj/main.o
 .bss.sai_error_flags
                0x24000ea0        0x4 ./build/obj/main.o
 .bss.sai_tx_buffer
                0x24000ea4      0x400 ./build/obj/main.o
 *(COMMON)
                0x240012a4                . = ALIGN (0x4)
                0x240012a4                __bss_end__ = .
                [!provide]                PROVIDE (end = .)
                0x24000000                __ram0_base__ = ORIGIN (ram0)
                0x00080000                __ram0_size__ = LENGTH (ram0)
                0x24080000                __ram0_end__ = (__ram0_base__ + __ram0_size__)
                0x30000000                __ram1_base__ = ORIGIN (ram1)
                0x00040000                __ram1_size__ = LENGTH (ram1)
                0x30040000                __ram1_end__ = (__ram1_base__ + __ram1_size__)
                0x30000000                __ram2_base__ = ORIGIN (ram2)
                0x00048000                __ram2_size__ = LENGTH (ram2)
                0x30048000                __ram2_end__ = (__ram2_base__ + __ram2_size__)
                0x30040000                __ram3_base__ = ORIGIN (ram3)
                0x00008000                __ram3_size__ = LENGTH (ram3)
                0x30048000                __ram3_end__ = (__ram3_base__ + __ram3_size__)
                0x38000000                __ram4_base__ = ORIGIN (ram4)
                0x00010000                __ram4_size__ = LENGTH (ram4)
                0x38010000                __ram4_end__ = (__ram4_base__ + __ram4_size__)
                0x20000000                __ram5_base__ = ORIGIN (ram5)
                0x00020000                __ram5_size__ = LENGTH (ram5)
                0x20020000                __ram5_end__ = (__ram5_base__ + __ram5_size__)
                0x00000000                __ram6_base__ = ORIGIN (ram6)
                0x00010000                __ram6_size__ = LENGTH (ram6)
                0x00010000                __ram6_end__ = (__ram6_base__ + __ram6_size__)
                0x38800000                __ram7_base__ = ORIGIN (ram7)
                0x00001000                __ram7_size__ = LENGTH (ram7)
                0x38801000                __ram7_end__ = (__ram7_base__ + __ram7_size__)
                0x08000000                __flash0_base__ = ORIGIN (flash0)
                0x00200000                __flash0_size__ = LENGTH (flash0)
                0x08200000                __flash0_end__ = (__flash0_base__ + __flash0_size__)
                0x08000000                __flash1_base__ = ORIGIN (flash1)
                0x00100000                __flash1_size__ = LENGTH (flash1)
                0x08100000                __flash1_end__ = (__flash1_base__ + __flash1_size__)
                0x08100000                __flash2_base__ = ORIGIN (flash2)
                0x00100000                __flash2_size__ = LENGTH (flash2)
                0x08200000                __flash2_end__ = (__flash2_base__ + __flash2_size__)
                0x00000000                __flash3_base__ = ORIGIN (flash3)
                0x00000000                __flash3_size__ = LENGTH (flash3)
                0x00000000                __flash3_end__ = (__flash3_base__ + __flash3_size__)
                0x00000000                __flash4_base__ = ORIGIN (flash4)
                0x00000000                __flash4_size__ = LENGTH (flash4)
                0x00000000                __flash4_end__ = (__flash4_base__ + __flash4_size__)
                0x00000000                __flash5_base__ = ORIGIN (flash5)
                0x00000000                __flash5_size__ = LENGTH (flash5)
                0x00000000                __flash5_end__ = (__flash5_base__ + __flash5_size__)
                0x00000000                __flash6_base__ = ORIGIN (flash6)
                0x00000000                __flash6_size__ = LENGTH (flash6)
                0x00000000                __flash6_end__ = (__flash6_base__ + __flash6_size__)
                0x00000000                __flash7_base__ = ORIGIN (flash7)
                0x00000000                __flash7_size__ = LENGTH (flash7)
                0x00000000                __flash7_end__ = (__flash7_base__ + __flash7_size__)

.ram0_init      0x240012a4        0x0 load address 0x08008918
                0x08008918                __ram0_init_text__ = LOADADDR (.ram0_init)
                0x240012a4                __ram0_init__ = .
 *(.ram0_init)
 *(.ram0_init.*)
                0x240012a4                . = ALIGN (0x4)

.ram0           0x240012a4        0x0 load address 0x08008918
                0x240012a4                __ram0_clear__ = .
 *(.ram0_clear)
 *(.ram0_clear.*)
                0x240012a4                . = ALIGN (0x4)
                0x240012a4                __ram0_noinit__ = .
 *(.ram0)
 *(.ram0.*)
                0x240012a4                . = ALIGN (0x4)
                0x240012a4                __ram0_free__ = .

.ram1_init      0x30000000        0x0 load address 0x08008918
                0x08008918                __ram1_init_text__ = LOADADDR (.ram1_init)
                0x30000000                __ram1_init__ = .
 *(.ram1_init)
 *(.ram1_init.*)
                0x30000000                . = ALIGN (0x4)

.ram1           0x30000000        0x0 load address 0x08008918
                0x30000000                __ram1_clear__ = .
 *(.ram1_clear)
 *(.ram1_clear.*)
                0x30000000                . = ALIGN (0x4)
                0x30000000                __ram1_noinit__ = .
 *(.ram1)
 *(.ram1.*)
                0x30000000                . = ALIGN (0x4)
                0x30000000                __ram1_free__ = .

.ram2_init      0x30000000        0x0 load address 0x08008918
                0x08008918                __ram2_init_text__ = LOADADDR (.ram2_init)
                0x30000000                __ram2_init__ = .
 *(.ram2_init)
 *(.ram2_init.*)
                0x30000000                . = ALIGN (0x4)

.ram2           0x30000000        0x0 load address 0x08008918
                0x30000000                __ram2_clear__ = .
 *(.ram2_clear)
 *(.ram2_clear.*)
                0x30000000                . = ALIGN (0x4)
                0x30000000                __ram2_noinit__ = .
 *(.ram2)
 *(.ram2.*)
                0x30000000                . = ALIGN (0x4)
                0x30000000                __ram2_free__ = .

.ram3_init      0x30040000        0x0 load address 0x08008918
                0x08008918                __ram3_init_text__ = LOADADDR (.ram3_init)
                0x30040000                __ram3_init__ = .
 *(.ram3_init)
 *(.ram3_init.*)
                0x30040000                . = ALIGN (0x4)

.ram3           0x30040000        0x0 load address 0x08008918
                0x30040000                __ram3_clear__ = .
 *(.ram3_clear)
 *(.ram3_clear.*)
                0x30040000                . = ALIGN (0x4)
                0x30040000                __ram3_noinit__ = .
 *(.ram3)
 *(.ram3.*)
                0x30040000                . = ALIGN (0x4)
                0x30040000                __ram3_free__ = .

.ram4_init      0x38000000        0x0 load address 0x08008918
                0x08008918                __ram4_init_text__ = LOADADDR (.ram4_init)
                0x38000000                __ram4_init__ = .
 *(.ram4_init)
 *(.ram4_init.*)
                0x38000000                . = ALIGN (0x4)

.ram4           0x38000000        0x0 load address 0x08008918
                0x38000000                __ram4_clear__ = .
 *(.ram4_clear)
 *(.ram4_clear.*)
                0x38000000                . = ALIGN (0x4)
                0x38000000                __ram4_noinit__ = .
 *(.ram4)
 *(.ram4.*)
                0x38000000                . = ALIGN (0x4)
                0x38000000                __ram4_free__ = .

.ram5_init      0x20000800        0x0 load address 0x08008918
                0x08008918                __ram5_init_text__ = LOADADDR (.ram5_init)
                0x20000800                __ram5_init__ = .
 *(.ram5_init)
 *(.ram5_init.*)
                0x20000800                . = ALIGN (0x4)

.ram5           0x20000800        0x0 load address 0x08008918
                0x20000800                __ram5_clear__ = .
 *(.ram5_clear)
 *(.ram5_clear.*)
                0x20000800                . = ALIGN (0x4)
                0x20000800                __ram5_noinit__ = .
 *(.ram5)
 *(.ram5.*)
                0x20000800                . = ALIGN (0x4)
                0x20000800                __ram5_free__ = .

.ram6_init      0x00000000        0x0 load address 0x08008918
                0x08008918                __ram6_init_text__ = LOADADDR (.ram6_init)
                0x00000000                __ram6_init__ = .
 *(.ram6_init)
 *(.ram6_init.*)
                0x00000000                . = ALIGN (0x4)

.ram6           0x00000000        0x0 load address 0x08008918
                0x00000000                __ram6_clear__ = .
 *(.ram6_clear)
 *(.ram6_clear.*)
                0x00000000                . = ALIGN (0x4)
                0x00000000                __ram6_noinit__ = .
 *(.ram6)
 *(.ram6.*)
                0x00000000                . = ALIGN (0x4)
                0x00000000                __ram6_free__ = .

.ram7_init      0x38800000        0x0 load address 0x08008918
                0x08008918                __ram7_init_text__ = LOADADDR (.ram7_init)
                0x38800000                __ram7_init__ = .
 *(.ram7_init)
 *(.ram7_init.*)
                0x38800000                . = ALIGN (0x4)

.ram7           0x38800000        0x0 load address 0x08008918
                0x38800000                __ram7_clear__ = .
 *(.ram7_clear)
 *(.ram7_clear.*)
                0x38800000                . = ALIGN (0x4)
                0x38800000                __ram7_noinit__ = .
 *(.ram7)
 *(.ram7.*)
                0x38800000                . = ALIGN (0x4)
                0x38800000                __ram7_free__ = .

.flash0         0x08008918        0x0
                0x08008918                __flash0_init__ = .
 *(.flash0_init)
 *(.flash0_init.*)
                0x08008918                __flash0_free__ = .

.flash1         0x08000000        0x0
                0x08000000                __flash1_init__ = .
 *(.flash1_init)
 *(.flash1_init.*)
                0x08000000                __flash1_free__ = .

.flash2         0x08100000        0x0
                0x08100000                __flash2_init__ = .
 *(.flash2_init)
 *(.flash2_init.*)
                0x08100000                __flash2_free__ = .

.flash3         0x00000000        0x0
                0x00000000                __flash3_init__ = .
 *(.flash3_init)
 *(.flash3_init.*)
                0x00000000                __flash3_free__ = .

.flash4         0x00000000        0x0
                0x00000000                __flash4_init__ = .
 *(.flash4_init)
 *(.flash4_init.*)
                0x00000000                __flash4_free__ = .

.flash5         0x00000000        0x0
                0x00000000                __flash5_init__ = .
 *(.flash5_init)
 *(.flash5_init.*)
                0x00000000                __flash5_free__ = .

.flash6         0x00000000        0x0
                0x00000000                __flash6_init__ = .
 *(.flash6_init)
 *(.flash6_init.*)
                0x00000000                __flash6_free__ = .

.flash7         0x00000000        0x0
                0x00000000                __flash7_init__ = .
 *(.flash7_init)
 *(.flash7_init.*)
                0x00000000                __flash7_free__ = .

.heap           0x240012a4    0x7ed5c
                0x240012a8                . = ALIGN (0x8)
 *fill*         0x240012a4        0x4 
                0x240012a8                __heap_base__ = .
                0x24080000                . = (ORIGIN (HEAP_RAM) + LENGTH (HEAP_RAM))
 *fill*         0x240012a8    0x7ed58 
                0x24080000                __heap_end__ = .
                0x00000400                __process_stack_size__ = 0x400
                0x00000400                __main_stack_size__ = 0x400
START GROUP
LOAD c:/chibistudio/tools/gnu tools arm embedded/11.3 2022.08/bin/../lib/gcc/arm-none-eabi/11.3.1/thumb/v7e-m/nofp\libgcc.a
LOAD c:/chibistudio/tools/gnu tools arm embedded/11.3 2022.08/bin/../lib/gcc/arm-none-eabi/11.3.1/thumb/v7e-m/nofp\libg.a
LOAD c:/chibistudio/tools/gnu tools arm embedded/11.3 2022.08/bin/../lib/gcc/arm-none-eabi/11.3.1/thumb/v7e-m/nofp\libc.a
END GROUP
OUTPUT(build/ch.elf elf32-littlearm)
LOAD linker stubs

.ARM.attributes
                0x00000000       0x2f
 .ARM.attributes
                0x00000000       0x21 ./build/obj/crt0_v7m.o
 .ARM.attributes
                0x00000021       0x21 ./build/obj/vectors.o
 .ARM.attributes
                0x00000042       0x21 ./build/obj/chcoreasm.o
 .ARM.attributes
                0x00000063       0x2e ./build/obj/crt1.o
 .ARM.attributes
                0x00000091       0x2e ./build/obj/hal.o
 .ARM.attributes
                0x000000bf       0x2e ./build/obj/hal_st.o
 .ARM.attributes
                0x000000ed       0x2e ./build/obj/hal_queues.o
 .ARM.attributes
                0x0000011b       0x2e ./build/obj/hal_adc.o
 .ARM.attributes
                0x00000149       0x2e ./build/obj/hal_i2c.o
 .ARM.attributes
                0x00000177       0x2e ./build/obj/hal_mmc_spi.o
 .ARM.attributes
                0x000001a5       0x2e ./build/obj/hal_sai.o
 .ARM.attributes
                0x000001d3       0x2e ./build/obj/hal_serial.o
 .ARM.attributes
                0x00000201       0x2e ./build/obj/hal_spi.o
 .ARM.attributes
                0x0000022f       0x2e ./build/obj/hal_usb.o
 .ARM.attributes
                0x0000025d       0x2e ./build/obj/hal_community.o
 .ARM.attributes
                0x0000028b       0x2e ./build/obj/hal_fsmc.o
 .ARM.attributes
                0x000002b9       0x2e ./build/obj/chprintf.o
 .ARM.attributes
                0x000002e7       0x2e ./build/obj/nvic.o
 .ARM.attributes
                0x00000315       0x2e ./build/obj/stm32_isr.o
 .ARM.attributes
                0x00000343       0x2e ./build/obj/hal_lld.o
 .ARM.attributes
                0x00000371       0x2e ./build/obj/hal_adc_lld.o
 .ARM.attributes
                0x0000039f       0x2e ./build/obj/stm32_bdma.o
 .ARM.attributes
                0x000003cd       0x2e ./build/obj/stm32_dma.o
 .ARM.attributes
                0x000003fb       0x2e ./build/obj/hal_pal_lld.o
 .ARM.attributes
                0x00000429       0x2e ./build/obj/hal_i2c_lld.o
 .ARM.attributes
                0x00000457       0x2e ./build/obj/hal_usb_lld.o
 .ARM.attributes
                0x00000485       0x2e ./build/obj/hal_spi_v2_lld.o
 .ARM.attributes
                0x000004b3       0x2e ./build/obj/hal_sai_lld.o
 .ARM.attributes
                0x000004e1       0x2e ./build/obj/hal_st_lld.o
 .ARM.attributes
                0x0000050f       0x2e ./build/obj/hal_serial_lld.o
 .ARM.attributes
                0x0000053d       0x2e ./build/obj/board.o
 .ARM.attributes
                0x0000056b       0x2e ./build/obj/chsys.o
 .ARM.attributes
                0x00000599       0x2e ./build/obj/chrfcu.o
 .ARM.attributes
                0x000005c7       0x2e ./build/obj/chtrace.o
 .ARM.attributes
                0x000005f5       0x2e ./build/obj/chvt.o
 .ARM.attributes
                0x00000623       0x2e ./build/obj/chschd.o
 .ARM.attributes
                0x00000651       0x2e ./build/obj/chinstances.o
 .ARM.attributes
                0x0000067f       0x2e ./build/obj/chthreads.o
 .ARM.attributes
                0x000006ad       0x2e ./build/obj/chtm.o
 .ARM.attributes
                0x000006db       0x2e ./build/obj/chregistry.o
 .ARM.attributes
                0x00000709       0x2e ./build/obj/chmtx.o
 .ARM.attributes
                0x00000737       0x2e ./build/obj/chevents.o
 .ARM.attributes
                0x00000765       0x2e ./build/obj/chmemcore.o
 .ARM.attributes
                0x00000793       0x2e ./build/obj/chmemheaps.o
 .ARM.attributes
                0x000007c1       0x2e ./build/obj/chmempools.o
 .ARM.attributes
                0x000007ef       0x2e ./build/obj/chfactory.o
 .ARM.attributes
                0x0000081d       0x2e ./build/obj/chcore.o
 .ARM.attributes
                0x0000084b       0x2e ./build/obj/main.o
 .ARM.attributes
                0x00000879       0x1c c:/chibistudio/tools/gnu tools arm embedded/11.3 2022.08/bin/../lib/gcc/arm-none-eabi/11.3.1/thumb/v7e-m/nofp\libg.a(libc_a-memcpy.o)

.comment        0x00000000       0x33
 .comment       0x00000000       0x33 ./build/obj/crt1.o
                                 0x34 (size before relaxing)
 .comment       0x00000033       0x34 ./build/obj/hal.o
 .comment       0x00000033       0x34 ./build/obj/hal_st.o
 .comment       0x00000033       0x34 ./build/obj/hal_queues.o
 .comment       0x00000033       0x34 ./build/obj/hal_adc.o
 .comment       0x00000033       0x34 ./build/obj/hal_i2c.o
 .comment       0x00000033       0x34 ./build/obj/hal_mmc_spi.o
 .comment       0x00000033       0x34 ./build/obj/hal_sai.o
 .comment       0x00000033       0x34 ./build/obj/hal_serial.o
 .comment       0x00000033       0x34 ./build/obj/hal_spi.o
 .comment       0x00000033       0x34 ./build/obj/hal_usb.o
 .comment       0x00000033       0x34 ./build/obj/hal_community.o
 .comment       0x00000033       0x34 ./build/obj/hal_fsmc.o
 .comment       0x00000033       0x34 ./build/obj/chprintf.o
 .comment       0x00000033       0x34 ./build/obj/nvic.o
 .comment       0x00000033       0x34 ./build/obj/stm32_isr.o
 .comment       0x00000033       0x34 ./build/obj/hal_lld.o
 .comment       0x00000033       0x34 ./build/obj/hal_adc_lld.o
 .comment       0x00000033       0x34 ./build/obj/stm32_bdma.o
 .comment       0x00000033       0x34 ./build/obj/stm32_dma.o
 .comment       0x00000033       0x34 ./build/obj/hal_pal_lld.o
 .comment       0x00000033       0x34 ./build/obj/hal_i2c_lld.o
 .comment       0x00000033       0x34 ./build/obj/hal_usb_lld.o
 .comment       0x00000033       0x34 ./build/obj/hal_spi_v2_lld.o
 .comment       0x00000033       0x34 ./build/obj/hal_sai_lld.o
 .comment       0x00000033       0x34 ./build/obj/hal_st_lld.o
 .comment       0x00000033       0x34 ./build/obj/hal_serial_lld.o
 .comment       0x00000033       0x34 ./build/obj/board.o
 .comment       0x00000033       0x34 ./build/obj/chsys.o
 .comment       0x00000033       0x34 ./build/obj/chrfcu.o
 .comment       0x00000033       0x34 ./build/obj/chtrace.o
 .comment       0x00000033       0x34 ./build/obj/chvt.o
 .comment       0x00000033       0x34 ./build/obj/chschd.o
 .comment       0x00000033       0x34 ./build/obj/chinstances.o
 .comment       0x00000033       0x34 ./build/obj/chthreads.o
 .comment       0x00000033       0x34 ./build/obj/chtm.o
 .comment       0x00000033       0x34 ./build/obj/chregistry.o
 .comment       0x00000033       0x34 ./build/obj/chmtx.o
 .comment       0x00000033       0x34 ./build/obj/chevents.o
 .comment       0x00000033       0x34 ./build/obj/chmemcore.o
 .comment       0x00000033       0x34 ./build/obj/chmemheaps.o
 .comment       0x00000033       0x34 ./build/obj/chmempools.o
 .comment       0x00000033       0x34 ./build/obj/chfactory.o
 .comment       0x00000033       0x34 ./build/obj/chcore.o
 .comment       0x00000033       0x34 ./build/obj/main.o

.debug_line     0x00000000    0x12d30
 .debug_line    0x00000000       0xa6 ./build/obj/crt0_v7m.o
 .debug_line    0x000000a6       0x4f ./build/obj/vectors.o
 .debug_line    0x000000f5       0x61 ./build/obj/chcoreasm.o
 .debug_line    0x00000156      0x3f7 ./build/obj/crt1.o
 .debug_line    0x0000054d      0x21e ./build/obj/hal.o
 .debug_line    0x0000076b      0x301 ./build/obj/hal_st.o
 .debug_line    0x00000a6c      0x897 ./build/obj/hal_queues.o
 .debug_line    0x00001303      0x634 ./build/obj/hal_adc.o
 .debug_line    0x00001937      0x59a ./build/obj/hal_i2c.o
 .debug_line    0x00001ed1      0xf60 ./build/obj/hal_mmc_spi.o
 .debug_line    0x00002e31      0x455 ./build/obj/hal_sai.o
 .debug_line    0x00003286      0x6a8 ./build/obj/hal_serial.o
 .debug_line    0x0000392e      0x903 ./build/obj/hal_spi.o
 .debug_line    0x00004231      0xaa7 ./build/obj/hal_usb.o
 .debug_line    0x00004cd8       0xc3 ./build/obj/hal_community.o
 .debug_line    0x00004d9b      0x35a ./build/obj/hal_fsmc.o
 .debug_line    0x000050f5      0x50d ./build/obj/chprintf.o
 .debug_line    0x00005602      0x27e ./build/obj/nvic.o
 .debug_line    0x00005880      0xf8d ./build/obj/stm32_isr.o
 .debug_line    0x0000680d      0x5e8 ./build/obj/hal_lld.o
 .debug_line    0x00006df5      0xad4 ./build/obj/hal_adc_lld.o
 .debug_line    0x000078c9      0x6a7 ./build/obj/stm32_bdma.o
 .debug_line    0x00007f70      0x8b8 ./build/obj/stm32_dma.o
 .debug_line    0x00008828      0x261 ./build/obj/hal_pal_lld.o
 .debug_line    0x00008a89      0xb27 ./build/obj/hal_i2c_lld.o
 .debug_line    0x000095b0     0x1171 ./build/obj/hal_usb_lld.o
 .debug_line    0x0000a721     0x100d ./build/obj/hal_spi_v2_lld.o
 .debug_line    0x0000b72e      0x75f ./build/obj/hal_sai_lld.o
 .debug_line    0x0000be8d      0x3d0 ./build/obj/hal_st_lld.o
 .debug_line    0x0000c25d      0x785 ./build/obj/hal_serial_lld.o
 .debug_line    0x0000c9e2      0x562 ./build/obj/board.o
 .debug_line    0x0000cf44      0x6e7 ./build/obj/chsys.o
 .debug_line    0x0000d62b      0x239 ./build/obj/chrfcu.o