ARM GAS  C:\Users\DEVELO~1\AppData\Local\Temp\ccam1Urt.s 			page 1


   1              		.cpu cortex-m7
   2              		.arch armv7e-m
   3              		.fpu softvfp
   4              		.eabi_attribute 20, 1
   5              		.eabi_attribute 21, 1
   6              		.eabi_attribute 23, 3
   7              		.eabi_attribute 24, 1
   8              		.eabi_attribute 25, 1
   9              		.eabi_attribute 26, 1
  10              		.eabi_attribute 30, 6
  11              		.eabi_attribute 34, 1
  12              		.eabi_attribute 18, 4
  13              		.file	"sdram_ext.c"
  14              		.text
  15              	.Ltext0:
  16              		.cfi_sections	.debug_frame
  17              		.section	.rodata.sdram_cfg,"a"
  18              		.align	2
  19              		.type	sdram_cfg, %object
  20              		.size	sdram_cfg, 16
  21              	sdram_cfg:
  22 0000 59390000 		.word	14681
  23 0004 61631101 		.word	17916769
  24 0008 61020000 		.word	609
  25 000c B6040000 		.word	1206
  26              		.section	.text.swap16,"ax",%progbits
  27              		.align	1
  28              		.syntax unified
  29              		.thumb
  30              		.thumb_func
  31              		.type	swap16, %function
  32              	swap16:
  33              	.LFB432:
  34              		.file 1 "sdram/sdram_ext.c"
  35              		.loc 1 71 43
  36              		.cfi_startproc
  37              		@ args = 0, pretend = 0, frame = 8
  38              		@ frame_needed = 1, uses_anonymous_args = 0
  39              		@ link register save eliminated.
  40 0000 80B4     		push	{r7}
  41              		.cfi_def_cfa_offset 4
  42              		.cfi_offset 7, -4
  43 0002 83B0     		sub	sp, sp, #12
  44              		.cfi_def_cfa_offset 16
  45 0004 00AF     		add	r7, sp, #0
  46              		.cfi_def_cfa_register 7
  47 0006 7860     		str	r0, [r7, #4]
  48              		.loc 1 72 20
  49 0008 7B68     		ldr	r3, [r7, #4]
  50 000a 4FEA3343 		ror	r3, r3, #16
  51              		.loc 1 73 1
  52 000e 1846     		mov	r0, r3
  53 0010 0C37     		adds	r7, r7, #12
  54              		.cfi_def_cfa_offset 4
  55 0012 BD46     		mov	sp, r7
  56              		.cfi_def_cfa_register 13
  57              		@ sp needed
ARM GAS  C:\Users\DEVELO~1\AppData\Local\Temp\ccam1Urt.s 			page 2


  58 0014 80BC     		pop	{r7}
  59              		.cfi_restore 7
  60              		.cfi_def_cfa_offset 0
  61 0016 7047     		bx	lr
  62              		.cfi_endproc
  63              	.LFE432:
  64              		.size	swap16, .-swap16
  65              		.section	.text.sdram_ext_init,"ax",%progbits
  66              		.align	1
  67              		.global	sdram_ext_init
  68              		.syntax unified
  69              		.thumb
  70              		.thumb_func
  71              		.type	sdram_ext_init, %function
  72              	sdram_ext_init:
  73              	.LFB433:
  74              		.loc 1 79 27
  75              		.cfi_startproc
  76              		@ args = 0, pretend = 0, frame = 0
  77              		@ frame_needed = 1, uses_anonymous_args = 0
  78 0000 80B5     		push	{r7, lr}
  79              		.cfi_def_cfa_offset 8
  80              		.cfi_offset 7, -8
  81              		.cfi_offset 14, -4
  82 0002 00AF     		add	r7, sp, #0
  83              		.cfi_def_cfa_register 7
  84              		.loc 1 81 3
  85 0004 FFF7FEFF 		bl	sdramInit
  86              		.loc 1 84 3
  87 0008 0249     		ldr	r1, .L4
  88 000a 0348     		ldr	r0, .L4+4
  89 000c FFF7FEFF 		bl	sdramStart
  90              		.loc 1 85 1
  91 0010 00BF     		nop
  92 0012 80BD     		pop	{r7, pc}
  93              	.L5:
  94              		.align	2
  95              	.L4:
  96 0014 00000000 		.word	sdram_cfg
  97 0018 00000000 		.word	SDRAMD1
  98              		.cfi_endproc
  99              	.LFE433:
 100              		.size	sdram_ext_init, .-sdram_ext_init
 101              		.section	.text.sdram_ext_write32,"ax",%progbits
 102              		.align	1
 103              		.global	sdram_ext_write32
 104              		.syntax unified
 105              		.thumb
 106              		.thumb_func
 107              		.type	sdram_ext_write32, %function
 108              	sdram_ext_write32:
 109              	.LFB434:
 110              		.loc 1 87 56
 111              		.cfi_startproc
 112              		@ args = 0, pretend = 0, frame = 16
 113              		@ frame_needed = 1, uses_anonymous_args = 0
 114              		@ link register save eliminated.
ARM GAS  C:\Users\DEVELO~1\AppData\Local\Temp\ccam1Urt.s 			page 3


 115 0000 80B4     		push	{r7}
 116              		.cfi_def_cfa_offset 4
 117              		.cfi_offset 7, -4
 118 0002 85B0     		sub	sp, sp, #20
 119              		.cfi_def_cfa_offset 24
 120 0004 00AF     		add	r7, sp, #0
 121              		.cfi_def_cfa_register 7
 122 0006 7860     		str	r0, [r7, #4]
 123 0008 3960     		str	r1, [r7]
 124              		.loc 1 88 22
 125 000a 4FF04043 		mov	r3, #-1073741824
 126 000e FB60     		str	r3, [r7, #12]
 127              		.loc 1 95 6
 128 0010 7B68     		ldr	r3, [r7, #4]
 129 0012 9B00     		lsls	r3, r3, #2
 130 0014 FA68     		ldr	r2, [r7, #12]
 131 0016 1344     		add	r3, r3, r2
 132              		.loc 1 95 14
 133 0018 3A68     		ldr	r2, [r7]
 134 001a 1A60     		str	r2, [r3]
 135              		.loc 1 96 1
 136 001c 00BF     		nop
 137 001e 1437     		adds	r7, r7, #20
 138              		.cfi_def_cfa_offset 4
 139 0020 BD46     		mov	sp, r7
 140              		.cfi_def_cfa_register 13
 141              		@ sp needed
 142 0022 80BC     		pop	{r7}
 143              		.cfi_restore 7
 144              		.cfi_def_cfa_offset 0
 145 0024 7047     		bx	lr
 146              		.cfi_endproc
 147              	.LFE434:
 148              		.size	sdram_ext_write32, .-sdram_ext_write32
 149              		.section	.text.sdram_ext_read32,"ax",%progbits
 150              		.align	1
 151              		.global	sdram_ext_read32
 152              		.syntax unified
 153              		.thumb
 154              		.thumb_func
 155              		.type	sdram_ext_read32, %function
 156              	sdram_ext_read32:
 157              	.LFB435:
 158              		.loc 1 98 43
 159              		.cfi_startproc
 160              		@ args = 0, pretend = 0, frame = 16
 161              		@ frame_needed = 1, uses_anonymous_args = 0
 162 0000 80B5     		push	{r7, lr}
 163              		.cfi_def_cfa_offset 8
 164              		.cfi_offset 7, -8
 165              		.cfi_offset 14, -4
 166 0002 84B0     		sub	sp, sp, #16
 167              		.cfi_def_cfa_offset 24
 168 0004 00AF     		add	r7, sp, #0
 169              		.cfi_def_cfa_register 7
 170 0006 7860     		str	r0, [r7, #4]
 171              		.loc 1 99 22
ARM GAS  C:\Users\DEVELO~1\AppData\Local\Temp\ccam1Urt.s 			page 4


 172 0008 4FF04043 		mov	r3, #-1073741824
 173 000c FB60     		str	r3, [r7, #12]
 174              		.loc 1 105 20
 175 000e 7B68     		ldr	r3, [r7, #4]
 176 0010 9B00     		lsls	r3, r3, #2
 177 0012 FA68     		ldr	r2, [r7, #12]
 178 0014 1344     		add	r3, r3, r2
 179              		.loc 1 105 10
 180 0016 1B68     		ldr	r3, [r3]
 181 0018 1846     		mov	r0, r3
 182 001a FFF7FEFF 		bl	swap16
 183 001e 0346     		mov	r3, r0
 184              		.loc 1 106 1
 185 0020 1846     		mov	r0, r3
 186 0022 1037     		adds	r7, r7, #16
 187              		.cfi_def_cfa_offset 8
 188 0024 BD46     		mov	sp, r7
 189              		.cfi_def_cfa_register 13
 190              		@ sp needed
 191 0026 80BD     		pop	{r7, pc}
 192              		.cfi_endproc
 193              	.LFE435:
 194              		.size	sdram_ext_read32, .-sdram_ext_read32
 195              		.text
 196              	.Letext0:
 197              		.file 2 "c:\\chibistudio\\tools\\gnu tools arm embedded\\11.3 2022.08\\arm-none-eabi\\include\\mac
 198              		.file 3 "c:\\chibistudio\\tools\\gnu tools arm embedded\\11.3 2022.08\\arm-none-eabi\\include\\sys
 199              		.file 4 "../../../ChibiOS-Contrib-chibios-21.11.x/os/hal/include/hal_fsmc.h"
 200              		.file 5 "../../../ChibiOS-Contrib-chibios-21.11.x/os/hal/include/hal_sdram.h"
 201              		.section	.debug_info,"",%progbits
 202              	.Ldebug_info0:
 203 0000 B7020000 		.4byte	0x2b7
 204 0004 0500     		.2byte	0x5
 205 0006 01       		.byte	0x1
 206 0007 04       		.byte	0x4
 207 0008 00000000 		.4byte	.Ldebug_abbrev0
 208 000c 0A       		.uleb128 0xa
 209 000d 64010000 		.4byte	.LASF37
 210 0011 1D       		.byte	0x1d
 211 0012 07020000 		.4byte	.LASF38
 212 0016 DC000000 		.4byte	.LASF39
 213 001a 0C000000 		.4byte	.LLRL0
 214 001e 00000000 		.4byte	0
 215 0022 00000000 		.4byte	.Ldebug_line0
 216 0026 0B       		.uleb128 0xb
 217 0027 04       		.byte	0x4
 218 0028 05       		.byte	0x5
 219 0029 696E7400 		.ascii	"int\000"
 220 002d 02       		.uleb128 0x2
 221 002e 04       		.byte	0x4
 222 002f 07       		.byte	0x7
 223 0030 30000000 		.4byte	.LASF0
 224 0034 02       		.uleb128 0x2
 225 0035 08       		.byte	0x8
 226 0036 05       		.byte	0x5
 227 0037 4A020000 		.4byte	.LASF1
 228 003b 02       		.uleb128 0x2
ARM GAS  C:\Users\DEVELO~1\AppData\Local\Temp\ccam1Urt.s 			page 5


 229 003c 08       		.byte	0x8
 230 003d 04       		.byte	0x4
 231 003e 89020000 		.4byte	.LASF2
 232 0042 02       		.uleb128 0x2
 233 0043 01       		.byte	0x1
 234 0044 06       		.byte	0x6
 235 0045 95020000 		.4byte	.LASF3
 236 0049 02       		.uleb128 0x2
 237 004a 01       		.byte	0x1
 238 004b 08       		.byte	0x8
 239 004c 73000000 		.4byte	.LASF4
 240 0050 02       		.uleb128 0x2
 241 0051 02       		.byte	0x2
 242 0052 05       		.byte	0x5
 243 0053 6D020000 		.4byte	.LASF5
 244 0057 02       		.uleb128 0x2
 245 0058 02       		.byte	0x2
 246 0059 07       		.byte	0x7
 247 005a 9F000000 		.4byte	.LASF6
 248 005e 02       		.uleb128 0x2
 249 005f 04       		.byte	0x4
 250 0060 05       		.byte	0x5
 251 0061 80020000 		.4byte	.LASF7
 252 0065 03       		.uleb128 0x3
 253 0066 59010000 		.4byte	.LASF10
 254 006a 02       		.byte	0x2
 255 006b 4F       		.byte	0x4f
 256 006c 19       		.byte	0x19
 257 006d 71000000 		.4byte	0x71
 258 0071 02       		.uleb128 0x2
 259 0072 04       		.byte	0x4
 260 0073 07       		.byte	0x7
 261 0074 8D000000 		.4byte	.LASF8
 262 0078 02       		.uleb128 0x2
 263 0079 08       		.byte	0x8
 264 007a 07       		.byte	0x7
 265 007b A7020000 		.4byte	.LASF9
 266 007f 03       		.uleb128 0x3
 267 0080 77020000 		.4byte	.LASF11
 268 0084 03       		.byte	0x3
 269 0085 30       		.byte	0x30
 270 0086 14       		.byte	0x14
 271 0087 65000000 		.4byte	0x65
 272 008b 0C       		.uleb128 0xc
 273 008c 7F000000 		.4byte	0x7f
 274 0090 02       		.uleb128 0x2
 275 0091 01       		.byte	0x1
 276 0092 08       		.byte	0x8
 277 0093 58020000 		.4byte	.LASF12
 278 0097 02       		.uleb128 0x2
 279 0098 01       		.byte	0x1
 280 0099 02       		.byte	0x2
 281 009a A1020000 		.4byte	.LASF13
 282 009e 04       		.uleb128 0x4
 283 009f 8B000000 		.4byte	0x8b
 284 00a3 07       		.uleb128 0x7
 285 00a4 1C       		.byte	0x1c
ARM GAS  C:\Users\DEVELO~1\AppData\Local\Temp\ccam1Urt.s 			page 6


 286 00a5 04       		.byte	0x4
 287 00a6 AC       		.byte	0xac
 288 00a7 07010000 		.4byte	0x107
 289 00ab 01       		.uleb128 0x1
 290 00ac 3B010000 		.4byte	.LASF14
 291 00b0 04       		.byte	0x4
 292 00b1 AD       		.byte	0xad
 293 00b2 11       		.byte	0x11
 294 00b3 8B000000 		.4byte	0x8b
 295 00b7 00       		.byte	0
 296 00b8 01       		.uleb128 0x1
 297 00b9 41010000 		.4byte	.LASF15
 298 00bd 04       		.byte	0x4
 299 00be AE       		.byte	0xae
 300 00bf 11       		.byte	0x11
 301 00c0 8B000000 		.4byte	0x8b
 302 00c4 04       		.byte	0x4
 303 00c5 01       		.uleb128 0x1
 304 00c6 81000000 		.4byte	.LASF16
 305 00ca 04       		.byte	0x4
 306 00cb AF       		.byte	0xaf
 307 00cc 11       		.byte	0x11
 308 00cd 8B000000 		.4byte	0x8b
 309 00d1 08       		.byte	0x8
 310 00d2 01       		.uleb128 0x1
 311 00d3 87000000 		.4byte	.LASF17
 312 00d7 04       		.byte	0x4
 313 00d8 B0       		.byte	0xb0
 314 00d9 11       		.byte	0x11
 315 00da 8B000000 		.4byte	0x8b
 316 00de 0C       		.byte	0xc
 317 00df 01       		.uleb128 0x1
 318 00e0 00000000 		.4byte	.LASF18
 319 00e4 04       		.byte	0x4
 320 00e5 B1       		.byte	0xb1
 321 00e6 11       		.byte	0x11
 322 00e7 8B000000 		.4byte	0x8b
 323 00eb 10       		.byte	0x10
 324 00ec 01       		.uleb128 0x1
 325 00ed F4010000 		.4byte	.LASF19
 326 00f1 04       		.byte	0x4
 327 00f2 B2       		.byte	0xb2
 328 00f3 11       		.byte	0x11
 329 00f4 8B000000 		.4byte	0x8b
 330 00f8 14       		.byte	0x14
 331 00f9 01       		.uleb128 0x1
 332 00fa 0C000000 		.4byte	.LASF20
 333 00fe 04       		.byte	0x4
 334 00ff B3       		.byte	0xb3
 335 0100 11       		.byte	0x11
 336 0101 8B000000 		.4byte	0x8b
 337 0105 18       		.byte	0x18
 338 0106 00       		.byte	0
 339 0107 03       		.uleb128 0x3
 340 0108 11000000 		.4byte	.LASF21
 341 010c 04       		.byte	0x4
 342 010d B4       		.byte	0xb4
ARM GAS  C:\Users\DEVELO~1\AppData\Local\Temp\ccam1Urt.s 			page 7


 343 010e 03       		.byte	0x3
 344 010f A3000000 		.4byte	0xa3
 345 0113 04       		.uleb128 0x4
 346 0114 07010000 		.4byte	0x107
 347 0118 0D       		.uleb128 0xd
 348 0119 07       		.byte	0x7
 349 011a 01       		.byte	0x1
 350 011b 49000000 		.4byte	0x49
 351 011f 05       		.byte	0x5
 352 0120 A4       		.byte	0xa4
 353 0121 0E       		.byte	0xe
 354 0122 39010000 		.4byte	0x139
 355 0126 05       		.uleb128 0x5
 356 0127 5B000000 		.4byte	.LASF22
 357 012b 00       		.byte	0
 358 012c 05       		.uleb128 0x5
 359 012d 44000000 		.4byte	.LASF23
 360 0131 01       		.byte	0x1
 361 0132 05       		.uleb128 0x5
 362 0133 B2000000 		.4byte	.LASF24
 363 0137 02       		.byte	0x2
 364 0138 00       		.byte	0
 365 0139 03       		.uleb128 0x3
 366 013a FA010000 		.4byte	.LASF25
 367 013e 05       		.byte	0x5
 368 013f A8       		.byte	0xa8
 369 0140 03       		.byte	0x3
 370 0141 18010000 		.4byte	0x118
 371 0145 03       		.uleb128 0x3
 372 0146 4F000000 		.4byte	.LASF26
 373 014a 05       		.byte	0x5
 374 014b AD       		.byte	0xad
 375 014c 1C       		.byte	0x1c
 376 014d 51010000 		.4byte	0x151
 377 0151 0E       		.uleb128 0xe
 378 0152 4F000000 		.4byte	.LASF26
 379 0156 08       		.byte	0x8
 380 0157 05       		.byte	0x5
 381 0158 D0       		.byte	0xd0
 382 0159 08       		.byte	0x8
 383 015a 79010000 		.4byte	0x179
 384 015e 01       		.uleb128 0x1
 385 015f 06000000 		.4byte	.LASF27
 386 0163 05       		.byte	0x5
 387 0164 D4       		.byte	0xd4
 388 0165 1D       		.byte	0x1d
 389 0166 39010000 		.4byte	0x139
 390 016a 00       		.byte	0
 391 016b 01       		.uleb128 0x1
 392 016c 19020000 		.4byte	.LASF28
 393 0170 05       		.byte	0x5
 394 0171 D8       		.byte	0xd8
 395 0172 1E       		.byte	0x1e
 396 0173 13010000 		.4byte	0x113
 397 0177 04       		.byte	0x4
 398 0178 00       		.byte	0
 399 0179 07       		.uleb128 0x7
ARM GAS  C:\Users\DEVELO~1\AppData\Local\Temp\ccam1Urt.s 			page 8


 400 017a 10       		.byte	0x10
 401 017b 05       		.byte	0x5
 402 017c B3       		.byte	0xb3
 403 017d B6010000 		.4byte	0x1b6
 404 0181 01       		.uleb128 0x1
 405 0182 BE000000 		.4byte	.LASF29
 406 0186 05       		.byte	0x5
 407 0187 B8       		.byte	0xb8
 408 0188 11       		.byte	0x11
 409 0189 7F000000 		.4byte	0x7f
 410 018d 00       		.byte	0
 411 018e 01       		.uleb128 0x1
 412 018f EF010000 		.4byte	.LASF30
 413 0193 05       		.byte	0x5
 414 0194 BE       		.byte	0xbe
 415 0195 11       		.byte	0x11
 416 0196 7F000000 		.4byte	0x7f
 417 019a 04       		.byte	0x4
 418 019b 01       		.uleb128 0x1
 419 019c 2A000000 		.4byte	.LASF31
 420 01a0 05       		.byte	0x5
 421 01a1 C4       		.byte	0xc4
 422 01a2 11       		.byte	0x11
 423 01a3 7F000000 		.4byte	0x7f
 424 01a7 08       		.byte	0x8
 425 01a8 01       		.uleb128 0x1
 426 01a9 29020000 		.4byte	.LASF32
 427 01ad 05       		.byte	0x5
 428 01ae CA       		.byte	0xca
 429 01af 11       		.byte	0x11
 430 01b0 7F000000 		.4byte	0x7f
 431 01b4 0C       		.byte	0xc
 432 01b5 00       		.byte	0
 433 01b6 03       		.uleb128 0x3
 434 01b7 3E020000 		.4byte	.LASF33
 435 01bb 05       		.byte	0x5
 436 01bc CB       		.byte	0xcb
 437 01bd 03       		.byte	0x3
 438 01be 79010000 		.4byte	0x179
 439 01c2 0F       		.uleb128 0xf
 440 01c3 B6010000 		.4byte	0x1b6
 441 01c7 10       		.uleb128 0x10
 442 01c8 D4000000 		.4byte	.LASF40
 443 01cc 05       		.byte	0x5
 444 01cd E3       		.byte	0xe3
 445 01ce 14       		.byte	0x14
 446 01cf 45010000 		.4byte	0x145
 447 01d3 11       		.uleb128 0x11
 448 01d4 63020000 		.4byte	.LASF34
 449 01d8 01       		.byte	0x1
 450 01d9 1C       		.byte	0x1c
 451 01da 1A       		.byte	0x1a
 452 01db C2010000 		.4byte	0x1c2
 453 01df 05       		.uleb128 0x5
 454 01e0 03       		.byte	0x3
 455 01e1 00000000 		.4byte	sdram_cfg
 456 01e5 12       		.uleb128 0x12
ARM GAS  C:\Users\DEVELO~1\AppData\Local\Temp\ccam1Urt.s 			page 9


 457 01e6 68000000 		.4byte	.LASF41
 458 01ea 05       		.byte	0x5
 459 01eb EA       		.byte	0xea
 460 01ec 08       		.byte	0x8
 461 01ed FC010000 		.4byte	0x1fc
 462 01f1 08       		.uleb128 0x8
 463 01f2 FC010000 		.4byte	0x1fc
 464 01f6 08       		.uleb128 0x8
 465 01f7 01020000 		.4byte	0x201
 466 01fb 00       		.byte	0
 467 01fc 04       		.uleb128 0x4
 468 01fd 45010000 		.4byte	0x145
 469 0201 04       		.uleb128 0x4
 470 0202 C2010000 		.4byte	0x1c2
 471 0206 13       		.uleb128 0x13
 472 0207 1F020000 		.4byte	.LASF42
 473 020b 05       		.byte	0x5
 474 020c E8       		.byte	0xe8
 475 020d 08       		.byte	0x8
 476 020e 14       		.uleb128 0x14
 477 020f C3000000 		.4byte	.LASF43
 478 0213 01       		.byte	0x1
 479 0214 62       		.byte	0x62
 480 0215 0A       		.byte	0xa
 481 0216 7F000000 		.4byte	0x7f
 482 021a 00000000 		.4byte	.LFB435
 483 021e 28000000 		.4byte	.LFE435-.LFB435
 484 0222 01       		.uleb128 0x1
 485 0223 9C       		.byte	0x9c
 486 0224 44020000 		.4byte	0x244
 487 0228 06       		.uleb128 0x6
 488 0229 5D020000 		.4byte	.LASF35
 489 022d 62       		.byte	0x62
 490 022e 24       		.byte	0x24
 491 022f 7F000000 		.4byte	0x7f
 492 0233 02       		.uleb128 0x2
 493 0234 91       		.byte	0x91
 494 0235 6C       		.sleb128 -20
 495 0236 09       		.uleb128 0x9
 496 0237 6D656D00 		.ascii	"mem\000"
 497 023b 63       		.byte	0x63
 498 023c 9E000000 		.4byte	0x9e
 499 0240 02       		.uleb128 0x2
 500 0241 91       		.byte	0x91
 501 0242 74       		.sleb128 -12
 502 0243 00       		.byte	0
 503 0244 15       		.uleb128 0x15
 504 0245 47010000 		.4byte	.LASF44
 505 0249 01       		.byte	0x1
 506 024a 57       		.byte	0x57
 507 024b 06       		.byte	0x6
 508 024c 00000000 		.4byte	.LFB434
 509 0250 26000000 		.4byte	.LFE434-.LFB434
 510 0254 01       		.uleb128 0x1
 511 0255 9C       		.byte	0x9c
 512 0256 84020000 		.4byte	0x284
 513 025a 06       		.uleb128 0x6
ARM GAS  C:\Users\DEVELO~1\AppData\Local\Temp\ccam1Urt.s 			page 10


 514 025b 5D020000 		.4byte	.LASF35
 515 025f 57       		.byte	0x57
 516 0260 21       		.byte	0x21
 517 0261 7F000000 		.4byte	0x7f
 518 0265 02       		.uleb128 0x2
 519 0266 91       		.byte	0x91
 520 0267 6C       		.sleb128 -20
 521 0268 06       		.uleb128 0x6
 522 0269 24000000 		.4byte	.LASF36
 523 026d 57       		.byte	0x57
 524 026e 31       		.byte	0x31
 525 026f 7F000000 		.4byte	0x7f
 526 0273 02       		.uleb128 0x2
 527 0274 91       		.byte	0x91
 528 0275 68       		.sleb128 -24
 529 0276 09       		.uleb128 0x9
 530 0277 6D656D00 		.ascii	"mem\000"
 531 027b 58       		.byte	0x58
 532 027c 9E000000 		.4byte	0x9e
 533 0280 02       		.uleb128 0x2
 534 0281 91       		.byte	0x91
 535 0282 74       		.sleb128 -12
 536 0283 00       		.byte	0
 537 0284 16       		.uleb128 0x16
 538 0285 2F020000 		.4byte	.LASF45
 539 0289 01       		.byte	0x1
 540 028a 4F       		.byte	0x4f
 541 028b 06       		.byte	0x6
 542 028c 00000000 		.4byte	.LFB433
 543 0290 1C000000 		.4byte	.LFE433-.LFB433
 544 0294 01       		.uleb128 0x1
 545 0295 9C       		.byte	0x9c
 546 0296 17       		.uleb128 0x17
 547 0297 3D000000 		.4byte	.LASF46
 548 029b 01       		.byte	0x1
 549 029c 47       		.byte	0x47
 550 029d 18       		.byte	0x18
 551 029e 7F000000 		.4byte	0x7f
 552 02a2 00000000 		.4byte	.LFB432
 553 02a6 18000000 		.4byte	.LFE432-.LFB432
 554 02aa 01       		.uleb128 0x1
 555 02ab 9C       		.byte	0x9c
 556 02ac 18       		.uleb128 0x18
 557 02ad 7600     		.ascii	"v\000"
 558 02af 01       		.byte	0x1
 559 02b0 47       		.byte	0x47
 560 02b1 28       		.byte	0x28
 561 02b2 7F000000 		.4byte	0x7f
 562 02b6 02       		.uleb128 0x2
 563 02b7 91       		.byte	0x91
 564 02b8 74       		.sleb128 -12
 565 02b9 00       		.byte	0
 566 02ba 00       		.byte	0
 567              		.section	.debug_abbrev,"",%progbits
 568              	.Ldebug_abbrev0:
 569 0000 01       		.uleb128 0x1
 570 0001 0D       		.uleb128 0xd
ARM GAS  C:\Users\DEVELO~1\AppData\Local\Temp\ccam1Urt.s 			page 11


 571 0002 00       		.byte	0
 572 0003 03       		.uleb128 0x3
 573 0004 0E       		.uleb128 0xe
 574 0005 3A       		.uleb128 0x3a
 575 0006 0B       		.uleb128 0xb
 576 0007 3B       		.uleb128 0x3b
 577 0008 0B       		.uleb128 0xb
 578 0009 39       		.uleb128 0x39
 579 000a 0B       		.uleb128 0xb
 580 000b 49       		.uleb128 0x49
 581 000c 13       		.uleb128 0x13
 582 000d 38       		.uleb128 0x38
 583 000e 0B       		.uleb128 0xb
 584 000f 00       		.byte	0
 585 0010 00       		.byte	0
 586 0011 02       		.uleb128 0x2
 587 0012 24       		.uleb128 0x24
 588 0013 00       		.byte	0
 589 0014 0B       		.uleb128 0xb
 590 0015 0B       		.uleb128 0xb
 591 0016 3E       		.uleb128 0x3e
 592 0017 0B       		.uleb128 0xb
 593 0018 03       		.uleb128 0x3
 594 0019 0E       		.uleb128 0xe
 595 001a 00       		.byte	0
 596 001b 00       		.byte	0
 597 001c 03       		.uleb128 0x3
 598 001d 16       		.uleb128 0x16
 599 001e 00       		.byte	0
 600 001f 03       		.uleb128 0x3
 601 0020 0E       		.uleb128 0xe
 602 0021 3A       		.uleb128 0x3a
 603 0022 0B       		.uleb128 0xb
 604 0023 3B       		.uleb128 0x3b
 605 0024 0B       		.uleb128 0xb
 606 0025 39       		.uleb128 0x39
 607 0026 0B       		.uleb128 0xb
 608 0027 49       		.uleb128 0x49
 609 0028 13       		.uleb128 0x13
 610 0029 00       		.byte	0
 611 002a 00       		.byte	0
 612 002b 04       		.uleb128 0x4
 613 002c 0F       		.uleb128 0xf
 614 002d 00       		.byte	0
 615 002e 0B       		.uleb128 0xb
 616 002f 21       		.uleb128 0x21
 617 0030 04       		.sleb128 4
 618 0031 49       		.uleb128 0x49
 619 0032 13       		.uleb128 0x13
 620 0033 00       		.byte	0
 621 0034 00       		.byte	0
 622 0035 05       		.uleb128 0x5
 623 0036 28       		.uleb128 0x28
 624 0037 00       		.byte	0
 625 0038 03       		.uleb128 0x3
 626 0039 0E       		.uleb128 0xe
 627 003a 1C       		.uleb128 0x1c
ARM GAS  C:\Users\DEVELO~1\AppData\Local\Temp\ccam1Urt.s 			page 12


 628 003b 0B       		.uleb128 0xb
 629 003c 00       		.byte	0
 630 003d 00       		.byte	0
 631 003e 06       		.uleb128 0x6
 632 003f 05       		.uleb128 0x5
 633 0040 00       		.byte	0
 634 0041 03       		.uleb128 0x3
 635 0042 0E       		.uleb128 0xe
 636 0043 3A       		.uleb128 0x3a
 637 0044 21       		.uleb128 0x21
 638 0045 01       		.sleb128 1
 639 0046 3B       		.uleb128 0x3b
 640 0047 0B       		.uleb128 0xb
 641 0048 39       		.uleb128 0x39
 642 0049 0B       		.uleb128 0xb
 643 004a 49       		.uleb128 0x49
 644 004b 13       		.uleb128 0x13
 645 004c 02       		.uleb128 0x2
 646 004d 18       		.uleb128 0x18
 647 004e 00       		.byte	0
 648 004f 00       		.byte	0
 649 0050 07       		.uleb128 0x7
 650 0051 13       		.uleb128 0x13
 651 0052 01       		.byte	0x1
 652 0053 0B       		.uleb128 0xb
 653 0054 0B       		.uleb128 0xb
 654 0055 3A       		.uleb128 0x3a
 655 0056 0B       		.uleb128 0xb
 656 0057 3B       		.uleb128 0x3b
 657 0058 0B       		.uleb128 0xb
 658 0059 39       		.uleb128 0x39
 659 005a 21       		.uleb128 0x21
 660 005b 09       		.sleb128 9
 661 005c 01       		.uleb128 0x1
 662 005d 13       		.uleb128 0x13
 663 005e 00       		.byte	0
 664 005f 00       		.byte	0
 665 0060 08       		.uleb128 0x8
 666 0061 05       		.uleb128 0x5
 667 0062 00       		.byte	0
 668 0063 49       		.uleb128 0x49
 669 0064 13       		.uleb128 0x13
 670 0065 00       		.byte	0
 671 0066 00       		.byte	0
 672 0067 09       		.uleb128 0x9
 673 0068 34       		.uleb128 0x34
 674 0069 00       		.byte	0
 675 006a 03       		.uleb128 0x3
 676 006b 08       		.uleb128 0x8
 677 006c 3A       		.uleb128 0x3a
 678 006d 21       		.uleb128 0x21
 679 006e 01       		.sleb128 1
 680 006f 3B       		.uleb128 0x3b
 681 0070 0B       		.uleb128 0xb
 682 0071 39       		.uleb128 0x39
 683 0072 21       		.uleb128 0x21
 684 0073 16       		.sleb128 22
ARM GAS  C:\Users\DEVELO~1\AppData\Local\Temp\ccam1Urt.s 			page 13


 685 0074 49       		.uleb128 0x49
 686 0075 13       		.uleb128 0x13
 687 0076 02       		.uleb128 0x2
 688 0077 18       		.uleb128 0x18
 689 0078 00       		.byte	0
 690 0079 00       		.byte	0
 691 007a 0A       		.uleb128 0xa
 692 007b 11       		.uleb128 0x11
 693 007c 01       		.byte	0x1
 694 007d 25       		.uleb128 0x25
 695 007e 0E       		.uleb128 0xe
 696 007f 13       		.uleb128 0x13
 697 0080 0B       		.uleb128 0xb
 698 0081 03       		.uleb128 0x3
 699 0082 0E       		.uleb128 0xe
 700 0083 1B       		.uleb128 0x1b
 701 0084 0E       		.uleb128 0xe
 702 0085 55       		.uleb128 0x55
 703 0086 17       		.uleb128 0x17
 704 0087 11       		.uleb128 0x11
 705 0088 01       		.uleb128 0x1
 706 0089 10       		.uleb128 0x10
 707 008a 17       		.uleb128 0x17
 708 008b 00       		.byte	0
 709 008c 00       		.byte	0
 710 008d 0B       		.uleb128 0xb
 711 008e 24       		.uleb128 0x24
 712 008f 00       		.byte	0
 713 0090 0B       		.uleb128 0xb
 714 0091 0B       		.uleb128 0xb
 715 0092 3E       		.uleb128 0x3e
 716 0093 0B       		.uleb128 0xb
 717 0094 03       		.uleb128 0x3
 718 0095 08       		.uleb128 0x8
 719 0096 00       		.byte	0
 720 0097 00       		.byte	0
 721 0098 0C       		.uleb128 0xc
 722 0099 35       		.uleb128 0x35
 723 009a 00       		.byte	0
 724 009b 49       		.uleb128 0x49
 725 009c 13       		.uleb128 0x13
 726 009d 00       		.byte	0
 727 009e 00       		.byte	0
 728 009f 0D       		.uleb128 0xd
 729 00a0 04       		.uleb128 0x4
 730 00a1 01       		.byte	0x1
 731 00a2 3E       		.uleb128 0x3e
 732 00a3 0B       		.uleb128 0xb
 733 00a4 0B       		.uleb128 0xb
 734 00a5 0B       		.uleb128 0xb
 735 00a6 49       		.uleb128 0x49
 736 00a7 13       		.uleb128 0x13
 737 00a8 3A       		.uleb128 0x3a
 738 00a9 0B       		.uleb128 0xb
 739 00aa 3B       		.uleb128 0x3b
 740 00ab 0B       		.uleb128 0xb
 741 00ac 39       		.uleb128 0x39
ARM GAS  C:\Users\DEVELO~1\AppData\Local\Temp\ccam1Urt.s 			page 14


 742 00ad 0B       		.uleb128 0xb
 743 00ae 01       		.uleb128 0x1
 744 00af 13       		.uleb128 0x13
 745 00b0 00       		.byte	0
 746 00b1 00       		.byte	0
 747 00b2 0E       		.uleb128 0xe
 748 00b3 13       		.uleb128 0x13
 749 00b4 01       		.byte	0x1
 750 00b5 03       		.uleb128 0x3
 751 00b6 0E       		.uleb128 0xe
 752 00b7 0B       		.uleb128 0xb
 753 00b8 0B       		.uleb128 0xb
 754 00b9 3A       		.uleb128 0x3a
 755 00ba 0B       		.uleb128 0xb
 756 00bb 3B       		.uleb128 0x3b
 757 00bc 0B       		.uleb128 0xb
 758 00bd 39       		.uleb128 0x39
 759 00be 0B       		.uleb128 0xb
 760 00bf 01       		.uleb128 0x1
 761 00c0 13       		.uleb128 0x13
 762 00c1 00       		.byte	0
 763 00c2 00       		.byte	0
 764 00c3 0F       		.uleb128 0xf
 765 00c4 26       		.uleb128 0x26
 766 00c5 00       		.byte	0
 767 00c6 49       		.uleb128 0x49
 768 00c7 13       		.uleb128 0x13
 769 00c8 00       		.byte	0
 770 00c9 00       		.byte	0
 771 00ca 10       		.uleb128 0x10
 772 00cb 34       		.uleb128 0x34
 773 00cc 00       		.byte	0
 774 00cd 03       		.uleb128 0x3
 775 00ce 0E       		.uleb128 0xe
 776 00cf 3A       		.uleb128 0x3a
 777 00d0 0B       		.uleb128 0xb
 778 00d1 3B       		.uleb128 0x3b
 779 00d2 0B       		.uleb128 0xb
 780 00d3 39       		.uleb128 0x39
 781 00d4 0B       		.uleb128 0xb
 782 00d5 49       		.uleb128 0x49
 783 00d6 13       		.uleb128 0x13
 784 00d7 3F       		.uleb128 0x3f
 785 00d8 19       		.uleb128 0x19
 786 00d9 3C       		.uleb128 0x3c
 787 00da 19       		.uleb128 0x19
 788 00db 00       		.byte	0
 789 00dc 00       		.byte	0
 790 00dd 11       		.uleb128 0x11
 791 00de 34       		.uleb128 0x34
 792 00df 00       		.byte	0
 793 00e0 03       		.uleb128 0x3
 794 00e1 0E       		.uleb128 0xe
 795 00e2 3A       		.uleb128 0x3a
 796 00e3 0B       		.uleb128 0xb
 797 00e4 3B       		.uleb128 0x3b
 798 00e5 0B       		.uleb128 0xb
ARM GAS  C:\Users\DEVELO~1\AppData\Local\Temp\ccam1Urt.s 			page 15


 799 00e6 39       		.uleb128 0x39
 800 00e7 0B       		.uleb128 0xb
 801 00e8 49       		.uleb128 0x49
 802 00e9 13       		.uleb128 0x13
 803 00ea 02       		.uleb128 0x2
 804 00eb 18       		.uleb128 0x18
 805 00ec 00       		.byte	0
 806 00ed 00       		.byte	0
 807 00ee 12       		.uleb128 0x12
 808 00ef 2E       		.uleb128 0x2e
 809 00f0 01       		.byte	0x1
 810 00f1 3F       		.uleb128 0x3f
 811 00f2 19       		.uleb128 0x19
 812 00f3 03       		.uleb128 0x3
 813 00f4 0E       		.uleb128 0xe
 814 00f5 3A       		.uleb128 0x3a
 815 00f6 0B       		.uleb128 0xb
 816 00f7 3B       		.uleb128 0x3b
 817 00f8 0B       		.uleb128 0xb
 818 00f9 39       		.uleb128 0x39
 819 00fa 0B       		.uleb128 0xb
 820 00fb 27       		.uleb128 0x27
 821 00fc 19       		.uleb128 0x19
 822 00fd 3C       		.uleb128 0x3c
 823 00fe 19       		.uleb128 0x19
 824 00ff 01       		.uleb128 0x1
 825 0100 13       		.uleb128 0x13
 826 0101 00       		.byte	0
 827 0102 00       		.byte	0
 828 0103 13       		.uleb128 0x13
 829 0104 2E       		.uleb128 0x2e
 830 0105 00       		.byte	0
 831 0106 3F       		.uleb128 0x3f
 832 0107 19       		.uleb128 0x19
 833 0108 03       		.uleb128 0x3
 834 0109 0E       		.uleb128 0xe
 835 010a 3A       		.uleb128 0x3a
 836 010b 0B       		.uleb128 0xb
 837 010c 3B       		.uleb128 0x3b
 838 010d 0B       		.uleb128 0xb
 839 010e 39       		.uleb128 0x39
 840 010f 0B       		.uleb128 0xb
 841 0110 27       		.uleb128 0x27
 842 0111 19       		.uleb128 0x19
 843 0112 3C       		.uleb128 0x3c
 844 0113 19       		.uleb128 0x19
 845 0114 00       		.byte	0
 846 0115 00       		.byte	0
 847 0116 14       		.uleb128 0x14
 848 0117 2E       		.uleb128 0x2e
 849 0118 01       		.byte	0x1
 850 0119 3F       		.uleb128 0x3f
 851 011a 19       		.uleb128 0x19
 852 011b 03       		.uleb128 0x3
 853 011c 0E       		.uleb128 0xe
 854 011d 3A       		.uleb128 0x3a
 855 011e 0B       		.uleb128 0xb
ARM GAS  C:\Users\DEVELO~1\AppData\Local\Temp\ccam1Urt.s 			page 16


 856 011f 3B       		.uleb128 0x3b
 857 0120 0B       		.uleb128 0xb
 858 0121 39       		.uleb128 0x39
 859 0122 0B       		.uleb128 0xb
 860 0123 27       		.uleb128 0x27
 861 0124 19       		.uleb128 0x19
 862 0125 49       		.uleb128 0x49
 863 0126 13       		.uleb128 0x13
 864 0127 11       		.uleb128 0x11
 865 0128 01       		.uleb128 0x1
 866 0129 12       		.uleb128 0x12
 867 012a 06       		.uleb128 0x6
 868 012b 40       		.uleb128 0x40
 869 012c 18       		.uleb128 0x18
 870 012d 7C       		.uleb128 0x7c
 871 012e 19       		.uleb128 0x19
 872 012f 01       		.uleb128 0x1
 873 0130 13       		.uleb128 0x13
 874 0131 00       		.byte	0
 875 0132 00       		.byte	0
 876 0133 15       		.uleb128 0x15
 877 0134 2E       		.uleb128 0x2e
 878 0135 01       		.byte	0x1
 879 0136 3F       		.uleb128 0x3f
 880 0137 19       		.uleb128 0x19
 881 0138 03       		.uleb128 0x3
 882 0139 0E       		.uleb128 0xe
 883 013a 3A       		.uleb128 0x3a
 884 013b 0B       		.uleb128 0xb
 885 013c 3B       		.uleb128 0x3b
 886 013d 0B       		.uleb128 0xb
 887 013e 39       		.uleb128 0x39
 888 013f 0B       		.uleb128 0xb
 889 0140 27       		.uleb128 0x27
 890 0141 19       		.uleb128 0x19
 891 0142 11       		.uleb128 0x11
 892 0143 01       		.uleb128 0x1
 893 0144 12       		.uleb128 0x12
 894 0145 06       		.uleb128 0x6
 895 0146 40       		.uleb128 0x40
 896 0147 18       		.uleb128 0x18
 897 0148 7A       		.uleb128 0x7a
 898 0149 19       		.uleb128 0x19
 899 014a 01       		.uleb128 0x1
 900 014b 13       		.uleb128 0x13
 901 014c 00       		.byte	0
 902 014d 00       		.byte	0
 903 014e 16       		.uleb128 0x16
 904 014f 2E       		.uleb128 0x2e
 905 0150 00       		.byte	0
 906 0151 3F       		.uleb128 0x3f
 907 0152 19       		.uleb128 0x19
 908 0153 03       		.uleb128 0x3
 909 0154 0E       		.uleb128 0xe
 910 0155 3A       		.uleb128 0x3a
 911 0156 0B       		.uleb128 0xb
 912 0157 3B       		.uleb128 0x3b
ARM GAS  C:\Users\DEVELO~1\AppData\Local\Temp\ccam1Urt.s 			page 17


 913 0158 0B       		.uleb128 0xb
 914 0159 39       		.uleb128 0x39
 915 015a 0B       		.uleb128 0xb
 916 015b 27       		.uleb128 0x27
 917 015c 19       		.uleb128 0x19
 918 015d 11       		.uleb128 0x11
 919 015e 01       		.uleb128 0x1
 920 015f 12       		.uleb128 0x12
 921 0160 06       		.uleb128 0x6
 922 0161 40       		.uleb128 0x40
 923 0162 18       		.uleb128 0x18
 924 0163 7C       		.uleb128 0x7c
 925 0164 19       		.uleb128 0x19
 926 0165 00       		.byte	0
 927 0166 00       		.byte	0
 928 0167 17       		.uleb128 0x17
 929 0168 2E       		.uleb128 0x2e
 930 0169 01       		.byte	0x1
 931 016a 03       		.uleb128 0x3
 932 016b 0E       		.uleb128 0xe
 933 016c 3A       		.uleb128 0x3a
 934 016d 0B       		.uleb128 0xb
 935 016e 3B       		.uleb128 0x3b
 936 016f 0B       		.uleb128 0xb
 937 0170 39       		.uleb128 0x39
 938 0171 0B       		.uleb128 0xb
 939 0172 27       		.uleb128 0x27
 940 0173 19       		.uleb128 0x19
 941 0174 49       		.uleb128 0x49
 942 0175 13       		.uleb128 0x13
 943 0176 11       		.uleb128 0x11
 944 0177 01       		.uleb128 0x1
 945 0178 12       		.uleb128 0x12
 946 0179 06       		.uleb128 0x6
 947 017a 40       		.uleb128 0x40
 948 017b 18       		.uleb128 0x18
 949 017c 7A       		.uleb128 0x7a
 950 017d 19       		.uleb128 0x19
 951 017e 00       		.byte	0
 952 017f 00       		.byte	0
 953 0180 18       		.uleb128 0x18
 954 0181 05       		.uleb128 0x5
 955 0182 00       		.byte	0
 956 0183 03       		.uleb128 0x3
 957 0184 08       		.uleb128 0x8
 958 0185 3A       		.uleb128 0x3a
 959 0186 0B       		.uleb128 0xb
 960 0187 3B       		.uleb128 0x3b
 961 0188 0B       		.uleb128 0xb
 962 0189 39       		.uleb128 0x39
 963 018a 0B       		.uleb128 0xb
 964 018b 49       		.uleb128 0x49
 965 018c 13       		.uleb128 0x13
 966 018d 02       		.uleb128 0x2
 967 018e 18       		.uleb128 0x18
 968 018f 00       		.byte	0
 969 0190 00       		.byte	0
ARM GAS  C:\Users\DEVELO~1\AppData\Local\Temp\ccam1Urt.s 			page 18


 970 0191 00       		.byte	0
 971              		.section	.debug_aranges,"",%progbits
 972 0000 34000000 		.4byte	0x34
 973 0004 0200     		.2byte	0x2
 974 0006 00000000 		.4byte	.Ldebug_info0
 975 000a 04       		.byte	0x4
 976 000b 00       		.byte	0
 977 000c 0000     		.2byte	0
 978 000e 0000     		.2byte	0
 979 0010 00000000 		.4byte	.LFB432
 980 0014 18000000 		.4byte	.LFE432-.LFB432
 981 0018 00000000 		.4byte	.LFB433
 982 001c 1C000000 		.4byte	.LFE433-.LFB433
 983 0020 00000000 		.4byte	.LFB434
 984 0024 26000000 		.4byte	.LFE434-.LFB434
 985 0028 00000000 		.4byte	.LFB435
 986 002c 28000000 		.4byte	.LFE435-.LFB435
 987 0030 00000000 		.4byte	0
 988 0034 00000000 		.4byte	0
 989              		.section	.debug_rnglists,"",%progbits
 990              	.Ldebug_ranges0:
 991 0000 21000000 		.4byte	.Ldebug_ranges3-.Ldebug_ranges2
 992              	.Ldebug_ranges2:
 993 0004 0500     		.2byte	0x5
 994 0006 04       		.byte	0x4
 995 0007 00       		.byte	0
 996 0008 00000000 		.4byte	0
 997              	.LLRL0:
 998 000c 07       		.byte	0x7
 999 000d 00000000 		.4byte	.LFB432
 1000 0011 18       		.uleb128 .LFE432-.LFB432
 1001 0012 07       		.byte	0x7
 1002 0013 00000000 		.4byte	.LFB433
 1003 0017 1C       		.uleb128 .LFE433-.LFB433
 1004 0018 07       		.byte	0x7
 1005 0019 00000000 		.4byte	.LFB434
 1006 001d 26       		.uleb128 .LFE434-.LFB434
 1007 001e 07       		.byte	0x7
 1008 001f 00000000 		.4byte	.LFB435
 1009 0023 28       		.uleb128 .LFE435-.LFB435
 1010 0024 00       		.byte	0
 1011              	.Ldebug_ranges3:
 1012              		.section	.debug_line,"",%progbits
 1013              	.Ldebug_line0:
 1014 0000 BB010000 		.section	.debug_str,"MS",%progbits,1
 1014      03004801 
 1014      00000201 
 1014      FB0E0D00 
 1014      01010101 
 1015              	.LASF18:
 1016 0000 5344434D 		.ascii	"SDCMR\000"
 1016      5200
 1017              	.LASF27:
 1018 0006 73746174 		.ascii	"state\000"
 1018      6500
 1019              	.LASF20:
 1020 000c 53445352 		.ascii	"SDSR\000"
ARM GAS  C:\Users\DEVELO~1\AppData\Local\Temp\ccam1Urt.s 			page 19


 1020      00
 1021              	.LASF21:
 1022 0011 46534D43 		.ascii	"FSMC_SDRAM_TypeDef\000"
 1022      5F534452 
 1022      414D5F54 
 1022      79706544 
 1022      656600
 1023              	.LASF36:
 1024 0024 76616C75 		.ascii	"value\000"
 1024      6500
 1025              	.LASF31:
 1026 002a 7364636D 		.ascii	"sdcmr\000"
 1026      7200
 1027              	.LASF0:
 1028 0030 756E7369 		.ascii	"unsigned int\000"
 1028      676E6564 
 1028      20696E74 
 1028      00
 1029              	.LASF46:
 1030 003d 73776170 		.ascii	"swap16\000"
 1030      313600
 1031              	.LASF23:
 1032 0044 53445241 		.ascii	"SDRAM_STOP\000"
 1032      4D5F5354 
 1032      4F5000
 1033              	.LASF26:
 1034 004f 53445241 		.ascii	"SDRAMDriver\000"
 1034      4D447269 
 1034      76657200 
 1035              	.LASF22:
 1036 005b 53445241 		.ascii	"SDRAM_UNINIT\000"
 1036      4D5F554E 
 1036      494E4954 
 1036      00
 1037              	.LASF41:
 1038 0068 73647261 		.ascii	"sdramStart\000"
 1038      6D537461 
 1038      727400
 1039              	.LASF4:
 1040 0073 756E7369 		.ascii	"unsigned char\000"
 1040      676E6564 
 1040      20636861 
 1040      7200
 1041              	.LASF16:
 1042 0081 53445452 		.ascii	"SDTR1\000"
 1042      3100
 1043              	.LASF17:
 1044 0087 53445452 		.ascii	"SDTR2\000"
 1044      3200
 1045              	.LASF8:
 1046 008d 6C6F6E67 		.ascii	"long unsigned int\000"
 1046      20756E73 
 1046      69676E65 
 1046      6420696E 
 1046      7400
 1047              	.LASF6:
 1048 009f 73686F72 		.ascii	"short unsigned int\000"
ARM GAS  C:\Users\DEVELO~1\AppData\Local\Temp\ccam1Urt.s 			page 20


 1048      7420756E 
 1048      7369676E 
 1048      65642069 
 1048      6E7400
 1049              	.LASF24:
 1050 00b2 53445241 		.ascii	"SDRAM_READY\000"
 1050      4D5F5245 
 1050      41445900 
 1051              	.LASF29:
 1052 00be 73646372 		.ascii	"sdcr\000"
 1052      00
 1053              	.LASF43:
 1054 00c3 73647261 		.ascii	"sdram_ext_read32\000"
 1054      6D5F6578 
 1054      745F7265 
 1054      61643332 
 1054      00
 1055              	.LASF40:
 1056 00d4 53445241 		.ascii	"SDRAMD1\000"
 1056      4D443100 
 1057              	.LASF39:
 1058 00dc 433A5C50 		.ascii	"C:\\PROJET\\ChibiOS project\\ChibiOS_21.11.4\\demos"
 1058      524F4A45 
 1058      545C4368 
 1058      6962694F 
 1058      53207072 
 1059 010b 5C53544D 		.ascii	"\\STM32\\RT-STM32H743ZI_REV_XY-NUCLEO144_Quartz8M\000"
 1059      33325C52 
 1059      542D5354 
 1059      4D333248 
 1059      3734335A 
 1060              	.LASF14:
 1061 013b 53444352 		.ascii	"SDCR1\000"
 1061      3100
 1062              	.LASF15:
 1063 0141 53444352 		.ascii	"SDCR2\000"
 1063      3200
 1064              	.LASF44:
 1065 0147 73647261 		.ascii	"sdram_ext_write32\000"
 1065      6D5F6578 
 1065      745F7772 
 1065      69746533 
 1065      3200
 1066              	.LASF10:
 1067 0159 5F5F7569 		.ascii	"__uint32_t\000"
 1067      6E743332 
 1067      5F7400
 1068              	.LASF37:
 1069 0164 474E5520 		.ascii	"GNU C17 11.3.1 20220712 -mcpu=cortex-m7 -mthumb -mf"
 1069      43313720 
 1069      31312E33 
 1069      2E312032 
 1069      30323230 
 1070 0197 6C6F6174 		.ascii	"loat-abi=soft -march=armv7e-m -ggdb -O0 -ffunction-"
 1070      2D616269 
 1070      3D736F66 
 1070      74202D6D 
ARM GAS  C:\Users\DEVELO~1\AppData\Local\Temp\ccam1Urt.s 			page 21


 1070      61726368 
 1071 01ca 73656374 		.ascii	"sections -fdata-sections -fno-common\000"
 1071      696F6E73 
 1071      202D6664 
 1071      6174612D 
 1071      73656374 
 1072              	.LASF30:
 1073 01ef 73647472 		.ascii	"sdtr\000"
 1073      00
 1074              	.LASF19:
 1075 01f4 53445254 		.ascii	"SDRTR\000"
 1075      5200
 1076              	.LASF25:
 1077 01fa 73647261 		.ascii	"sdramstate_t\000"
 1077      6D737461 
 1077      74655F74 
 1077      00
 1078              	.LASF38:
 1079 0207 73647261 		.ascii	"sdram/sdram_ext.c\000"
 1079      6D2F7364 
 1079      72616D5F 
 1079      6578742E 
 1079      6300
 1080              	.LASF28:
 1081 0219 73647261 		.ascii	"sdram\000"
 1081      6D00
 1082              	.LASF42:
 1083 021f 73647261 		.ascii	"sdramInit\000"
 1083      6D496E69 
 1083      7400
 1084              	.LASF32:
 1085 0229 73647274 		.ascii	"sdrtr\000"
 1085      7200
 1086              	.LASF45:
 1087 022f 73647261 		.ascii	"sdram_ext_init\000"
 1087      6D5F6578 
 1087      745F696E 
 1087      697400
 1088              	.LASF33:
 1089 023e 53445241 		.ascii	"SDRAMConfig\000"
 1089      4D436F6E 
 1089      66696700 
 1090              	.LASF1:
 1091 024a 6C6F6E67 		.ascii	"long long int\000"
 1091      206C6F6E 
 1091      6720696E 
 1091      7400
 1092              	.LASF12:
 1093 0258 63686172 		.ascii	"char\000"
 1093      00
 1094              	.LASF35:
 1095 025d 696E6465 		.ascii	"index\000"
 1095      7800
 1096              	.LASF34:
 1097 0263 73647261 		.ascii	"sdram_cfg\000"
 1097      6D5F6366 
 1097      6700
ARM GAS  C:\Users\DEVELO~1\AppData\Local\Temp\ccam1Urt.s 			page 22


 1098              	.LASF5:
 1099 026d 73686F72 		.ascii	"short int\000"
 1099      7420696E 
 1099      7400
 1100              	.LASF11:
 1101 0277 75696E74 		.ascii	"uint32_t\000"
 1101      33325F74 
 1101      00
 1102              	.LASF7:
 1103 0280 6C6F6E67 		.ascii	"long int\000"
 1103      20696E74 
 1103      00
 1104              	.LASF2:
 1105 0289 6C6F6E67 		.ascii	"long double\000"
 1105      20646F75 
 1105      626C6500 
 1106              	.LASF3:
 1107 0295 7369676E 		.ascii	"signed char\000"
 1107      65642063 
 1107      68617200 
 1108              	.LASF13:
 1109 02a1 5F426F6F 		.ascii	"_Bool\000"
 1109      6C00
 1110              	.LASF9:
 1111 02a7 6C6F6E67 		.ascii	"long long unsigned int\000"
 1111      206C6F6E 
 1111      6720756E 
 1111      7369676E 
 1111      65642069 
 1112              		.ident	"GCC: (Arm GNU Toolchain 11.3.Rel1) 11.3.1 20220712"
ARM GAS  C:\Users\DEVELO~1\AppData\Local\Temp\ccam1Urt.s 			page 23


DEFINED SYMBOLS
                            *ABS*:00000000 sdram_ext.c
C:\Users\DEVELO~1\AppData\Local\Temp\ccam1Urt.s:18     .rodata.sdram_cfg:00000000 $d
C:\Users\DEVELO~1\AppData\Local\Temp\ccam1Urt.s:21     .rodata.sdram_cfg:00000000 sdram_cfg
C:\Users\DEVELO~1\AppData\Local\Temp\ccam1Urt.s:27     .text.swap16:00000000 $t
C:\Users\DEVELO~1\AppData\Local\Temp\ccam1Urt.s:32     .text.swap16:00000000 swap16
C:\Users\DEVELO~1\AppData\Local\Temp\ccam1Urt.s:66     .text.sdram_ext_init:00000000 $t
C:\Users\DEVELO~1\AppData\Local\Temp\ccam1Urt.s:72     .text.sdram_ext_init:00000000 sdram_ext_init
C:\Users\DEVELO~1\AppData\Local\Temp\ccam1Urt.s:96     .text.sdram_ext_init:00000014 $d
C:\Users\DEVELO~1\AppData\Local\Temp\ccam1Urt.s:102    .text.sdram_ext_write32:00000000 $t
C:\Users\DEVELO~1\AppData\Local\Temp\ccam1Urt.s:108    .text.sdram_ext_write32:00000000 sdram_ext_write32
C:\Users\DEVELO~1\AppData\Local\Temp\ccam1Urt.s:150    .text.sdram_ext_read32:00000000 $t
C:\Users\DEVELO~1\AppData\Local\Temp\ccam1Urt.s:156    .text.sdram_ext_read32:00000000 sdram_ext_read32

UNDEFINED SYMBOLS
sdramInit
sdramStart
SDRAMD1
