ARM GAS  C:\Users\DEVELO~1\AppData\Local\Temp\ccnm1A1d.s 			page 1


   1              		.cpu cortex-m7
   2              		.arch armv7e-m
   3              		.fpu softvfp
   4              		.eabi_attribute 20, 1
   5              		.eabi_attribute 21, 1
   6              		.eabi_attribute 23, 3
   7              		.eabi_attribute 24, 1
   8              		.eabi_attribute 25, 1
   9              		.eabi_attribute 26, 1
  10              		.eabi_attribute 30, 6
  11              		.eabi_attribute 34, 1
  12              		.eabi_attribute 18, 4
  13              		.file	"audio_codec_pcm4104.c"
  14              		.text
  15              	.Ltext0:
  16              		.cfi_sections	.debug_frame
  17              		.section	.bss.pcm4104_log,"aw",%nobits
  18              		.align	2
  19              		.type	pcm4104_log, %object
  20              		.size	pcm4104_log, 4
  21              	pcm4104_log:
  22 0000 00000000 		.space	4
  23              		.section	.rodata
  24              		.align	2
  25              	.LC0:
  26 0000 496E6974 		.ascii	"Initializing PCM4104 (hardware mode)\015\012\000"
  26      69616C69 
  26      7A696E67 
  26      2050434D 
  26      34313034 
  27              		.section	.text.audio_codec_pcm4104_init,"ax",%progbits
  28              		.align	1
  29              		.global	audio_codec_pcm4104_init
  30              		.syntax unified
  31              		.thumb
  32              		.thumb_func
  33              		.type	audio_codec_pcm4104_init, %function
  34              	audio_codec_pcm4104_init:
  35              	.LFB432:
  36              		.file 1 "audio/audio_codec_pcm4104.c"
  37              		.loc 1 22 37
  38              		.cfi_startproc
  39              		@ args = 0, pretend = 0, frame = 0
  40              		@ frame_needed = 1, uses_anonymous_args = 0
  41 0000 80B5     		push	{r7, lr}
  42              		.cfi_def_cfa_offset 8
  43              		.cfi_offset 7, -8
  44              		.cfi_offset 14, -4
  45 0002 00AF     		add	r7, sp, #0
  46              		.cfi_def_cfa_register 7
  47              		.loc 1 23 21
  48 0004 054B     		ldr	r3, .L4
  49 0006 1B68     		ldr	r3, [r3]
  50              		.loc 1 23 8
  51 0008 002B     		cmp	r3, #0
  52 000a 05D0     		beq	.L3
  53              		.loc 1 24 9
ARM GAS  C:\Users\DEVELO~1\AppData\Local\Temp\ccnm1A1d.s 			page 2


  54 000c 034B     		ldr	r3, .L4
  55 000e 1B68     		ldr	r3, [r3]
  56 0010 0349     		ldr	r1, .L4+4
  57 0012 1846     		mov	r0, r3
  58 0014 FFF7FEFF 		bl	chprintf
  59              	.L3:
  60              		.loc 1 32 1
  61 0018 00BF     		nop
  62 001a 80BD     		pop	{r7, pc}
  63              	.L5:
  64              		.align	2
  65              	.L4:
  66 001c 00000000 		.word	pcm4104_log
  67 0020 00000000 		.word	.LC0
  68              		.cfi_endproc
  69              	.LFE432:
  70              		.size	audio_codec_pcm4104_init, .-audio_codec_pcm4104_init
  71              		.section	.rodata
  72 0027 00       		.align	2
  73              	.LC1:
  74 0028 4F4E00   		.ascii	"ON\000"
  75 002b 00       		.align	2
  76              	.LC2:
  77 002c 4F464600 		.ascii	"OFF\000"
  78              		.align	2
  79              	.LC3:
  80 0030 50434D34 		.ascii	"PCM4104 mute=%s\015\012\000"
  80      31303420 
  80      6D757465 
  80      3D25730D 
  80      0A00
  81              		.section	.text.audio_codec_pcm4104_set_mute,"ax",%progbits
  82              		.align	1
  83              		.global	audio_codec_pcm4104_set_mute
  84              		.syntax unified
  85              		.thumb
  86              		.thumb_func
  87              		.type	audio_codec_pcm4104_set_mute, %function
  88              	audio_codec_pcm4104_set_mute:
  89              	.LFB433:
  90              		.loc 1 34 46
  91              		.cfi_startproc
  92              		@ args = 0, pretend = 0, frame = 8
  93              		@ frame_needed = 1, uses_anonymous_args = 0
  94 0000 80B5     		push	{r7, lr}
  95              		.cfi_def_cfa_offset 8
  96              		.cfi_offset 7, -8
  97              		.cfi_offset 14, -4
  98 0002 82B0     		sub	sp, sp, #8
  99              		.cfi_def_cfa_offset 16
 100 0004 00AF     		add	r7, sp, #0
 101              		.cfi_def_cfa_register 7
 102 0006 0346     		mov	r3, r0
 103 0008 FB71     		strb	r3, [r7, #7]
 104              		.loc 1 35 21
 105 000a 0A4B     		ldr	r3, .L11
 106 000c 1B68     		ldr	r3, [r3]
ARM GAS  C:\Users\DEVELO~1\AppData\Local\Temp\ccnm1A1d.s 			page 3


 107              		.loc 1 35 8
 108 000e 002B     		cmp	r3, #0
 109 0010 0BD0     		beq	.L10
 110              		.loc 1 36 9
 111 0012 084B     		ldr	r3, .L11
 112 0014 1868     		ldr	r0, [r3]
 113 0016 FB79     		ldrb	r3, [r7, #7]	@ zero_extendqisi2
 114 0018 002B     		cmp	r3, #0
 115 001a 01D0     		beq	.L8
 116              		.loc 1 36 9 is_stmt 0 discriminator 1
 117 001c 064B     		ldr	r3, .L11+4
 118 001e 00E0     		b	.L9
 119              	.L8:
 120              		.loc 1 36 9 discriminator 2
 121 0020 064B     		ldr	r3, .L11+8
 122              	.L9:
 123              		.loc 1 36 9 discriminator 4
 124 0022 1A46     		mov	r2, r3
 125 0024 0649     		ldr	r1, .L11+12
 126 0026 FFF7FEFF 		bl	chprintf
 127              	.L10:
 128              		.loc 1 48 1 is_stmt 1
 129 002a 00BF     		nop
 130 002c 0837     		adds	r7, r7, #8
 131              		.cfi_def_cfa_offset 8
 132 002e BD46     		mov	sp, r7
 133              		.cfi_def_cfa_register 13
 134              		@ sp needed
 135 0030 80BD     		pop	{r7, pc}
 136              	.L12:
 137 0032 00BF     		.align	2
 138              	.L11:
 139 0034 00000000 		.word	pcm4104_log
 140 0038 28000000 		.word	.LC1
 141 003c 2C000000 		.word	.LC2
 142 0040 30000000 		.word	.LC3
 143              		.cfi_endproc
 144              	.LFE433:
 145              		.size	audio_codec_pcm4104_set_mute, .-audio_codec_pcm4104_set_mute
 146              		.section	.text.audio_codec_pcm4104_set_log_stream,"ax",%progbits
 147              		.align	1
 148              		.global	audio_codec_pcm4104_set_log_stream
 149              		.syntax unified
 150              		.thumb
 151              		.thumb_func
 152              		.type	audio_codec_pcm4104_set_log_stream, %function
 153              	audio_codec_pcm4104_set_log_stream:
 154              	.LFB434:
 155              		.loc 1 50 68
 156              		.cfi_startproc
 157              		@ args = 0, pretend = 0, frame = 8
 158              		@ frame_needed = 1, uses_anonymous_args = 0
 159              		@ link register save eliminated.
 160 0000 80B4     		push	{r7}
 161              		.cfi_def_cfa_offset 4
 162              		.cfi_offset 7, -4
 163 0002 83B0     		sub	sp, sp, #12
ARM GAS  C:\Users\DEVELO~1\AppData\Local\Temp\ccnm1A1d.s 			page 4


 164              		.cfi_def_cfa_offset 16
 165 0004 00AF     		add	r7, sp, #0
 166              		.cfi_def_cfa_register 7
 167 0006 7860     		str	r0, [r7, #4]
 168              		.loc 1 51 17
 169 0008 034A     		ldr	r2, .L14
 170 000a 7B68     		ldr	r3, [r7, #4]
 171 000c 1360     		str	r3, [r2]
 172              		.loc 1 52 1
 173 000e 00BF     		nop
 174 0010 0C37     		adds	r7, r7, #12
 175              		.cfi_def_cfa_offset 4
 176 0012 BD46     		mov	sp, r7
 177              		.cfi_def_cfa_register 13
 178              		@ sp needed
 179 0014 80BC     		pop	{r7}
 180              		.cfi_restore 7
 181              		.cfi_def_cfa_offset 0
 182 0016 7047     		bx	lr
 183              	.L15:
 184              		.align	2
 185              	.L14:
 186 0018 00000000 		.word	pcm4104_log
 187              		.cfi_endproc
 188              	.LFE434:
 189              		.size	audio_codec_pcm4104_set_log_stream, .-audio_codec_pcm4104_set_log_stream
 190              		.text
 191              	.Letext0:
 192              		.file 2 "c:\\chibistudio\\tools\\gnu tools arm embedded\\11.3 2022.08\\lib\\gcc\\arm-none-eabi\\11
 193              		.file 3 "c:\\chibistudio\\tools\\gnu tools arm embedded\\11.3 2022.08\\arm-none-eabi\\include\\mac
 194              		.file 4 "c:\\chibistudio\\tools\\gnu tools arm embedded\\11.3 2022.08\\arm-none-eabi\\include\\sys
 195              		.file 5 "../../../os/rt/include/chearly.h"
 196              		.file 6 "../../../os/hal/include/hal_streams.h"
 197              		.file 7 "../../../os/hal/lib/streams/chprintf.h"
 198              		.section	.debug_info,"",%progbits
 199              	.Ldebug_info0:
 200 0000 4B020000 		.4byte	0x24b
 201 0004 0500     		.2byte	0x5
 202 0006 01       		.byte	0x1
 203 0007 04       		.byte	0x4
 204 0008 00000000 		.4byte	.Ldebug_abbrev0
 205 000c 09       		.uleb128 0x9
 206 000d E9000000 		.4byte	.LASF25
 207 0011 1D       		.byte	0x1d
 208 0012 10020000 		.4byte	.LASF26
 209 0016 68000000 		.4byte	.LASF27
 210 001a 0C000000 		.4byte	.LLRL0
 211 001e 00000000 		.4byte	0
 212 0022 00000000 		.4byte	.Ldebug_line0
 213 0026 0A       		.uleb128 0xa
 214 0027 04       		.byte	0x4
 215 0028 05       		.byte	0x5
 216 0029 696E7400 		.ascii	"int\000"
 217 002d 04       		.uleb128 0x4
 218 002e 0A000000 		.4byte	.LASF4
 219 0032 02       		.byte	0x2
 220 0033 D1       		.byte	0xd1
ARM GAS  C:\Users\DEVELO~1\AppData\Local\Temp\ccnm1A1d.s 			page 5


 221 0034 17       		.byte	0x17
 222 0035 39000000 		.4byte	0x39
 223 0039 01       		.uleb128 0x1
 224 003a 04       		.byte	0x4
 225 003b 07       		.byte	0x7
 226 003c 96010000 		.4byte	.LASF0
 227 0040 01       		.uleb128 0x1
 228 0041 08       		.byte	0x8
 229 0042 05       		.byte	0x5
 230 0043 BE010000 		.4byte	.LASF1
 231 0047 01       		.uleb128 0x1
 232 0048 08       		.byte	0x8
 233 0049 04       		.byte	0x4
 234 004a 04020000 		.4byte	.LASF2
 235 004e 01       		.uleb128 0x1
 236 004f 01       		.byte	0x1
 237 0050 06       		.byte	0x6
 238 0051 20000000 		.4byte	.LASF3
 239 0055 04       		.uleb128 0x4
 240 0056 00000000 		.4byte	.LASF5
 241 005a 03       		.byte	0x3
 242 005b 2B       		.byte	0x2b
 243 005c 18       		.byte	0x18
 244 005d 61000000 		.4byte	0x61
 245 0061 01       		.uleb128 0x1
 246 0062 01       		.byte	0x1
 247 0063 08       		.byte	0x8
 248 0064 41000000 		.4byte	.LASF6
 249 0068 01       		.uleb128 0x1
 250 0069 02       		.byte	0x2
 251 006a 05       		.byte	0x5
 252 006b D8010000 		.4byte	.LASF7
 253 006f 01       		.uleb128 0x1
 254 0070 02       		.byte	0x2
 255 0071 07       		.byte	0x7
 256 0072 4F000000 		.4byte	.LASF8
 257 0076 04       		.uleb128 0x4
 258 0077 11000000 		.4byte	.LASF9
 259 007b 03       		.byte	0x3
 260 007c 4D       		.byte	0x4d
 261 007d 18       		.byte	0x18
 262 007e 82000000 		.4byte	0x82
 263 0082 01       		.uleb128 0x1
 264 0083 04       		.byte	0x4
 265 0084 05       		.byte	0x5
 266 0085 FB010000 		.4byte	.LASF10
 267 0089 01       		.uleb128 0x1
 268 008a 04       		.byte	0x4
 269 008b 07       		.byte	0x7
 270 008c C7000000 		.4byte	.LASF11
 271 0090 01       		.uleb128 0x1
 272 0091 08       		.byte	0x8
 273 0092 07       		.byte	0x7
 274 0093 6D020000 		.4byte	.LASF12
 275 0097 04       		.uleb128 0x4
 276 0098 A8010000 		.4byte	.LASF13
 277 009c 04       		.byte	0x4
ARM GAS  C:\Users\DEVELO~1\AppData\Local\Temp\ccnm1A1d.s 			page 6


 278 009d 18       		.byte	0x18
 279 009e 13       		.byte	0x13
 280 009f 55000000 		.4byte	0x55
 281 00a3 06       		.uleb128 0x6
 282 00a4 97000000 		.4byte	0x97
 283 00a8 04       		.uleb128 0x4
 284 00a9 B6010000 		.4byte	.LASF14
 285 00ad 04       		.byte	0x4
 286 00ae 2C       		.byte	0x2c
 287 00af 13       		.byte	0x13
 288 00b0 76000000 		.4byte	0x76
 289 00b4 04       		.uleb128 0x4
 290 00b5 B0010000 		.4byte	.LASF15
 291 00b9 05       		.byte	0x5
 292 00ba 58       		.byte	0x58
 293 00bb 19       		.byte	0x19
 294 00bc A8000000 		.4byte	0xa8
 295 00c0 03       		.uleb128 0x3
 296 00c1 CC000000 		.4byte	0xcc
 297 00c5 01       		.uleb128 0x1
 298 00c6 01       		.byte	0x1
 299 00c7 08       		.byte	0x8
 300 00c8 A3010000 		.4byte	.LASF16
 301 00cc 06       		.uleb128 0x6
 302 00cd C5000000 		.4byte	0xc5
 303 00d1 0B       		.uleb128 0xb
 304 00d2 04       		.byte	0x4
 305 00d3 01       		.uleb128 0x1
 306 00d4 01       		.byte	0x1
 307 00d5 02       		.byte	0x2
 308 00d6 4F020000 		.4byte	.LASF17
 309 00da 03       		.uleb128 0x3
 310 00db 97000000 		.4byte	0x97
 311 00df 0C       		.uleb128 0xc
 312 00e0 55020000 		.4byte	.LASF28
 313 00e4 14       		.byte	0x14
 314 00e5 06       		.byte	0x6
 315 00e6 4F       		.byte	0x4f
 316 00e7 08       		.byte	0x8
 317 00e8 23010000 		.4byte	0x123
 318 00ec 07       		.uleb128 0x7
 319 00ed D9000000 		.4byte	.LASF18
 320 00f1 2D000000 		.4byte	0x2d
 321 00f5 00       		.byte	0
 322 00f6 07       		.uleb128 0x7
 323 00f7 62000000 		.4byte	.LASF19
 324 00fb 46010000 		.4byte	0x146
 325 00ff 04       		.byte	0x4
 326 0100 07       		.uleb128 0x7
 327 0101 74010000 		.4byte	.LASF20
 328 0105 64010000 		.4byte	0x164
 329 0109 08       		.byte	0x8
 330 010a 08       		.uleb128 0x8
 331 010b 70757400 		.ascii	"put\000"
 332 010f 50       		.byte	0x50
 333 0110 03       		.byte	0x3
 334 0111 7D010000 		.4byte	0x17d
ARM GAS  C:\Users\DEVELO~1\AppData\Local\Temp\ccnm1A1d.s 			page 7


 335 0115 0C       		.byte	0xc
 336 0116 08       		.uleb128 0x8
 337 0117 67657400 		.ascii	"get\000"
 338 011b 50       		.byte	0x50
 339 011c 03       		.byte	0x3
 340 011d 91010000 		.4byte	0x191
 341 0121 10       		.byte	0x10
 342 0122 00       		.byte	0
 343 0123 06       		.uleb128 0x6
 344 0124 DF000000 		.4byte	0xdf
 345 0128 05       		.uleb128 0x5
 346 0129 2D000000 		.4byte	0x2d
 347 012d 41010000 		.4byte	0x141
 348 0131 02       		.uleb128 0x2
 349 0132 D1000000 		.4byte	0xd1
 350 0136 02       		.uleb128 0x2
 351 0137 41010000 		.4byte	0x141
 352 013b 02       		.uleb128 0x2
 353 013c 2D000000 		.4byte	0x2d
 354 0140 00       		.byte	0
 355 0141 03       		.uleb128 0x3
 356 0142 A3000000 		.4byte	0xa3
 357 0146 03       		.uleb128 0x3
 358 0147 28010000 		.4byte	0x128
 359 014b 05       		.uleb128 0x5
 360 014c 2D000000 		.4byte	0x2d
 361 0150 64010000 		.4byte	0x164
 362 0154 02       		.uleb128 0x2
 363 0155 D1000000 		.4byte	0xd1
 364 0159 02       		.uleb128 0x2
 365 015a DA000000 		.4byte	0xda
 366 015e 02       		.uleb128 0x2
 367 015f 2D000000 		.4byte	0x2d
 368 0163 00       		.byte	0
 369 0164 03       		.uleb128 0x3
 370 0165 4B010000 		.4byte	0x14b
 371 0169 05       		.uleb128 0x5
 372 016a B4000000 		.4byte	0xb4
 373 016e 7D010000 		.4byte	0x17d
 374 0172 02       		.uleb128 0x2
 375 0173 D1000000 		.4byte	0xd1
 376 0177 02       		.uleb128 0x2
 377 0178 97000000 		.4byte	0x97
 378 017c 00       		.byte	0
 379 017d 03       		.uleb128 0x3
 380 017e 69010000 		.4byte	0x169
 381 0182 05       		.uleb128 0x5
 382 0183 B4000000 		.4byte	0xb4
 383 0187 91010000 		.4byte	0x191
 384 018b 02       		.uleb128 0x2
 385 018c D1000000 		.4byte	0xd1
 386 0190 00       		.byte	0
 387 0191 03       		.uleb128 0x3
 388 0192 82010000 		.4byte	0x182
 389 0196 0D       		.uleb128 0xd
 390 0197 04       		.byte	0x4
 391 0198 06       		.byte	0x6
ARM GAS  C:\Users\DEVELO~1\AppData\Local\Temp\ccnm1A1d.s 			page 8


 392 0199 5A       		.byte	0x5a
 393 019a 09       		.byte	0x9
 394 019b AC010000 		.4byte	0x1ac
 395 019f 08       		.uleb128 0x8
 396 01a0 766D7400 		.ascii	"vmt\000"
 397 01a4 5C       		.byte	0x5c
 398 01a5 29       		.byte	0x29
 399 01a6 AC010000 		.4byte	0x1ac
 400 01aa 00       		.byte	0
 401 01ab 00       		.byte	0
 402 01ac 03       		.uleb128 0x3
 403 01ad 23010000 		.4byte	0x123
 404 01b1 04       		.uleb128 0x4
 405 01b2 2C000000 		.4byte	.LASF21
 406 01b6 06       		.byte	0x6
 407 01b7 5E       		.byte	0x5e
 408 01b8 03       		.byte	0x3
 409 01b9 96010000 		.4byte	0x196
 410 01bd 0E       		.uleb128 0xe
 411 01be CC010000 		.4byte	.LASF29
 412 01c2 01       		.byte	0x1
 413 01c3 14       		.byte	0x14
 414 01c4 1E       		.byte	0x1e
 415 01c5 CF010000 		.4byte	0x1cf
 416 01c9 05       		.uleb128 0x5
 417 01ca 03       		.byte	0x3
 418 01cb 00000000 		.4byte	pcm4104_log
 419 01cf 03       		.uleb128 0x3
 420 01d0 B1010000 		.4byte	0x1b1
 421 01d4 0F       		.uleb128 0xf
 422 01d5 BE000000 		.4byte	.LASF30
 423 01d9 07       		.byte	0x7
 424 01da 2B       		.byte	0x2b
 425 01db 07       		.byte	0x7
 426 01dc 26000000 		.4byte	0x26
 427 01e0 F0010000 		.4byte	0x1f0
 428 01e4 02       		.uleb128 0x2
 429 01e5 CF010000 		.4byte	0x1cf
 430 01e9 02       		.uleb128 0x2
 431 01ea C0000000 		.4byte	0xc0
 432 01ee 10       		.uleb128 0x10
 433 01ef 00       		.byte	0
 434 01f0 11       		.uleb128 0x11
 435 01f1 2C020000 		.4byte	.LASF22
 436 01f5 01       		.byte	0x1
 437 01f6 32       		.byte	0x32
 438 01f7 06       		.byte	0x6
 439 01f8 00000000 		.4byte	.LFB434
 440 01fc 1C000000 		.4byte	.LFE434-.LFB434
 441 0200 01       		.uleb128 0x1
 442 0201 9C       		.byte	0x9c
 443 0202 16020000 		.4byte	0x216
 444 0206 12       		.uleb128 0x12
 445 0207 63687000 		.ascii	"chp\000"
 446 020b 01       		.byte	0x1
 447 020c 32       		.byte	0x32
 448 020d 3F       		.byte	0x3f
ARM GAS  C:\Users\DEVELO~1\AppData\Local\Temp\ccnm1A1d.s 			page 9


 449 020e CF010000 		.4byte	0x1cf
 450 0212 02       		.uleb128 0x2
 451 0213 91       		.byte	0x91
 452 0214 74       		.sleb128 -12
 453 0215 00       		.byte	0
 454 0216 13       		.uleb128 0x13
 455 0217 79010000 		.4byte	.LASF23
 456 021b 01       		.byte	0x1
 457 021c 22       		.byte	0x22
 458 021d 06       		.byte	0x6
 459 021e 00000000 		.4byte	.LFB433
 460 0222 44000000 		.4byte	.LFE433-.LFB433
 461 0226 01       		.uleb128 0x1
 462 0227 9C       		.byte	0x9c
 463 0228 3C020000 		.4byte	0x23c
 464 022c 14       		.uleb128 0x14
 465 022d 1B000000 		.4byte	.LASF24
 466 0231 01       		.byte	0x1
 467 0232 22       		.byte	0x22
 468 0233 28       		.byte	0x28
 469 0234 D3000000 		.4byte	0xd3
 470 0238 02       		.uleb128 0x2
 471 0239 91       		.byte	0x91
 472 023a 77       		.sleb128 -9
 473 023b 00       		.byte	0
 474 023c 15       		.uleb128 0x15
 475 023d E2010000 		.4byte	.LASF31
 476 0241 01       		.byte	0x1
 477 0242 16       		.byte	0x16
 478 0243 06       		.byte	0x6
 479 0244 00000000 		.4byte	.LFB432
 480 0248 24000000 		.4byte	.LFE432-.LFB432
 481 024c 01       		.uleb128 0x1
 482 024d 9C       		.byte	0x9c
 483 024e 00       		.byte	0
 484              		.section	.debug_abbrev,"",%progbits
 485              	.Ldebug_abbrev0:
 486 0000 01       		.uleb128 0x1
 487 0001 24       		.uleb128 0x24
 488 0002 00       		.byte	0
 489 0003 0B       		.uleb128 0xb
 490 0004 0B       		.uleb128 0xb
 491 0005 3E       		.uleb128 0x3e
 492 0006 0B       		.uleb128 0xb
 493 0007 03       		.uleb128 0x3
 494 0008 0E       		.uleb128 0xe
 495 0009 00       		.byte	0
 496 000a 00       		.byte	0
 497 000b 02       		.uleb128 0x2
 498 000c 05       		.uleb128 0x5
 499 000d 00       		.byte	0
 500 000e 49       		.uleb128 0x49
 501 000f 13       		.uleb128 0x13
 502 0010 00       		.byte	0
 503 0011 00       		.byte	0
 504 0012 03       		.uleb128 0x3
 505 0013 0F       		.uleb128 0xf
ARM GAS  C:\Users\DEVELO~1\AppData\Local\Temp\ccnm1A1d.s 			page 10


 506 0014 00       		.byte	0
 507 0015 0B       		.uleb128 0xb
 508 0016 21       		.uleb128 0x21
 509 0017 04       		.sleb128 4
 510 0018 49       		.uleb128 0x49
 511 0019 13       		.uleb128 0x13
 512 001a 00       		.byte	0
 513 001b 00       		.byte	0
 514 001c 04       		.uleb128 0x4
 515 001d 16       		.uleb128 0x16
 516 001e 00       		.byte	0
 517 001f 03       		.uleb128 0x3
 518 0020 0E       		.uleb128 0xe
 519 0021 3A       		.uleb128 0x3a
 520 0022 0B       		.uleb128 0xb
 521 0023 3B       		.uleb128 0x3b
 522 0024 0B       		.uleb128 0xb
 523 0025 39       		.uleb128 0x39
 524 0026 0B       		.uleb128 0xb
 525 0027 49       		.uleb128 0x49
 526 0028 13       		.uleb128 0x13
 527 0029 00       		.byte	0
 528 002a 00       		.byte	0
 529 002b 05       		.uleb128 0x5
 530 002c 15       		.uleb128 0x15
 531 002d 01       		.byte	0x1
 532 002e 27       		.uleb128 0x27
 533 002f 19       		.uleb128 0x19
 534 0030 49       		.uleb128 0x49
 535 0031 13       		.uleb128 0x13
 536 0032 01       		.uleb128 0x1
 537 0033 13       		.uleb128 0x13
 538 0034 00       		.byte	0
 539 0035 00       		.byte	0
 540 0036 06       		.uleb128 0x6
 541 0037 26       		.uleb128 0x26
 542 0038 00       		.byte	0
 543 0039 49       		.uleb128 0x49
 544 003a 13       		.uleb128 0x13
 545 003b 00       		.byte	0
 546 003c 00       		.byte	0
 547 003d 07       		.uleb128 0x7
 548 003e 0D       		.uleb128 0xd
 549 003f 00       		.byte	0
 550 0040 03       		.uleb128 0x3
 551 0041 0E       		.uleb128 0xe
 552 0042 3A       		.uleb128 0x3a
 553 0043 21       		.uleb128 0x21
 554 0044 06       		.sleb128 6
 555 0045 3B       		.uleb128 0x3b
 556 0046 21       		.uleb128 0x21
 557 0047 D000     		.sleb128 80
 558 0049 39       		.uleb128 0x39
 559 004a 21       		.uleb128 0x21
 560 004b 03       		.sleb128 3
 561 004c 49       		.uleb128 0x49
 562 004d 13       		.uleb128 0x13
ARM GAS  C:\Users\DEVELO~1\AppData\Local\Temp\ccnm1A1d.s 			page 11


 563 004e 38       		.uleb128 0x38
 564 004f 0B       		.uleb128 0xb
 565 0050 00       		.byte	0
 566 0051 00       		.byte	0
 567 0052 08       		.uleb128 0x8
 568 0053 0D       		.uleb128 0xd
 569 0054 00       		.byte	0
 570 0055 03       		.uleb128 0x3
 571 0056 08       		.uleb128 0x8
 572 0057 3A       		.uleb128 0x3a
 573 0058 21       		.uleb128 0x21
 574 0059 06       		.sleb128 6
 575 005a 3B       		.uleb128 0x3b
 576 005b 0B       		.uleb128 0xb
 577 005c 39       		.uleb128 0x39
 578 005d 0B       		.uleb128 0xb
 579 005e 49       		.uleb128 0x49
 580 005f 13       		.uleb128 0x13
 581 0060 38       		.uleb128 0x38
 582 0061 0B       		.uleb128 0xb
 583 0062 00       		.byte	0
 584 0063 00       		.byte	0
 585 0064 09       		.uleb128 0x9
 586 0065 11       		.uleb128 0x11
 587 0066 01       		.byte	0x1
 588 0067 25       		.uleb128 0x25
 589 0068 0E       		.uleb128 0xe
 590 0069 13       		.uleb128 0x13
 591 006a 0B       		.uleb128 0xb
 592 006b 03       		.uleb128 0x3
 593 006c 0E       		.uleb128 0xe
 594 006d 1B       		.uleb128 0x1b
 595 006e 0E       		.uleb128 0xe
 596 006f 55       		.uleb128 0x55
 597 0070 17       		.uleb128 0x17
 598 0071 11       		.uleb128 0x11
 599 0072 01       		.uleb128 0x1
 600 0073 10       		.uleb128 0x10
 601 0074 17       		.uleb128 0x17
 602 0075 00       		.byte	0
 603 0076 00       		.byte	0
 604 0077 0A       		.uleb128 0xa
 605 0078 24       		.uleb128 0x24
 606 0079 00       		.byte	0
 607 007a 0B       		.uleb128 0xb
 608 007b 0B       		.uleb128 0xb
 609 007c 3E       		.uleb128 0x3e
 610 007d 0B       		.uleb128 0xb
 611 007e 03       		.uleb128 0x3
 612 007f 08       		.uleb128 0x8
 613 0080 00       		.byte	0
 614 0081 00       		.byte	0
 615 0082 0B       		.uleb128 0xb
 616 0083 0F       		.uleb128 0xf
 617 0084 00       		.byte	0
 618 0085 0B       		.uleb128 0xb
 619 0086 0B       		.uleb128 0xb
ARM GAS  C:\Users\DEVELO~1\AppData\Local\Temp\ccnm1A1d.s 			page 12


 620 0087 00       		.byte	0
 621 0088 00       		.byte	0
 622 0089 0C       		.uleb128 0xc
 623 008a 13       		.uleb128 0x13
 624 008b 01       		.byte	0x1
 625 008c 03       		.uleb128 0x3
 626 008d 0E       		.uleb128 0xe
 627 008e 0B       		.uleb128 0xb
 628 008f 0B       		.uleb128 0xb
 629 0090 3A       		.uleb128 0x3a
 630 0091 0B       		.uleb128 0xb
 631 0092 3B       		.uleb128 0x3b
 632 0093 0B       		.uleb128 0xb
 633 0094 39       		.uleb128 0x39
 634 0095 0B       		.uleb128 0xb
 635 0096 01       		.uleb128 0x1
 636 0097 13       		.uleb128 0x13
 637 0098 00       		.byte	0
 638 0099 00       		.byte	0
 639 009a 0D       		.uleb128 0xd
 640 009b 13       		.uleb128 0x13
 641 009c 01       		.byte	0x1
 642 009d 0B       		.uleb128 0xb
 643 009e 0B       		.uleb128 0xb
 644 009f 3A       		.uleb128 0x3a
 645 00a0 0B       		.uleb128 0xb
 646 00a1 3B       		.uleb128 0x3b
 647 00a2 0B       		.uleb128 0xb
 648 00a3 39       		.uleb128 0x39
 649 00a4 0B       		.uleb128 0xb
 650 00a5 01       		.uleb128 0x1
 651 00a6 13       		.uleb128 0x13
 652 00a7 00       		.byte	0
 653 00a8 00       		.byte	0
 654 00a9 0E       		.uleb128 0xe
 655 00aa 34       		.uleb128 0x34
 656 00ab 00       		.byte	0
 657 00ac 03       		.uleb128 0x3
 658 00ad 0E       		.uleb128 0xe
 659 00ae 3A       		.uleb128 0x3a
 660 00af 0B       		.uleb128 0xb
 661 00b0 3B       		.uleb128 0x3b
 662 00b1 0B       		.uleb128 0xb
 663 00b2 39       		.uleb128 0x39
 664 00b3 0B       		.uleb128 0xb
 665 00b4 49       		.uleb128 0x49
 666 00b5 13       		.uleb128 0x13
 667 00b6 02       		.uleb128 0x2
 668 00b7 18       		.uleb128 0x18
 669 00b8 00       		.byte	0
 670 00b9 00       		.byte	0
 671 00ba 0F       		.uleb128 0xf
 672 00bb 2E       		.uleb128 0x2e
 673 00bc 01       		.byte	0x1
 674 00bd 3F       		.uleb128 0x3f
 675 00be 19       		.uleb128 0x19
 676 00bf 03       		.uleb128 0x3
ARM GAS  C:\Users\DEVELO~1\AppData\Local\Temp\ccnm1A1d.s 			page 13


 677 00c0 0E       		.uleb128 0xe
 678 00c1 3A       		.uleb128 0x3a
 679 00c2 0B       		.uleb128 0xb
 680 00c3 3B       		.uleb128 0x3b
 681 00c4 0B       		.uleb128 0xb
 682 00c5 39       		.uleb128 0x39
 683 00c6 0B       		.uleb128 0xb
 684 00c7 27       		.uleb128 0x27
 685 00c8 19       		.uleb128 0x19
 686 00c9 49       		.uleb128 0x49
 687 00ca 13       		.uleb128 0x13
 688 00cb 3C       		.uleb128 0x3c
 689 00cc 19       		.uleb128 0x19
 690 00cd 01       		.uleb128 0x1
 691 00ce 13       		.uleb128 0x13
 692 00cf 00       		.byte	0
 693 00d0 00       		.byte	0
 694 00d1 10       		.uleb128 0x10
 695 00d2 18       		.uleb128 0x18
 696 00d3 00       		.byte	0
 697 00d4 00       		.byte	0
 698 00d5 00       		.byte	0
 699 00d6 11       		.uleb128 0x11
 700 00d7 2E       		.uleb128 0x2e
 701 00d8 01       		.byte	0x1
 702 00d9 3F       		.uleb128 0x3f
 703 00da 19       		.uleb128 0x19
 704 00db 03       		.uleb128 0x3
 705 00dc 0E       		.uleb128 0xe
 706 00dd 3A       		.uleb128 0x3a
 707 00de 0B       		.uleb128 0xb
 708 00df 3B       		.uleb128 0x3b
 709 00e0 0B       		.uleb128 0xb
 710 00e1 39       		.uleb128 0x39
 711 00e2 0B       		.uleb128 0xb
 712 00e3 27       		.uleb128 0x27
 713 00e4 19       		.uleb128 0x19
 714 00e5 11       		.uleb128 0x11
 715 00e6 01       		.uleb128 0x1
 716 00e7 12       		.uleb128 0x12
 717 00e8 06       		.uleb128 0x6
 718 00e9 40       		.uleb128 0x40
 719 00ea 18       		.uleb128 0x18
 720 00eb 7A       		.uleb128 0x7a
 721 00ec 19       		.uleb128 0x19
 722 00ed 01       		.uleb128 0x1
 723 00ee 13       		.uleb128 0x13
 724 00ef 00       		.byte	0
 725 00f0 00       		.byte	0
 726 00f1 12       		.uleb128 0x12
 727 00f2 05       		.uleb128 0x5
 728 00f3 00       		.byte	0
 729 00f4 03       		.uleb128 0x3
 730 00f5 08       		.uleb128 0x8
 731 00f6 3A       		.uleb128 0x3a
 732 00f7 0B       		.uleb128 0xb
 733 00f8 3B       		.uleb128 0x3b
ARM GAS  C:\Users\DEVELO~1\AppData\Local\Temp\ccnm1A1d.s 			page 14


 734 00f9 0B       		.uleb128 0xb
 735 00fa 39       		.uleb128 0x39
 736 00fb 0B       		.uleb128 0xb
 737 00fc 49       		.uleb128 0x49
 738 00fd 13       		.uleb128 0x13
 739 00fe 02       		.uleb128 0x2
 740 00ff 18       		.uleb128 0x18
 741 0100 00       		.byte	0
 742 0101 00       		.byte	0
 743 0102 13       		.uleb128 0x13
 744 0103 2E       		.uleb128 0x2e
 745 0104 01       		.byte	0x1
 746 0105 3F       		.uleb128 0x3f
 747 0106 19       		.uleb128 0x19
 748 0107 03       		.uleb128 0x3
 749 0108 0E       		.uleb128 0xe
 750 0109 3A       		.uleb128 0x3a
 751 010a 0B       		.uleb128 0xb
 752 010b 3B       		.uleb128 0x3b
 753 010c 0B       		.uleb128 0xb
 754 010d 39       		.uleb128 0x39
 755 010e 0B       		.uleb128 0xb
 756 010f 27       		.uleb128 0x27
 757 0110 19       		.uleb128 0x19
 758 0111 11       		.uleb128 0x11
 759 0112 01       		.uleb128 0x1
 760 0113 12       		.uleb128 0x12
 761 0114 06       		.uleb128 0x6
 762 0115 40       		.uleb128 0x40
 763 0116 18       		.uleb128 0x18
 764 0117 7C       		.uleb128 0x7c
 765 0118 19       		.uleb128 0x19
 766 0119 01       		.uleb128 0x1
 767 011a 13       		.uleb128 0x13
 768 011b 00       		.byte	0
 769 011c 00       		.byte	0
 770 011d 14       		.uleb128 0x14
 771 011e 05       		.uleb128 0x5
 772 011f 00       		.byte	0
 773 0120 03       		.uleb128 0x3
 774 0121 0E       		.uleb128 0xe
 775 0122 3A       		.uleb128 0x3a
 776 0123 0B       		.uleb128 0xb
 777 0124 3B       		.uleb128 0x3b
 778 0125 0B       		.uleb128 0xb
 779 0126 39       		.uleb128 0x39
 780 0127 0B       		.uleb128 0xb
 781 0128 49       		.uleb128 0x49
 782 0129 13       		.uleb128 0x13
 783 012a 02       		.uleb128 0x2
 784 012b 18       		.uleb128 0x18
 785 012c 00       		.byte	0
 786 012d 00       		.byte	0
 787 012e 15       		.uleb128 0x15
 788 012f 2E       		.uleb128 0x2e
 789 0130 00       		.byte	0
 790 0131 3F       		.uleb128 0x3f
ARM GAS  C:\Users\DEVELO~1\AppData\Local\Temp\ccnm1A1d.s 			page 15


 791 0132 19       		.uleb128 0x19
 792 0133 03       		.uleb128 0x3
 793 0134 0E       		.uleb128 0xe
 794 0135 3A       		.uleb128 0x3a
 795 0136 0B       		.uleb128 0xb
 796 0137 3B       		.uleb128 0x3b
 797 0138 0B       		.uleb128 0xb
 798 0139 39       		.uleb128 0x39
 799 013a 0B       		.uleb128 0xb
 800 013b 27       		.uleb128 0x27
 801 013c 19       		.uleb128 0x19
 802 013d 11       		.uleb128 0x11
 803 013e 01       		.uleb128 0x1
 804 013f 12       		.uleb128 0x12
 805 0140 06       		.uleb128 0x6
 806 0141 40       		.uleb128 0x40
 807 0142 18       		.uleb128 0x18
 808 0143 7C       		.uleb128 0x7c
 809 0144 19       		.uleb128 0x19
 810 0145 00       		.byte	0
 811 0146 00       		.byte	0
 812 0147 00       		.byte	0
 813              		.section	.debug_aranges,"",%progbits
 814 0000 2C000000 		.4byte	0x2c
 815 0004 0200     		.2byte	0x2
 816 0006 00000000 		.4byte	.Ldebug_info0
 817 000a 04       		.byte	0x4
 818 000b 00       		.byte	0
 819 000c 0000     		.2byte	0
 820 000e 0000     		.2byte	0
 821 0010 00000000 		.4byte	.LFB432
 822 0014 24000000 		.4byte	.LFE432-.LFB432
 823 0018 00000000 		.4byte	.LFB433
 824 001c 44000000 		.4byte	.LFE433-.LFB433
 825 0020 00000000 		.4byte	.LFB434
 826 0024 1C000000 		.4byte	.LFE434-.LFB434
 827 0028 00000000 		.4byte	0
 828 002c 00000000 		.4byte	0
 829              		.section	.debug_rnglists,"",%progbits
 830              	.Ldebug_ranges0:
 831 0000 1B000000 		.4byte	.Ldebug_ranges3-.Ldebug_ranges2
 832              	.Ldebug_ranges2:
 833 0004 0500     		.2byte	0x5
 834 0006 04       		.byte	0x4
 835 0007 00       		.byte	0
 836 0008 00000000 		.4byte	0
 837              	.LLRL0:
 838 000c 07       		.byte	0x7
 839 000d 00000000 		.4byte	.LFB432
 840 0011 24       		.uleb128 .LFE432-.LFB432
 841 0012 07       		.byte	0x7
 842 0013 00000000 		.4byte	.LFB433
 843 0017 44       		.uleb128 .LFE433-.LFB433
 844 0018 07       		.byte	0x7
 845 0019 00000000 		.4byte	.LFB434
 846 001d 1C       		.uleb128 .LFE434-.LFB434
 847 001e 00       		.byte	0
ARM GAS  C:\Users\DEVELO~1\AppData\Local\Temp\ccnm1A1d.s 			page 16


 848              	.Ldebug_ranges3:
 849              		.section	.debug_line,"",%progbits
 850              	.Ldebug_line0:
 851 0000 48020000 		.section	.debug_str,"MS",%progbits,1
 851      0300DE01 
 851      00000201 
 851      FB0E0D00 
 851      01010101 
 852              	.LASF5:
 853 0000 5F5F7569 		.ascii	"__uint8_t\000"
 853      6E74385F 
 853      7400
 854              	.LASF4:
 855 000a 73697A65 		.ascii	"size_t\000"
 855      5F7400
 856              	.LASF9:
 857 0011 5F5F696E 		.ascii	"__int32_t\000"
 857      7433325F 
 857      7400
 858              	.LASF24:
 859 001b 6D757465 		.ascii	"mute\000"
 859      00
 860              	.LASF3:
 861 0020 7369676E 		.ascii	"signed char\000"
 861      65642063 
 861      68617200 
 862              	.LASF21:
 863 002c 42617365 		.ascii	"BaseSequentialStream\000"
 863      53657175 
 863      656E7469 
 863      616C5374 
 863      7265616D 
 864              	.LASF6:
 865 0041 756E7369 		.ascii	"unsigned char\000"
 865      676E6564 
 865      20636861 
 865      7200
 866              	.LASF8:
 867 004f 73686F72 		.ascii	"short unsigned int\000"
 867      7420756E 
 867      7369676E 
 867      65642069 
 867      6E7400
 868              	.LASF19:
 869 0062 77726974 		.ascii	"write\000"
 869      6500
 870              	.LASF27:
 871 0068 433A5C50 		.ascii	"C:\\PROJET\\ChibiOS project\\ChibiOS_21.11.4\\demos"
 871      524F4A45 
 871      545C4368 
 871      6962694F 
 871      53207072 
 872 0097 5C53544D 		.ascii	"\\STM32\\RT-STM32H743ZI_REV_XY-NUCLEO144\000"
 872      33325C52 
 872      542D5354 
 872      4D333248 
 872      3734335A 
ARM GAS  C:\Users\DEVELO~1\AppData\Local\Temp\ccnm1A1d.s 			page 17


 873              	.LASF30:
 874 00be 63687072 		.ascii	"chprintf\000"
 874      696E7466 
 874      00
 875              	.LASF11:
 876 00c7 6C6F6E67 		.ascii	"long unsigned int\000"
 876      20756E73 
 876      69676E65 
 876      6420696E 
 876      7400
 877              	.LASF18:
 878 00d9 696E7374 		.ascii	"instance_offset\000"
 878      616E6365 
 878      5F6F6666 
 878      73657400 
 879              	.LASF25:
 880 00e9 474E5520 		.ascii	"GNU C17 11.3.1 20220712 -mcpu=cortex-m7 -mthumb -mf"
 880      43313720 
 880      31312E33 
 880      2E312032 
 880      30323230 
 881 011c 6C6F6174 		.ascii	"loat-abi=soft -march=armv7e-m -ggdb -O0 -ffunction-"
 881      2D616269 
 881      3D736F66 
 881      74202D6D 
 881      61726368 
 882 014f 73656374 		.ascii	"sections -fdata-sections -fno-common\000"
 882      696F6E73 
 882      202D6664 
 882      6174612D 
 882      73656374 
 883              	.LASF20:
 884 0174 72656164 		.ascii	"read\000"
 884      00
 885              	.LASF23:
 886 0179 61756469 		.ascii	"audio_codec_pcm4104_set_mute\000"
 886      6F5F636F 
 886      6465635F 
 886      70636D34 
 886      3130345F 
 887              	.LASF0:
 888 0196 756E7369 		.ascii	"unsigned int\000"
 888      676E6564 
 888      20696E74 
 888      00
 889              	.LASF16:
 890 01a3 63686172 		.ascii	"char\000"
 890      00
 891              	.LASF13:
 892 01a8 75696E74 		.ascii	"uint8_t\000"
 892      385F7400 
 893              	.LASF15:
 894 01b0 6D73675F 		.ascii	"msg_t\000"
 894      7400
 895              	.LASF14:
 896 01b6 696E7433 		.ascii	"int32_t\000"
 896      325F7400 
ARM GAS  C:\Users\DEVELO~1\AppData\Local\Temp\ccnm1A1d.s 			page 18


 897              	.LASF1:
 898 01be 6C6F6E67 		.ascii	"long long int\000"
 898      206C6F6E 
 898      6720696E 
 898      7400
 899              	.LASF29:
 900 01cc 70636D34 		.ascii	"pcm4104_log\000"
 900      3130345F 
 900      6C6F6700 
 901              	.LASF7:
 902 01d8 73686F72 		.ascii	"short int\000"
 902      7420696E 
 902      7400
 903              	.LASF31:
 904 01e2 61756469 		.ascii	"audio_codec_pcm4104_init\000"
 904      6F5F636F 
 904      6465635F 
 904      70636D34 
 904      3130345F 
 905              	.LASF10:
 906 01fb 6C6F6E67 		.ascii	"long int\000"
 906      20696E74 
 906      00
 907              	.LASF2:
 908 0204 6C6F6E67 		.ascii	"long double\000"
 908      20646F75 
 908      626C6500 
 909              	.LASF26:
 910 0210 61756469 		.ascii	"audio/audio_codec_pcm4104.c\000"
 910      6F2F6175 
 910      64696F5F 
 910      636F6465 
 910      635F7063 
 911              	.LASF22:
 912 022c 61756469 		.ascii	"audio_codec_pcm4104_set_log_stream\000"
 912      6F5F636F 
 912      6465635F 
 912      70636D34 
 912      3130345F 
 913              	.LASF17:
 914 024f 5F426F6F 		.ascii	"_Bool\000"
 914      6C00
 915              	.LASF28:
 916 0255 42617365 		.ascii	"BaseSequentialStreamVMT\000"
 916      53657175 
 916      656E7469 
 916      616C5374 
 916      7265616D 
 917              	.LASF12:
 918 026d 6C6F6E67 		.ascii	"long long unsigned int\000"
 918      206C6F6E 
 918      6720756E 
 918      7369676E 
 918      65642069 
 919              		.ident	"GCC: (Arm GNU Toolchain 11.3.Rel1) 11.3.1 20220712"
ARM GAS  C:\Users\DEVELO~1\AppData\Local\Temp\ccnm1A1d.s 			page 19


DEFINED SYMBOLS
                            *ABS*:00000000 audio_codec_pcm4104.c
C:\Users\DEVELO~1\AppData\Local\Temp\ccnm1A1d.s:18     .bss.pcm4104_log:00000000 $d
C:\Users\DEVELO~1\AppData\Local\Temp\ccnm1A1d.s:21     .bss.pcm4104_log:00000000 pcm4104_log
C:\Users\DEVELO~1\AppData\Local\Temp\ccnm1A1d.s:24     .rodata:00000000 $d
C:\Users\DEVELO~1\AppData\Local\Temp\ccnm1A1d.s:28     .text.audio_codec_pcm4104_init:00000000 $t
C:\Users\DEVELO~1\AppData\Local\Temp\ccnm1A1d.s:34     .text.audio_codec_pcm4104_init:00000000 audio_codec_pcm4104_init
C:\Users\DEVELO~1\AppData\Local\Temp\ccnm1A1d.s:66     .text.audio_codec_pcm4104_init:0000001c $d
C:\Users\DEVELO~1\AppData\Local\Temp\ccnm1A1d.s:82     .text.audio_codec_pcm4104_set_mute:00000000 $t
C:\Users\DEVELO~1\AppData\Local\Temp\ccnm1A1d.s:88     .text.audio_codec_pcm4104_set_mute:00000000 audio_codec_pcm4104_set_mute
C:\Users\DEVELO~1\AppData\Local\Temp\ccnm1A1d.s:139    .text.audio_codec_pcm4104_set_mute:00000034 $d
C:\Users\DEVELO~1\AppData\Local\Temp\ccnm1A1d.s:147    .text.audio_codec_pcm4104_set_log_stream:00000000 $t
C:\Users\DEVELO~1\AppData\Local\Temp\ccnm1A1d.s:153    .text.audio_codec_pcm4104_set_log_stream:00000000 audio_codec_pcm4104_set_log_stream
C:\Users\DEVELO~1\AppData\Local\Temp\ccnm1A1d.s:186    .text.audio_codec_pcm4104_set_log_stream:00000018 $d

UNDEFINED SYMBOLS
chprintf
