ARM GAS  C:\Users\DEVELO~1\AppData\Local\Temp\ccw0cf2X.s 			page 1


   1              		.cpu cortex-m7
   2              		.arch armv7e-m
   3              		.fpu softvfp
   4              		.eabi_attribute 20, 1
   5              		.eabi_attribute 21, 1
   6              		.eabi_attribute 23, 3
   7              		.eabi_attribute 24, 1
   8              		.eabi_attribute 25, 1
   9              		.eabi_attribute 26, 1
  10              		.eabi_attribute 30, 6
  11              		.eabi_attribute 34, 1
  12              		.eabi_attribute 18, 4
  13              		.file	"hal.c"
  14              		.text
  15              	.Ltext0:
  16              		.cfi_sections	.debug_frame
  17              		.section	.text.osalInit,"ax",%progbits
  18              		.align	1
  19              		.syntax unified
  20              		.thumb
  21              		.thumb_func
  22              		.type	osalInit, %function
  23              	osalInit:
  24              	.LFB346:
  25              		.file 1 "../../../os/hal/osal/rt-nil/osal.h"
  26              		.loc 1 531 35
  27              		.cfi_startproc
  28              		@ args = 0, pretend = 0, frame = 0
  29              		@ frame_needed = 1, uses_anonymous_args = 0
  30              		@ link register save eliminated.
  31 0000 80B4     		push	{r7}
  32              		.cfi_def_cfa_offset 4
  33              		.cfi_offset 7, -4
  34 0002 00AF     		add	r7, sp, #0
  35              		.cfi_def_cfa_register 7
  36              		.loc 1 533 1
  37 0004 00BF     		nop
  38 0006 BD46     		mov	sp, r7
  39              		.cfi_def_cfa_register 13
  40              		@ sp needed
  41 0008 80BC     		pop	{r7}
  42              		.cfi_restore 7
  43              		.cfi_def_cfa_offset 0
  44 000a 7047     		bx	lr
  45              		.cfi_endproc
  46              	.LFE346:
  47              		.size	osalInit, .-osalInit
  48              		.section	.text.halInit,"ax",%progbits
  49              		.align	1
  50              		.global	halInit
  51              		.syntax unified
  52              		.thumb
  53              		.thumb_func
  54              		.type	halInit, %function
  55              	halInit:
  56              	.LFB432:
  57              		.file 2 "../../../os/hal/src/hal.c"
ARM GAS  C:\Users\DEVELO~1\AppData\Local\Temp\ccw0cf2X.s 			page 2


  58              		.loc 2 56 20
  59              		.cfi_startproc
  60              		@ args = 0, pretend = 0, frame = 0
  61              		@ frame_needed = 1, uses_anonymous_args = 0
  62 0000 80B5     		push	{r7, lr}
  63              		.cfi_def_cfa_offset 8
  64              		.cfi_offset 7, -8
  65              		.cfi_offset 14, -4
  66 0002 00AF     		add	r7, sp, #0
  67              		.cfi_def_cfa_register 7
  68              		.loc 2 59 3
  69 0004 FFF7FEFF 		bl	osalInit
  70              		.loc 2 62 3
  71 0008 FFF7FEFF 		bl	hal_lld_init
  72              		.loc 2 66 3
  73 000c FFF7FEFF 		bl	_pal_lld_init
  74              		.loc 2 72 3
  75 0010 FFF7FEFF 		bl	adcInit
  76              		.loc 2 90 3
  77 0014 FFF7FEFF 		bl	i2cInit
  78              		.loc 2 108 3
  79 0018 FFF7FEFF 		bl	sdInit
  80              		.loc 2 111 3
  81 001c FFF7FEFF 		bl	sdcInit
  82              		.loc 2 117 3
  83 0020 FFF7FEFF 		bl	spiInit
  84              		.loc 2 126 3
  85 0024 FFF7FEFF 		bl	usbInit
  86              		.loc 2 147 3
  87 0028 FFF7FEFF 		bl	halCommunityInit
  88              		.loc 2 152 3
  89 002c FFF7FEFF 		bl	boardInit
  90              		.loc 2 159 3
  91 0030 FFF7FEFF 		bl	stInit
  92              		.loc 2 161 1
  93 0034 00BF     		nop
  94 0036 80BD     		pop	{r7, pc}
  95              		.cfi_endproc
  96              	.LFE432:
  97              		.size	halInit, .-halInit
  98              		.text
  99              	.Letext0:
 100              		.file 3 "../../../os/hal/include/hal_st.h"
 101              		.file 4 "../../../os/hal/boards/STM32H743_LQFP176_CUSTOM/board.h"
 102              		.file 5 "../../../ChibiOS-Contrib-chibios-21.11.x/os/hal/include/hal_community.h"
 103              		.file 6 "../../../os/hal/include/hal_usb.h"
 104              		.file 7 "../../../os/hal/include/hal_spi_v2.h"
 105              		.file 8 "../../../os/hal/include/hal_sdc.h"
 106              		.file 9 "../../../os/hal/include/hal_serial.h"
 107              		.file 10 "../../../os/hal/include/hal_i2c.h"
 108              		.file 11 "../../../os/hal/include/hal_adc.h"
 109              		.file 12 "../../../os/hal/ports/STM32/LLD/GPIOv2/hal_pal_lld.h"
 110              		.file 13 "../../../os/hal/ports/STM32/STM32H7xx/hal_lld.h"
 111              		.section	.debug_info,"",%progbits
 112              	.Ldebug_info0:
 113 0000 F6000000 		.4byte	0xf6
 114 0004 0500     		.2byte	0x5
ARM GAS  C:\Users\DEVELO~1\AppData\Local\Temp\ccw0cf2X.s 			page 3


 115 0006 01       		.byte	0x1
 116 0007 04       		.byte	0x4
 117 0008 00000000 		.4byte	.Ldebug_abbrev0
 118 000c 04       		.uleb128 0x4
 119 000d 91000000 		.4byte	.LASF23
 120 0011 1D       		.byte	0x1d
 121 0012 36000000 		.4byte	.LASF24
 122 0016 73010000 		.4byte	.LASF25
 123 001a 0C000000 		.4byte	.LLRL0
 124 001e 00000000 		.4byte	0
 125 0022 00000000 		.4byte	.Ldebug_line0
 126 0026 05       		.uleb128 0x5
 127 0027 04       		.byte	0x4
 128 0028 05       		.byte	0x5
 129 0029 696E7400 		.ascii	"int\000"
 130 002d 01       		.uleb128 0x1
 131 002e 04       		.byte	0x4
 132 002f 07       		.byte	0x7
 133 0030 29000000 		.4byte	.LASF0
 134 0034 01       		.uleb128 0x1
 135 0035 08       		.byte	0x8
 136 0036 05       		.byte	0x5
 137 0037 00000000 		.4byte	.LASF1
 138 003b 01       		.uleb128 0x1
 139 003c 08       		.byte	0x8
 140 003d 04       		.byte	0x4
 141 003e ED010000 		.4byte	.LASF2
 142 0042 01       		.uleb128 0x1
 143 0043 01       		.byte	0x1
 144 0044 06       		.byte	0x6
 145 0045 07020000 		.4byte	.LASF3
 146 0049 01       		.uleb128 0x1
 147 004a 01       		.byte	0x1
 148 004b 08       		.byte	0x8
 149 004c 24010000 		.4byte	.LASF4
 150 0050 01       		.uleb128 0x1
 151 0051 02       		.byte	0x2
 152 0052 05       		.byte	0x5
 153 0053 46010000 		.4byte	.LASF5
 154 0057 01       		.uleb128 0x1
 155 0058 02       		.byte	0x2
 156 0059 07       		.byte	0x7
 157 005a 0E000000 		.4byte	.LASF6
 158 005e 01       		.uleb128 0x1
 159 005f 04       		.byte	0x4
 160 0060 05       		.byte	0x5
 161 0061 5D010000 		.4byte	.LASF7
 162 0065 01       		.uleb128 0x1
 163 0066 04       		.byte	0x4
 164 0067 07       		.byte	0x7
 165 0068 60000000 		.4byte	.LASF8
 166 006c 01       		.uleb128 0x1
 167 006d 08       		.byte	0x8
 168 006e 07       		.byte	0x7
 169 006f 72000000 		.4byte	.LASF9
 170 0073 01       		.uleb128 0x1
 171 0074 01       		.byte	0x1
ARM GAS  C:\Users\DEVELO~1\AppData\Local\Temp\ccw0cf2X.s 			page 4


 172 0075 08       		.byte	0x8
 173 0076 32010000 		.4byte	.LASF10
 174 007a 01       		.uleb128 0x1
 175 007b 01       		.byte	0x1
 176 007c 02       		.byte	0x2
 177 007d 57010000 		.4byte	.LASF11
 178 0081 03       		.uleb128 0x3
 179 0082 37010000 		.4byte	.LASF12
 180 0086 03       		.byte	0x3
 181 0087 46       		.byte	0x46
 182 0088 02       		.uleb128 0x2
 183 0089 C9010000 		.4byte	.LASF13
 184 008d 04       		.byte	0x4
 185 008e 3C06     		.2byte	0x63c
 186 0090 03       		.uleb128 0x3
 187 0091 D3010000 		.4byte	.LASF14
 188 0095 05       		.byte	0x5
 189 0096 91       		.byte	0x91
 190 0097 02       		.uleb128 0x2
 191 0098 21000000 		.4byte	.LASF15
 192 009c 06       		.byte	0x6
 193 009d 5D02     		.2byte	0x25d
 194 009f 02       		.uleb128 0x2
 195 00a0 1C010000 		.4byte	.LASF16
 196 00a4 07       		.byte	0x7
 197 00a5 E101     		.2byte	0x1e1
 198 00a7 03       		.uleb128 0x3
 199 00a8 89000000 		.4byte	.LASF17
 200 00ac 08       		.byte	0x8
 201 00ad BA       		.byte	0xba
 202 00ae 02       		.uleb128 0x2
 203 00af 50010000 		.4byte	.LASF18
 204 00b3 09       		.byte	0x9
 205 00b4 7F01     		.2byte	0x17f
 206 00b6 03       		.uleb128 0x3
 207 00b7 58000000 		.4byte	.LASF19
 208 00bb 0A       		.byte	0xa
 209 00bc B0       		.byte	0xb0
 210 00bd 02       		.uleb128 0x2
 211 00be 50000000 		.4byte	.LASF20
 212 00c2 0B       		.byte	0xb
 213 00c3 8001     		.2byte	0x180
 214 00c5 02       		.uleb128 0x2
 215 00c6 F9010000 		.4byte	.LASF21
 216 00ca 0C       		.byte	0xc
 217 00cb F201     		.2byte	0x1f2
 218 00cd 03       		.uleb128 0x3
 219 00ce 66010000 		.4byte	.LASF22
 220 00d2 0D       		.byte	0xd
 221 00d3 BC       		.byte	0xbc
 222 00d4 06       		.uleb128 0x6
 223 00d5 3E010000 		.4byte	.LASF26
 224 00d9 02       		.byte	0x2
 225 00da 38       		.byte	0x38
 226 00db 06       		.byte	0x6
 227 00dc 00000000 		.4byte	.LFB432
 228 00e0 38000000 		.4byte	.LFE432-.LFB432
ARM GAS  C:\Users\DEVELO~1\AppData\Local\Temp\ccw0cf2X.s 			page 5


 229 00e4 01       		.uleb128 0x1
 230 00e5 9C       		.byte	0x9c
 231 00e6 07       		.uleb128 0x7
 232 00e7 E4010000 		.4byte	.LASF27
 233 00eb 01       		.byte	0x1
 234 00ec 1302     		.2byte	0x213
 235 00ee 14       		.byte	0x14
 236 00ef 00000000 		.4byte	.LFB346
 237 00f3 0C000000 		.4byte	.LFE346-.LFB346
 238 00f7 01       		.uleb128 0x1
 239 00f8 9C       		.byte	0x9c
 240 00f9 00       		.byte	0
 241              		.section	.debug_abbrev,"",%progbits
 242              	.Ldebug_abbrev0:
 243 0000 01       		.uleb128 0x1
 244 0001 24       		.uleb128 0x24
 245 0002 00       		.byte	0
 246 0003 0B       		.uleb128 0xb
 247 0004 0B       		.uleb128 0xb
 248 0005 3E       		.uleb128 0x3e
 249 0006 0B       		.uleb128 0xb
 250 0007 03       		.uleb128 0x3
 251 0008 0E       		.uleb128 0xe
 252 0009 00       		.byte	0
 253 000a 00       		.byte	0
 254 000b 02       		.uleb128 0x2
 255 000c 2E       		.uleb128 0x2e
 256 000d 00       		.byte	0
 257 000e 3F       		.uleb128 0x3f
 258 000f 19       		.uleb128 0x19
 259 0010 03       		.uleb128 0x3
 260 0011 0E       		.uleb128 0xe
 261 0012 3A       		.uleb128 0x3a
 262 0013 0B       		.uleb128 0xb
 263 0014 3B       		.uleb128 0x3b
 264 0015 05       		.uleb128 0x5
 265 0016 39       		.uleb128 0x39
 266 0017 21       		.uleb128 0x21
 267 0018 08       		.sleb128 8
 268 0019 27       		.uleb128 0x27
 269 001a 19       		.uleb128 0x19
 270 001b 3C       		.uleb128 0x3c
 271 001c 19       		.uleb128 0x19
 272 001d 00       		.byte	0
 273 001e 00       		.byte	0
 274 001f 03       		.uleb128 0x3
 275 0020 2E       		.uleb128 0x2e
 276 0021 00       		.byte	0
 277 0022 3F       		.uleb128 0x3f
 278 0023 19       		.uleb128 0x19
 279 0024 03       		.uleb128 0x3
 280 0025 0E       		.uleb128 0xe
 281 0026 3A       		.uleb128 0x3a
 282 0027 0B       		.uleb128 0xb
 283 0028 3B       		.uleb128 0x3b
 284 0029 0B       		.uleb128 0xb
 285 002a 39       		.uleb128 0x39
ARM GAS  C:\Users\DEVELO~1\AppData\Local\Temp\ccw0cf2X.s 			page 6


 286 002b 21       		.uleb128 0x21
 287 002c 08       		.sleb128 8
 288 002d 27       		.uleb128 0x27
 289 002e 19       		.uleb128 0x19
 290 002f 3C       		.uleb128 0x3c
 291 0030 19       		.uleb128 0x19
 292 0031 00       		.byte	0
 293 0032 00       		.byte	0
 294 0033 04       		.uleb128 0x4
 295 0034 11       		.uleb128 0x11
 296 0035 01       		.byte	0x1
 297 0036 25       		.uleb128 0x25
 298 0037 0E       		.uleb128 0xe
 299 0038 13       		.uleb128 0x13
 300 0039 0B       		.uleb128 0xb
 301 003a 03       		.uleb128 0x3
 302 003b 0E       		.uleb128 0xe
 303 003c 1B       		.uleb128 0x1b
 304 003d 0E       		.uleb128 0xe
 305 003e 55       		.uleb128 0x55
 306 003f 17       		.uleb128 0x17
 307 0040 11       		.uleb128 0x11
 308 0041 01       		.uleb128 0x1
 309 0042 10       		.uleb128 0x10
 310 0043 17       		.uleb128 0x17
 311 0044 00       		.byte	0
 312 0045 00       		.byte	0
 313 0046 05       		.uleb128 0x5
 314 0047 24       		.uleb128 0x24
 315 0048 00       		.byte	0
 316 0049 0B       		.uleb128 0xb
 317 004a 0B       		.uleb128 0xb
 318 004b 3E       		.uleb128 0x3e
 319 004c 0B       		.uleb128 0xb
 320 004d 03       		.uleb128 0x3
 321 004e 08       		.uleb128 0x8
 322 004f 00       		.byte	0
 323 0050 00       		.byte	0
 324 0051 06       		.uleb128 0x6
 325 0052 2E       		.uleb128 0x2e
 326 0053 00       		.byte	0
 327 0054 3F       		.uleb128 0x3f
 328 0055 19       		.uleb128 0x19
 329 0056 03       		.uleb128 0x3
 330 0057 0E       		.uleb128 0xe
 331 0058 3A       		.uleb128 0x3a
 332 0059 0B       		.uleb128 0xb
 333 005a 3B       		.uleb128 0x3b
 334 005b 0B       		.uleb128 0xb
 335 005c 39       		.uleb128 0x39
 336 005d 0B       		.uleb128 0xb
 337 005e 27       		.uleb128 0x27
 338 005f 19       		.uleb128 0x19
 339 0060 11       		.uleb128 0x11
 340 0061 01       		.uleb128 0x1
 341 0062 12       		.uleb128 0x12
 342 0063 06       		.uleb128 0x6
ARM GAS  C:\Users\DEVELO~1\AppData\Local\Temp\ccw0cf2X.s 			page 7


 343 0064 40       		.uleb128 0x40
 344 0065 18       		.uleb128 0x18
 345 0066 7C       		.uleb128 0x7c
 346 0067 19       		.uleb128 0x19
 347 0068 00       		.byte	0
 348 0069 00       		.byte	0
 349 006a 07       		.uleb128 0x7
 350 006b 2E       		.uleb128 0x2e
 351 006c 00       		.byte	0
 352 006d 03       		.uleb128 0x3
 353 006e 0E       		.uleb128 0xe
 354 006f 3A       		.uleb128 0x3a
 355 0070 0B       		.uleb128 0xb
 356 0071 3B       		.uleb128 0x3b
 357 0072 05       		.uleb128 0x5
 358 0073 39       		.uleb128 0x39
 359 0074 0B       		.uleb128 0xb
 360 0075 27       		.uleb128 0x27
 361 0076 19       		.uleb128 0x19
 362 0077 11       		.uleb128 0x11
 363 0078 01       		.uleb128 0x1
 364 0079 12       		.uleb128 0x12
 365 007a 06       		.uleb128 0x6
 366 007b 40       		.uleb128 0x40
 367 007c 18       		.uleb128 0x18
 368 007d 7A       		.uleb128 0x7a
 369 007e 19       		.uleb128 0x19
 370 007f 00       		.byte	0
 371 0080 00       		.byte	0
 372 0081 00       		.byte	0
 373              		.section	.debug_aranges,"",%progbits
 374 0000 24000000 		.4byte	0x24
 375 0004 0200     		.2byte	0x2
 376 0006 00000000 		.4byte	.Ldebug_info0
 377 000a 04       		.byte	0x4
 378 000b 00       		.byte	0
 379 000c 0000     		.2byte	0
 380 000e 0000     		.2byte	0
 381 0010 00000000 		.4byte	.LFB346
 382 0014 0C000000 		.4byte	.LFE346-.LFB346
 383 0018 00000000 		.4byte	.LFB432
 384 001c 38000000 		.4byte	.LFE432-.LFB432
 385 0020 00000000 		.4byte	0
 386 0024 00000000 		.4byte	0
 387              		.section	.debug_rnglists,"",%progbits
 388              	.Ldebug_ranges0:
 389 0000 15000000 		.4byte	.Ldebug_ranges3-.Ldebug_ranges2
 390              	.Ldebug_ranges2:
 391 0004 0500     		.2byte	0x5
 392 0006 04       		.byte	0x4
 393 0007 00       		.byte	0
 394 0008 00000000 		.4byte	0
 395              	.LLRL0:
 396 000c 07       		.byte	0x7
 397 000d 00000000 		.4byte	.LFB346
 398 0011 0C       		.uleb128 .LFE346-.LFB346
 399 0012 07       		.byte	0x7
ARM GAS  C:\Users\DEVELO~1\AppData\Local\Temp\ccw0cf2X.s 			page 8


 400 0013 00000000 		.4byte	.LFB432
 401 0017 38       		.uleb128 .LFE432-.LFB432
 402 0018 00       		.byte	0
 403              	.Ldebug_ranges3:
 404              		.section	.debug_line,"",%progbits
 405              	.Ldebug_line0:
 406 0000 06020000 		.section	.debug_str,"MS",%progbits,1
 406      0300BF01 
 406      00000201 
 406      FB0E0D00 
 406      01010101 
 407              	.LASF1:
 408 0000 6C6F6E67 		.ascii	"long long int\000"
 408      206C6F6E 
 408      6720696E 
 408      7400
 409              	.LASF6:
 410 000e 73686F72 		.ascii	"short unsigned int\000"
 410      7420756E 
 410      7369676E 
 410      65642069 
 410      6E7400
 411              	.LASF15:
 412 0021 75736249 		.ascii	"usbInit\000"
 412      6E697400 
 413              	.LASF0:
 414 0029 756E7369 		.ascii	"unsigned int\000"
 414      676E6564 
 414      20696E74 
 414      00
 415              	.LASF24:
 416 0036 2E2E2F2E 		.ascii	"../../../os/hal/src/hal.c\000"
 416      2E2F2E2E 
 416      2F6F732F 
 416      68616C2F 
 416      7372632F 
 417              	.LASF20:
 418 0050 61646349 		.ascii	"adcInit\000"
 418      6E697400 
 419              	.LASF19:
 420 0058 69326349 		.ascii	"i2cInit\000"
 420      6E697400 
 421              	.LASF8:
 422 0060 6C6F6E67 		.ascii	"long unsigned int\000"
 422      20756E73 
 422      69676E65 
 422      6420696E 
 422      7400
 423              	.LASF9:
 424 0072 6C6F6E67 		.ascii	"long long unsigned int\000"
 424      206C6F6E 
 424      6720756E 
 424      7369676E 
 424      65642069 
 425              	.LASF17:
 426 0089 73646349 		.ascii	"sdcInit\000"
 426      6E697400 
ARM GAS  C:\Users\DEVELO~1\AppData\Local\Temp\ccw0cf2X.s 			page 9


 427              	.LASF23:
 428 0091 474E5520 		.ascii	"GNU C17 11.3.1 20220712 -mcpu=cortex-m7 -mthumb -mf"
 428      43313720 
 428      31312E33 
 428      2E312032 
 428      30323230 
 429 00c4 6C6F6174 		.ascii	"loat-abi=soft -march=armv7e-m -ggdb -O0 -ffunction-"
 429      2D616269 
 429      3D736F66 
 429      74202D6D 
 429      61726368 
 430 00f7 73656374 		.ascii	"sections -fdata-sections -fno-common\000"
 430      696F6E73 
 430      202D6664 
 430      6174612D 
 430      73656374 
 431              	.LASF16:
 432 011c 73706949 		.ascii	"spiInit\000"
 432      6E697400 
 433              	.LASF4:
 434 0124 756E7369 		.ascii	"unsigned char\000"
 434      676E6564 
 434      20636861 
 434      7200
 435              	.LASF10:
 436 0132 63686172 		.ascii	"char\000"
 436      00
 437              	.LASF12:
 438 0137 7374496E 		.ascii	"stInit\000"
 438      697400
 439              	.LASF26:
 440 013e 68616C49 		.ascii	"halInit\000"
 440      6E697400 
 441              	.LASF5:
 442 0146 73686F72 		.ascii	"short int\000"
 442      7420696E 
 442      7400
 443              	.LASF18:
 444 0150 7364496E 		.ascii	"sdInit\000"
 444      697400
 445              	.LASF11:
 446 0157 5F426F6F 		.ascii	"_Bool\000"
 446      6C00
 447              	.LASF7:
 448 015d 6C6F6E67 		.ascii	"long int\000"
 448      20696E74 
 448      00
 449              	.LASF22:
 450 0166 68616C5F 		.ascii	"hal_lld_init\000"
 450      6C6C645F 
 450      696E6974 
 450      00
 451              	.LASF25:
 452 0173 433A5C50 		.ascii	"C:\\PROJET\\ChibiOS project\\ChibiOS_21.11.4\\demos"
 452      524F4A45 
 452      545C4368 
 452      6962694F 
ARM GAS  C:\Users\DEVELO~1\AppData\Local\Temp\ccw0cf2X.s 			page 10


 452      53207072 
 453 01a2 5C53544D 		.ascii	"\\STM32\\RT-STM32H743ZI_REV_XY-NUCLEO144\000"
 453      33325C52 
 453      542D5354 
 453      4D333248 
 453      3734335A 
 454              	.LASF13:
 455 01c9 626F6172 		.ascii	"boardInit\000"
 455      64496E69 
 455      7400
 456              	.LASF14:
 457 01d3 68616C43 		.ascii	"halCommunityInit\000"
 457      6F6D6D75 
 457      6E697479 
 457      496E6974 
 457      00
 458              	.LASF27:
 459 01e4 6F73616C 		.ascii	"osalInit\000"
 459      496E6974 
 459      00
 460              	.LASF2:
 461 01ed 6C6F6E67 		.ascii	"long double\000"
 461      20646F75 
 461      626C6500 
 462              	.LASF21:
 463 01f9 5F70616C 		.ascii	"_pal_lld_init\000"
 463      5F6C6C64 
 463      5F696E69 
 463      7400
 464              	.LASF3:
 465 0207 7369676E 		.ascii	"signed char\000"
 465      65642063 
 465      68617200 
 466              		.ident	"GCC: (Arm GNU Toolchain 11.3.Rel1) 11.3.1 20220712"
ARM GAS  C:\Users\DEVELO~1\AppData\Local\Temp\ccw0cf2X.s 			page 11


DEFINED SYMBOLS
                            *ABS*:00000000 hal.c
C:\Users\DEVELO~1\AppData\Local\Temp\ccw0cf2X.s:18     .text.osalInit:00000000 $t
C:\Users\DEVELO~1\AppData\Local\Temp\ccw0cf2X.s:23     .text.osalInit:00000000 osalInit
C:\Users\DEVELO~1\AppData\Local\Temp\ccw0cf2X.s:49     .text.halInit:00000000 $t
C:\Users\DEVELO~1\AppData\Local\Temp\ccw0cf2X.s:55     .text.halInit:00000000 halInit

UNDEFINED SYMBOLS
hal_lld_init
_pal_lld_init
adcInit
i2cInit
sdInit
sdcInit
spiInit
usbInit
halCommunityInit
boardInit
stInit
