Archive member included to satisfy reference by file (symbol)

c:/chibistudio/tools/gnu tools arm embedded/11.3 2022.08/bin/../lib/gcc/arm-none-eabi/11.3.1/thumb/v7e-m/nofp\libgcc.a(_aeabi_uldivmod.o)
                              ./build/obj/hal_flash.o (__aeabi_uldivmod)
c:/chibistudio/tools/gnu tools arm embedded/11.3 2022.08/bin/../lib/gcc/arm-none-eabi/11.3.1/thumb/v7e-m/nofp\libgcc.a(_udivmoddi4.o)
                              c:/chibistudio/tools/gnu tools arm embedded/11.3 2022.08/bin/../lib/gcc/arm-none-eabi/11.3.1/thumb/v7e-m/nofp\libgcc.a(_aeabi_uldivmod.o) (__udivmoddi4)
c:/chibistudio/tools/gnu tools arm embedded/11.3 2022.08/bin/../lib/gcc/arm-none-eabi/11.3.1/thumb/v7e-m/nofp\libgcc.a(_dvmd_tls.o)
                              c:/chibistudio/tools/gnu tools arm embedded/11.3 2022.08/bin/../lib/gcc/arm-none-eabi/11.3.1/thumb/v7e-m/nofp\libgcc.a(_aeabi_uldivmod.o) (__aeabi_ldiv0)
c:/chibistudio/tools/gnu tools arm embedded/11.3 2022.08/bin/../lib/gcc/arm-none-eabi/11.3.1/thumb/v7e-m/nofp\libg.a(libc_a-abort.o)
                              ./build/obj/syscalls.o (abort)
c:/chibistudio/tools/gnu tools arm embedded/11.3 2022.08/bin/../lib/gcc/arm-none-eabi/11.3.1/thumb/v7e-m/nofp\libg.a(libc_a-ctype_.o)
                              ./build/obj/chscanf.o (_ctype_)
c:/chibistudio/tools/gnu tools arm embedded/11.3 2022.08/bin/../lib/gcc/arm-none-eabi/11.3.1/thumb/v7e-m/nofp\libg.a(libc_a-snprintf.o)
                              ./build/obj/main.o (snprintf)
c:/chibistudio/tools/gnu tools arm embedded/11.3 2022.08/bin/../lib/gcc/arm-none-eabi/11.3.1/thumb/v7e-m/nofp\libg.a(libc_a-memcmp.o)
                              ./build/obj/oslib_test_sequence_003.o (memcmp)
c:/chibistudio/tools/gnu tools arm embedded/11.3 2022.08/bin/../lib/gcc/arm-none-eabi/11.3.1/thumb/v7e-m/nofp\libg.a(libc_a-memset.o)
                              ./build/obj/hal_usb.o (memset)
c:/chibistudio/tools/gnu tools arm embedded/11.3 2022.08/bin/../lib/gcc/arm-none-eabi/11.3.1/thumb/v7e-m/nofp\libg.a(libc_a-strncmp.o)
                              ./build/obj/chfactory.o (strncmp)
c:/chibistudio/tools/gnu tools arm embedded/11.3 2022.08/bin/../lib/gcc/arm-none-eabi/11.3.1/thumb/v7e-m/nofp\libg.a(libc_a-signal.o)
                              c:/chibistudio/tools/gnu tools arm embedded/11.3 2022.08/bin/../lib/gcc/arm-none-eabi/11.3.1/thumb/v7e-m/nofp\libg.a(libc_a-abort.o) (raise)
c:/chibistudio/tools/gnu tools arm embedded/11.3 2022.08/bin/../lib/gcc/arm-none-eabi/11.3.1/thumb/v7e-m/nofp\libg.a(libc_a-impure.o)
                              c:/chibistudio/tools/gnu tools arm embedded/11.3 2022.08/bin/../lib/gcc/arm-none-eabi/11.3.1/thumb/v7e-m/nofp\libg.a(libc_a-snprintf.o) (_impure_ptr)
c:/chibistudio/tools/gnu tools arm embedded/11.3 2022.08/bin/../lib/gcc/arm-none-eabi/11.3.1/thumb/v7e-m/nofp\libg.a(libc_a-signalr.o)
                              c:/chibistudio/tools/gnu tools arm embedded/11.3 2022.08/bin/../lib/gcc/arm-none-eabi/11.3.1/thumb/v7e-m/nofp\libg.a(libc_a-signal.o) (_kill_r)
c:/chibistudio/tools/gnu tools arm embedded/11.3 2022.08/bin/../lib/gcc/arm-none-eabi/11.3.1/thumb/v7e-m/nofp\libg.a(libc_a-strcmp.o)
                              ./build/obj/chregistry.o (strcmp)
c:/chibistudio/tools/gnu tools arm embedded/11.3 2022.08/bin/../lib/gcc/arm-none-eabi/11.3.1/thumb/v7e-m/nofp\libg.a(libc_a-memcpy.o)
                              ./build/obj/hal_buffers.o (memcpy)
c:/chibistudio/tools/gnu tools arm embedded/11.3 2022.08/bin/../lib/gcc/arm-none-eabi/11.3.1/thumb/v7e-m/nofp\libg.a(libc_a-mallocr.o)
                              c:/chibistudio/tools/gnu tools arm embedded/11.3 2022.08/bin/../lib/gcc/arm-none-eabi/11.3.1/thumb/v7e-m/nofp\libg.a(libc_a-signal.o) (_malloc_r)
c:/chibistudio/tools/gnu tools arm embedded/11.3 2022.08/bin/../lib/gcc/arm-none-eabi/11.3.1/thumb/v7e-m/nofp\libg.a(libc_a-mlock.o)
                              c:/chibistudio/tools/gnu tools arm embedded/11.3 2022.08/bin/../lib/gcc/arm-none-eabi/11.3.1/thumb/v7e-m/nofp\libg.a(libc_a-mallocr.o) (__malloc_lock)
c:/chibistudio/tools/gnu tools arm embedded/11.3 2022.08/bin/../lib/gcc/arm-none-eabi/11.3.1/thumb/v7e-m/nofp\libg.a(libc_a-svfprintf.o)
                              c:/chibistudio/tools/gnu tools arm embedded/11.3 2022.08/bin/../lib/gcc/arm-none-eabi/11.3.1/thumb/v7e-m/nofp\libg.a(libc_a-snprintf.o) (_svfprintf_r)
c:/chibistudio/tools/gnu tools arm embedded/11.3 2022.08/bin/../lib/gcc/arm-none-eabi/11.3.1/thumb/v7e-m/nofp\libg.a(libc_a-findfp.o)
                              c:/chibistudio/tools/gnu tools arm embedded/11.3 2022.08/bin/../lib/gcc/arm-none-eabi/11.3.1/thumb/v7e-m/nofp\libg.a(libc_a-impure.o) (__sf)
c:/chibistudio/tools/gnu tools arm embedded/11.3 2022.08/bin/../lib/gcc/arm-none-eabi/11.3.1/thumb/v7e-m/nofp\libg.a(libc_a-fwalk.o)
                              c:/chibistudio/tools/gnu tools arm embedded/11.3 2022.08/bin/../lib/gcc/arm-none-eabi/11.3.1/thumb/v7e-m/nofp\libg.a(libc_a-findfp.o) (_fwalk_sglue)
[...]
Memory Configuration

Name             Origin             Length             Attributes
flash0           0x08000000         0x00200000         xr
flash1           0x08000000         0x00100000         xr
flash2           0x08100000         0x00100000         xr
flash3           0x00000000         0x00000000         xr
flash4           0x00000000         0x00000000         xr
flash5           0x00000000         0x00000000         xr
flash6           0x00000000         0x00000000         xr
flash7           0x00000000         0x00000000         xr
ram0             0x24000000         0x00080000         xw
ram1             0x30000000         0x00040000         xw
ram2             0x30000000         0x00048000         xw
ram3             0x30040000         0x00008000         xw
ram4             0x38000000         0x00010000         xw
ram5             0x20000000         0x00020000         xw
ram6             0x00000000         0x00010000         xw
ram7             0x38800000         0x00001000         xw
*default*        0x00000000         0xffffffff

Linker script and memory map

LOAD ./build/obj/crt0_v7m.o
LOAD ./build/obj/vectors.o
LOAD ./build/obj/chcoreasm.o
LOAD ./build/obj/crt1.o
LOAD ./build/obj/oop_base_object.o
LOAD ./build/obj/hal.o
LOAD ./build/obj/hal_st.o
LOAD ./build/obj/hal_buffered_serial.o
LOAD ./build/obj/hal_buffers.o
LOAD ./build/obj/hal_queues.o
LOAD ./build/obj/hal_mmcsd.o
LOAD ./build/obj/hal_adc.o
LOAD ./build/obj/hal_gpt.o
LOAD ./build/obj/hal_i2c.o
LOAD ./build/obj/hal_pal.o
LOAD ./build/obj/hal_serial.o
LOAD ./build/obj/hal_spi.o
LOAD ./build/obj/hal_usb.o
LOAD ./build/obj/hal_flash.o
LOAD ./build/obj/hal_community.o
LOAD ./build/obj/hal_fsmc.o
LOAD ./build/obj/hal_sdram.o
LOAD ./build/obj/chprintf.o
LOAD ./build/obj/chscanf.o
LOAD ./build/obj/memstreams.o
LOAD ./build/obj/nullstreams.o
LOAD ./build/obj/bufstreams.o
LOAD ./build/obj/nvic.o
LOAD ./build/obj/stm32_isr.o
LOAD ./build/obj/hal_lld.o
LOAD ./build/obj/hal_adc_lld.o
LOAD ./build/obj/stm32_bdma.o
LOAD ./build/obj/stm32_dma.o
LOAD ./build/obj/stm32_exti.o
LOAD ./build/obj/hal_pal_lld.o
LOAD ./build/obj/hal_i2c_lld.o
LOAD ./build/obj/stm32_mdma.o
LOAD ./build/obj/hal_usb_lld.o
LOAD ./build/obj/hal_spi_v2_lld.o
LOAD ./build/obj/hal_st_lld.o
LOAD ./build/obj/hal_gpt_lld.o
LOAD ./build/obj/hal_serial_lld.o
LOAD ./build/obj/hal_stm32_dma2d.o
LOAD ./build/obj/hal_sdram_lld.o
LOAD ./build/obj/hal_stm32_ltdc.o
LOAD ./build/obj/board.o
LOAD ./build/obj/osal.o
LOAD ./build/obj/chsys.o
LOAD ./build/obj/chrfcu.o
LOAD ./build/obj/chdebug.o
LOAD ./build/obj/chtrace.o
LOAD ./build/obj/chvt.o
LOAD ./build/obj/chschd.o
LOAD ./build/obj/chinstances.o
LOAD ./build/obj/chthreads.o
LOAD ./build/obj/chtm.o
LOAD ./build/obj/chregistry.o
LOAD ./build/obj/chsem.o
LOAD ./build/obj/chmtx.o
LOAD ./build/obj/chcond.o
LOAD ./build/obj/chevents.o
LOAD ./build/obj/chmsg.o
LOAD ./build/obj/chdynamic.o
LOAD ./build/obj/chmboxes.o
LOAD ./build/obj/chmemcore.o
LOAD ./build/obj/chmemheaps.o
LOAD ./build/obj/chmempools.o
LOAD ./build/obj/chpipes.o
LOAD ./build/obj/chobjcaches.o
LOAD ./build/obj/chdelegates.o
LOAD ./build/obj/chfactory.o
LOAD ./build/obj/chcore.o
LOAD ./build/obj/ch_test.o
LOAD ./build/obj/ch_test_printf.o
LOAD ./build/obj/rt_test_root.o
LOAD ./build/obj/rt_test_sequence_001.o
LOAD ./build/obj/rt_test_sequence_002.o
LOAD ./build/obj/rt_test_sequence_003.o
LOAD ./build/obj/rt_test_sequence_004.o
LOAD ./build/obj/rt_test_sequence_005.o
LOAD ./build/obj/rt_test_sequence_006.o
LOAD ./build/obj/rt_test_sequence_007.o
LOAD ./build/obj/rt_test_sequence_008.o
LOAD ./build/obj/rt_test_sequence_009.o
LOAD ./build/obj/rt_test_sequence_010.o
LOAD ./build/obj/rt_test_sequence_011.o
LOAD ./build/obj/rt_test_sequence_012.o
LOAD ./build/obj/oslib_test_root.o
LOAD ./build/obj/oslib_test_sequence_001.o
LOAD ./build/obj/oslib_test_sequence_002.o
LOAD ./build/obj/oslib_test_sequence_003.o
LOAD ./build/obj/oslib_test_sequence_004.o
LOAD ./build/obj/oslib_test_sequence_005.o
LOAD ./build/obj/oslib_test_sequence_006.o
LOAD ./build/obj/oslib_test_sequence_007.o
LOAD ./build/obj/oslib_test_sequence_008.o
LOAD ./build/obj/oslib_test_sequence_009.o
LOAD ./build/obj/syscalls.o
LOAD ./build/obj/main.o
LOAD ./build/obj/drivers.o
LOAD ./build/obj/drv_display.o
LOAD ./build/obj/midi.o
LOAD ./build/obj/mpu_config.o
LOAD ./build/obj/usb_device.o
LOAD ./build/obj/usbcfg.o
LOAD ./build/obj/font.o
LOAD ./build/obj/font4x6.o
LOAD ./build/obj/font5x7.o
LOAD ./build/obj/font5x8_elektron.o
LOAD ./build/obj/ui_model.o
LOAD ./build/obj/sdram_ext.o
LOAD ./build/obj/brick_asc.o
LOAD ./build/obj/brick_cal.o
LOAD ./build/obj/drv_hall.o

.mstack         0x20000000      0x400
                0x20000000                . = ALIGN (0x8)
                0x20000000                __main_stack_base__ = .
                0x20000400                . = (. + __main_stack_size__)
 *fill*         0x20000000      0x400 
                0x20000400                . = ALIGN (0x8)
                0x20000400                __main_stack_end__ = .

.pstack         0x20000400      0x400
                0x20000400                . = ALIGN (0x8)
                0x20000400                __process_stack_base__ = .
                0x20000400                __main_thread_stack_base__ = .
                0x20000800                . = (. + __process_stack_size__)
 *fill*         0x20000400      0x400 
                0x20000800                . = ALIGN (0x8)
                0x20000800                __process_stack_end__ = .
                0x20000800                __main_thread_stack_end__ = .

.nocache        0x30040000        0x0
                0x30040000                __nocache_base__ = .
 *(.nocache)
 *(.nocache.*)
 *(.bss.__nocache_*)
                0x30040000                . = ALIGN (0x4)
                0x30040000                __nocache_end__ = .

.dma            0x20000800        0x0
                0x20000800                __dma_base__ = .
 *(.dma)
 *(.dma.*)
 *(.bss.__dma_*)
                0x20000800                . = ALIGN (0x4)
                0x20000800                __dma_end__ = .

.eth            0x30040000        0x0
                0x30040000                __eth_base__ = .
 *(.eth)
 *(.eth.*)
 *(.bss.__eth_*)
                0x30040000                . = ALIGN (0x4)
                0x30040000                __eth_end__ = .

.vectors        0x08000000      0x2e0
                0x08000000                __textvectors_base__ = LOADADDR (.vectors)
                0x08000000                __vectors_base__ = .
 *(.vectors)
 .vectors       0x08000000      0x2e0 ./build/obj/vectors.o
                0x08000000                _vectors
                0x080002e0                __vectors_end__ = .

.xtors          0x080002e0        0x0
                0x080002e0                __init_array_base__ = .
 *(SORT_BY_NAME(.init_array.*))
 *(.init_array)
                0x080002e0                __init_array_end__ = .
                0x080002e0                __fini_array_base__ = .
 *(.fini_array)
 *(SORT_BY_NAME(.fini_array.*))
                0x080002e0                __fini_array_end__ = .

.text           0x08000300    0x11928
                0x08000300                __text_base__ = .
 *(.text)
 .text          0x08000300       0xd8 ./build/obj/crt0_v7m.o
                0x08000300                _crt0_entry
 .text          0x080003d8        0x8 ./build/obj/vectors.o
                0x080003d8                Reset_Handler
                0x080003da                VectorE8
                0x080003da                Vector9C
                0x080003da                Vector2C4
                0x080003da                VectorAC
                0x080003da                DebugMon_Handler
                0x080003da                Vector2B0
                0x080003da                Vector26C
                0x080003da                Vector22C
                0x080003da                Vector1A0
                0x080003da                Vector2C0
                0x080003da                Vector5C
                0x080003da                Vector224
                0x080003da                Vector11C
                0x080003da                HardFault_Handler
                0x080003da                Vector1B8
                0x080003da                Vector1F0
                0x080003da                Vector19C
                0x080003da                Vector1EC
                0x080003da                Vector8C
                0x080003da                SysTick_Handler
                0x080003da                VectorDC
                0x080003da                Vector2D8
                0x080003da                PendSV_Handler
                0x080003da                Vector168
                0x080003da                NMI_Handler
                0x080003da                Vector270
                0x080003da                Vector24C
                0x080003da                Vector110
                0x080003da                Vector274
                0x080003da                Vector1D8
                0x080003da                Vector1F4
                0x080003da                Vector2CC
                0x080003da                Vector94
                0x080003da                Vector254
                0x080003da                VectorA8
                0x080003da                Vector244
                0x080003da                Vector204
                0x080003da                Vector2AC
                0x080003da                VectorB4
                0x080003da                Vector1FC
                0x080003da                Vector160
                0x080003da                Vector1B0
                0x080003da                UsageFault_Handler
                0x080003da                VectorEC
                0x080003da                Vector234
                0x080003da                Vector264
                0x080003da                Vector40
                0x080003da                VectorF8
                0x080003da                Vector108
                0x080003da                VectorBC
                0x080003da                Vector190
                0x080003da                Vector1E0
                0x080003da                Vector1F8
                0x080003da                Vector260
                0x080003da                Vector27C
                0x080003da                Vector1C4
                0x080003da                Vector1CC
                0x080003da                Vector2A8
                0x080003da                Vector1E4
                0x080003da                Vector20C
                0x080003da                Vector148
                0x080003da                Vector188
                0x080003da                Vector23C
                0x080003da                Vector198
                0x080003da                Vector118
                0x080003da                Vector64
                0x080003da                Vector58
                0x080003da                VectorCC
                0x080003da                Vector54
                0x080003da                Vector98
                0x080003da                Vector2B8
                0x080003da                Vector258
                0x080003da                Vector284
                0x080003da                Vector218
                0x080003da                VectorD8
                0x080003da                Vector138
                0x080003da                Vector24
                0x080003da                Vector200
                0x080003da                Vector1AC
                0x080003da                Vector178
                0x080003da                SecureFault_Handler
                0x080003da                Vector1A4
                0x080003da                Vector2A0
                0x080003da                Vector1B4
                0x080003da                Vector28C
                0x080003da                Vector140
                0x080003da                VectorE4
                0x080003da                VectorC0
                0x080003da                Vector1C0
                0x080003da                Vector214
                0x080003da                Vector250
                0x080003da                Vector2D0
                0x080003da                Vector134
                0x080003da                Vector1D0
                0x080003da                Vector2DC
                0x080003da                VectorF0
                0x080003da                Vector210
                0x080003da                Vector2BC
                0x080003da                Vector13C
                0x080003da                Vector280
                0x080003da                VectorE0
                0x080003da                VectorF4
                0x080003da                Vector2B4
                0x080003da                Vector2C8
                0x080003da                MemManage_Handler
                0x080003da                Vector238
                0x080003da                VectorA0
                0x080003da                Vector180
                0x080003da                Vector288
                0x080003da                Vector208
                0x080003da                Vector90
                0x080003da                Vector294
                0x080003da                Vector164
                0x080003da                Vector60
                0x080003da                Vector1BC
                0x080003da                Vector17C
                0x080003da                Vector48
                0x080003da                Vector240
                0x080003da                Vector1A8
                0x080003da                Vector16C
                0x080003da                Vector228
                0x080003da                Vector2D4
                0x080003da                Vector278
                0x080003da                Vector4C
                0x080003da                Vector144
                0x080003da                Vector15C
                0x080003da                Vector68
                0x080003da                Vector230
                0x080003da                Vector290
                0x080003da                Vector1E8
                0x080003da                Vector18C
                0x080003da                Vector170
                0x080003da                Vector220
                0x080003da                Vector298
                0x080003da                Vector29C
                0x080003da                Vector104
                0x080003da                Vector184
                0x080003da                Vector10C
                0x080003da                Vector21C
                0x080003da                Vector268
                0x080003da                Vector14C
                0x080003da                BusFault_Handler
                0x080003da                Vector50
                0x080003da                Vector1C8
                0x080003da                Vector194
                0x080003da                Vector1DC
                0x080003da                Vector44
                0x080003da                Vector28
                0x080003da                VectorB8
                0x080003da                Vector2A4
                0x080003da                Vector34
                0x080003da                Vector248
                0x080003da                VectorA4
                0x080003da                Vector25C
                0x080003da                Vector20
                0x080003da                Vector174
                0x080003de                _unhandled_exception
 .text          0x080003e0       0x2a ./build/obj/chcoreasm.o
                0x080003e0                __port_switch
                0x080003f0                __port_thread_start
                0x08000402                __port_switch_from_isr
                0x08000406                __port_exit_from_isr
 *fill*         0x0800040a        0x2 
 .text          0x0800040c       0x30 c:/chibistudio/tools/gnu tools arm embedded/11.3 2022.08/bin/../lib/gcc/arm-none-eabi/11.3.1/thumb/v7e-m/nofp\libgcc.a(_aeabi_uldivmod.o)
                0x0800040c                __aeabi_uldivmod
 .text          0x0800043c        0x4 c:/chibistudio/tools/gnu tools arm embedded/11.3 2022.08/bin/../lib/gcc/arm-none-eabi/11.3.1/thumb/v7e-m/nofp\libgcc.a(_dvmd_tls.o)
                0x0800043c                __aeabi_idiv0
                0x0800043c                __aeabi_ldiv0
 .text          0x08000440      0x134 c:/chibistudio/tools/gnu tools arm embedded/11.3 2022.08/bin/../lib/gcc/arm-none-eabi/11.3.1/thumb/v7e-m/nofp\libg.a(libc_a-memcpy.o)
                0x08000440                memcpy
 *fill*         0x08000574        0xc 
 .text          0x08000580       0xa0 c:/chibistudio/tools/gnu tools arm embedded/11.3 2022.08/bin/../lib/gcc/arm-none-eabi/11.3.1/thumb/v7e-m/nofp\libg.a(libc_a-memchr.o)
                0x08000580                memchr
 *fill*         0x08000620       0x20 
 .text          0x08000640       0xdc c:/chibistudio/tools/gnu tools arm embedded/11.3 2022.08/bin/../lib/gcc/arm-none-eabi/11.3.1/thumb/v7e-m/nofp\libg.a(libc_a-strlen.o)
                0x08000640                strlen
 .text          0x0800071c      0x378 c:/chibistudio/tools/gnu tools arm embedded/11.3 2022.08/bin/../lib/gcc/arm-none-eabi/11.3.1/thumb/v7e-m/nofp\libgcc.a(_arm_addsubdf3.o)
                0x0800071c                __aeabi_drsub
                0x08000724                __aeabi_dsub
                0x08000724                __subdf3
                0x08000728                __aeabi_dadd
                0x08000728                __adddf3
                0x080009a0                __floatunsidf
                0x080009a0                __aeabi_ui2d
                0x080009c0                __floatsidf
                0x080009c0                __aeabi_i2d
                0x080009e4                __aeabi_f2d
                0x080009e4                __extendsfdf2
                0x08000a28                __floatundidf
                0x08000a28                __aeabi_ul2d
                0x08000a38                __floatdidf
                0x08000a38                __aeabi_l2d
 .text          0x08000a94      0x424 c:/chibistudio/tools/gnu tools arm embedded/11.3 2022.08/bin/../lib/gcc/arm-none-eabi/11.3.1/thumb/v7e-m/nofp\libgcc.a(_arm_muldivdf3.o)
                0x08000a94                __aeabi_dmul
                0x08000a94                __muldf3
                0x08000ce8                __divdf3
                0x08000ce8                __aeabi_ddiv
 .text          0x08000eb8      0x110 c:/chibistudio/tools/gnu tools arm embedded/11.3 2022.08/bin/../lib/gcc/arm-none-eabi/11.3.1/thumb/v7e-m/nofp\libgcc.a(_arm_cmpdf2.o)
                0x08000eb8                __gtdf2
                0x08000eb8                __gedf2
                0x08000ec0                __ltdf2
                0x08000ec0                __ledf2
                0x08000ec8                __nedf2
                0x08000ec8                __eqdf2
                0x08000ec8                __cmpdf2
                0x08000f44                __aeabi_cdrcmple
                0x08000f54                __aeabi_cdcmpeq
                0x08000f54                __aeabi_cdcmple
                0x08000f64                __aeabi_dcmpeq
                0x08000f78                __aeabi_dcmplt
                0x08000f8c                __aeabi_dcmple
                0x08000fa0                __aeabi_dcmpge
                0x08000fb4                __aeabi_dcmpgt
 .text          0x08000fc8       0x2c c:/chibistudio/tools/gnu tools arm embedded/11.3 2022.08/bin/../lib/gcc/arm-none-eabi/11.3.1/thumb/v7e-m/nofp\libgcc.a(_arm_unorddf2.o)
                0x08000fc8                __unorddf2
                0x08000fc8                __aeabi_dcmpun
 .text          0x08000ff4       0x50 c:/chibistudio/tools/gnu tools arm embedded/11.3 2022.08/bin/../lib/gcc/arm-none-eabi/11.3.1/thumb/v7e-m/nofp\libgcc.a(_arm_fixdfsi.o)
                0x08000ff4                __aeabi_d2iz
                0x08000ff4                __fixdfsi
 *(.text.*)
 .text.SCB_EnableICache
                0x08001044       0x48 ./build/obj/crt1.o
 .text.SCB_InvalidateICache
                0x0800108c       0x30 ./build/obj/crt1.o
 .text.SCB_EnableDCache
                0x080010bc       0x88 ./build/obj/crt1.o
 .text.SCB_CleanDCache
                0x08001144       0x74 ./build/obj/crt1.o
 .text.__cpu_init
                0x080011b8       0x10 ./build/obj/crt1.o
                0x080011b8                __cpu_init
 .text.__late_init
                0x080011c8        0xc ./build/obj/crt1.o
                0x080011c8                __late_init
 .text.__default_exit
                0x080011d4        0x6 ./build/obj/crt1.o
                0x080011d4                __default_exit
 *fill*         0x080011da        0x2 
 .text.__init_ram_areas
                0x080011dc       0x74 ./build/obj/crt1.o
                0x080011dc                __init_ram_areas
 .text.osalInit
                0x08001250        0xc ./build/obj/hal.o
 .text.halInit  0x0800125c       0x34 ./build/obj/hal.o
                0x0800125c                halInit
 .text.st_lld_get_counter
                0x08001290       0x12 ./build/obj/hal_st.o
 .text.st_lld_start_alarm
                0x080012a2       0x2a ./build/obj/hal_st.o
 .text.st_lld_stop_alarm
                0x080012cc       0x14 ./build/obj/hal_st.o
 .text.st_lld_set_alarm
                0x080012e0       0x1a ./build/obj/hal_st.o
 .text.stInit   0x080012fa        0xc ./build/obj/hal_st.o
                0x080012fa                stInit
 .text.stGetCounter
                0x08001306        0xe ./build/obj/hal_st.o
                0x08001306                stGetCounter
 .text.stStartAlarm
                0x08001314       0x16 ./build/obj/hal_st.o
                0x08001314                stStartAlarm
 .text.stStopAlarm
                0x0800132a        0xc ./build/obj/hal_st.o
                0x0800132a                stStopAlarm
 .text.stSetAlarm
                0x08001336       0x16 ./build/obj/hal_st.o
                0x08001336                stSetAlarm
 .text.ch_queue_init
                0x0800134c       0x1e ./build/obj/hal_queues.o
 .text.chSysLock
                0x0800136a       0x1e ./build/obj/hal_queues.o
 .text.chSysUnlock
                0x08001388       0x1e ./build/obj/hal_queues.o
 .text.chThdQueueObjectInit
                0x080013a6       0x18 ./build/obj/hal_queues.o
 .text.osalSysLock
                0x080013be        0xc ./build/obj/hal_queues.o
 .text.osalSysUnlock
                0x080013ca        0xc ./build/obj/hal_queues.o
 .text.osalThreadQueueObjectInit
                0x080013d6       0x16 ./build/obj/hal_queues.o
 .text.osalThreadEnqueueTimeoutS
                0x080013ec       0x1c ./build/obj/hal_queues.o
 .text.osalThreadDequeueNextI
                0x08001408       0x1a ./build/obj/hal_queues.o
 .text.iq_read  0x08001422       0xba ./build/obj/hal_queues.o
 .text.oq_write
                0x080014dc       0xba ./build/obj/hal_queues.o
 .text.iqObjectInit
                0x08001596       0x4c ./build/obj/hal_queues.o
                0x08001596                iqObjectInit
 .text.iqPutI   0x080015e2       0x7c ./build/obj/hal_queues.o
                0x080015e2                iqPutI
 .text.iqGetTimeout
                0x0800165e       0x7c ./build/obj/hal_queues.o
                0x0800165e                iqGetTimeout
 .text.iqReadTimeout
                0x080016da       0x80 ./build/obj/hal_queues.o
                0x080016da                iqReadTimeout
 .text.oqObjectInit
                0x0800175a       0x4c ./build/obj/hal_queues.o
                0x0800175a                oqObjectInit
 .text.oqPutTimeout
                0x080017a6       0x80 ./build/obj/hal_queues.o
                0x080017a6                oqPutTimeout
 .text.oqGetI   0x08001826       0x78 ./build/obj/hal_queues.o
                0x08001826                oqGetI
 .text.oqWriteTimeout
                0x0800189e       0x80 ./build/obj/hal_queues.o
                0x0800189e                oqWriteTimeout
 .text.chSysLock
                0x0800191e       0x1e ./build/obj/hal_adc.o
 .text.chSysUnlock
                0x0800193c       0x1e ./build/obj/hal_adc.o
 .text.osalSysLock
                0x0800195a        0xc ./build/obj/hal_adc.o
 .text.osalSysUnlock
                0x08001966        0xc ./build/obj/hal_adc.o
 .text.osalMutexObjectInit
                0x08001972       0x16 ./build/obj/hal_adc.o
 .text.adcInit  0x08001988        0xc ./build/obj/hal_adc.o
                0x08001988                adcInit
 .text.adcObjectInit
                0x08001994       0x3e ./build/obj/hal_adc.o
                0x08001994                adcObjectInit
 .text.adcStart
                0x080019d2       0x3e ./build/obj/hal_adc.o
                0x080019d2                adcStart
 .text.adcStartConversion
                0x08001a10       0x2a ./build/obj/hal_adc.o
                0x08001a10                adcStartConversion
 .text.adcStartConversionI
                0x08001a3a       0x34 ./build/obj/hal_adc.o
                0x08001a3a                adcStartConversionI
 .text.chSysLock
                0x08001a6e       0x1e ./build/obj/hal_gpt.o
 .text.chSysUnlock
                0x08001a8c       0x1e ./build/obj/hal_gpt.o
 .text.osalSysLock
                0x08001aaa        0xc ./build/obj/hal_gpt.o
 .text.osalSysUnlock
                0x08001ab6        0xc ./build/obj/hal_gpt.o
 .text.gptStart
                0x08001ac2       0x32 ./build/obj/hal_gpt.o
                0x08001ac2                gptStart
 .text.gptStartContinuous
                0x08001af4       0x22 ./build/obj/hal_gpt.o
                0x08001af4                gptStartContinuous
 .text.gptStartContinuousI
                0x08001b16       0x20 ./build/obj/hal_gpt.o
                0x08001b16                gptStartContinuousI
 .text.osalMutexObjectInit
                0x08001b36       0x16 ./build/obj/hal_i2c.o
 .text.i2cInit  0x08001b4c        0xc ./build/obj/hal_i2c.o
                0x08001b4c                i2cInit
 .text.i2cObjectInit
                0x08001b58       0x26 ./build/obj/hal_i2c.o
                0x08001b58                i2cObjectInit
 .text.chSysLock
                0x08001b7e       0x1e ./build/obj/hal_serial.o
 .text.chSysUnlock
                0x08001b9c       0x1e ./build/obj/hal_serial.o
 .text.chEvtObjectInit
                0x08001bba       0x18 ./build/obj/hal_serial.o
 .text.osalSysLock
                0x08001bd2        0xc ./build/obj/hal_serial.o
 .text.osalSysUnlock
                0x08001bde        0xc ./build/obj/hal_serial.o
 .text.osalEventObjectInit
                0x08001bea       0x16 ./build/obj/hal_serial.o
 .text.osalEventBroadcastFlagsI
                0x08001c00       0x1a ./build/obj/hal_serial.o
 .text._write   0x08001c1a       0x28 ./build/obj/hal_serial.o
 .text._read    0x08001c42       0x28 ./build/obj/hal_serial.o
 .text._put     0x08001c6a       0x26 ./build/obj/hal_serial.o
 .text._get     0x08001c90       0x20 ./build/obj/hal_serial.o
 .text._putt    0x08001cb0       0x26 ./build/obj/hal_serial.o
 .text._gett    0x08001cd6       0x20 ./build/obj/hal_serial.o
 .text._writet  0x08001cf6       0x28 ./build/obj/hal_serial.o
 .text._readt   0x08001d1e       0x28 ./build/obj/hal_serial.o
 .text._ctl     0x08001d46       0x36 ./build/obj/hal_serial.o
 .text.sdInit   0x08001d7c        0xc ./build/obj/hal_serial.o
                0x08001d7c                sdInit
 .text.sdObjectInit
                0x08001d88       0x2c ./build/obj/hal_serial.o
                0x08001d88                sdObjectInit
 .text.sdStart  0x08001db4       0x2e ./build/obj/hal_serial.o
                0x08001db4                sdStart
 .text.sdIncomingDataI
                0x08001de2       0x4a ./build/obj/hal_serial.o
                0x08001de2                sdIncomingDataI
 .text.chSysLock
                0x08001e2c       0x1e ./build/obj/hal_spi.o
 .text.chSysUnlock
                0x08001e4a       0x1e ./build/obj/hal_spi.o
 .text.osalSysLock
                0x08001e68        0xc ./build/obj/hal_spi.o
 .text.osalSysUnlock
                0x08001e74        0xc ./build/obj/hal_spi.o
 .text.osalMutexObjectInit
                0x08001e80       0x16 ./build/obj/hal_spi.o
 .text.spiInit  0x08001e96        0xc ./build/obj/hal_spi.o
                0x08001e96                spiInit
 .text.spiObjectInit
                0x08001ea2       0x2c ./build/obj/hal_spi.o
                0x08001ea2                spiObjectInit
 .text.spiStart
                0x08001ece       0x3e ./build/obj/hal_spi.o
                0x08001ece                spiStart
 .text.chSysLock
                0x08001f0c       0x1e ./build/obj/hal_usb.o
 .text.chSysUnlock
                0x08001f2a       0x1e ./build/obj/hal_usb.o
 .text.chSysLockFromISR
                0x08001f48       0x20 ./build/obj/hal_usb.o
 .text.chSysUnlockFromISR
                0x08001f68       0x20 ./build/obj/hal_usb.o
 .text.osalSysLock
                0x08001f88        0xc ./build/obj/hal_usb.o
 .text.osalSysUnlock
                0x08001f94        0xc ./build/obj/hal_usb.o
 .text.osalSysLockFromISR
                0x08001fa0        0xc ./build/obj/hal_usb.o
 .text.osalSysUnlockFromISR
                0x08001fac        0xc ./build/obj/hal_usb.o
 .text.get_hword
                0x08001fb8       0x30 ./build/obj/hal_usb.o
 .text.set_address
                0x08001fe8       0x3e ./build/obj/hal_usb.o
 *fill*         0x08002026        0x2 
 .text.default_handler
                0x08002028      0x410 ./build/obj/hal_usb.o
 .text.usbInit  0x08002438        0xc ./build/obj/hal_usb.o
                0x08002438                usbInit
 .text.usbObjectInit
                0x08002444       0x54 ./build/obj/hal_usb.o
                0x08002444                usbObjectInit
 .text.usbStart
                0x08002498       0x52 ./build/obj/hal_usb.o
                0x08002498                usbStart
 .text.usbInitEndpointI
                0x080024ea       0x5a ./build/obj/hal_usb.o
                0x080024ea                usbInitEndpointI
 .text.usbDisableEndpointsI
                0x08002544       0x52 ./build/obj/hal_usb.o
                0x08002544                usbDisableEndpointsI
 .text.usbStartReceiveI
                0x08002596       0x5a ./build/obj/hal_usb.o
                0x08002596                usbStartReceiveI
 .text.usbStartTransmitI
                0x080025f0       0x5a ./build/obj/hal_usb.o
                0x080025f0                usbStartTransmitI
 .text._usb_reset
                0x0800264a       0x7e ./build/obj/hal_usb.o
                0x0800264a                _usb_reset
 .text._usb_suspend
                0x080026c8       0x4a ./build/obj/hal_usb.o
                0x080026c8                _usb_suspend
 .text._usb_wakeup
                0x08002712       0x38 ./build/obj/hal_usb.o
                0x08002712                _usb_wakeup
 .text._usb_ep0setup
                0x0800274a      0x15c ./build/obj/hal_usb.o
                0x0800274a                _usb_ep0setup
 *fill*         0x080028a6        0x2 
 .text._usb_ep0in
                0x080028a8      0x134 ./build/obj/hal_usb.o
                0x080028a8                _usb_ep0in
 .text._usb_ep0out
                0x080029dc       0xf0 ./build/obj/hal_usb.o
                0x080029dc                _usb_ep0out
 .text.halCommunityInit
                0x08002acc        0xc ./build/obj/hal_community.o
                0x08002acc                halCommunityInit
 .text.fsmcInit
                0x08002ad8       0x28 ./build/obj/hal_fsmc.o
                0x08002ad8                fsmcInit
 .text.Vector100
                0x08002b00       0x1c ./build/obj/hal_fsmc.o
                0x08002b00                Vector100
 .text.nvicEnableVector
                0x08002b1c       0x5c ./build/obj/nvic.o
                0x08002b1c                nvicEnableVector
 .text.nvicDisableVector
                0x08002b78       0x54 ./build/obj/nvic.o
                0x08002b78                nvicDisableVector
 .text.exti0_irq_init
                0x08002bcc        0xc ./build/obj/stm32_isr.o
 .text.exti1_irq_init
                0x08002bd8        0xc ./build/obj/stm32_isr.o
 .text.exti2_irq_init
                0x08002be4        0xc ./build/obj/stm32_isr.o
 .text.exti3_irq_init
                0x08002bf0        0xc ./build/obj/stm32_isr.o
 .text.exti4_irq_init
                0x08002bfc        0xc ./build/obj/stm32_isr.o
 .text.exti5_9_irq_init
                0x08002c08        0xc ./build/obj/stm32_isr.o
 .text.exti10_15_irq_init
                0x08002c14        0xc ./build/obj/stm32_isr.o
 .text.exti16_irq_init
                0x08002c20        0xc ./build/obj/stm32_isr.o
 .text.exti17_irq_init
                0x08002c2c        0xc ./build/obj/stm32_isr.o
 .text.exti18_irq_init
                0x08002c38        0xc ./build/obj/stm32_isr.o
 .text.exti19_irq_init
                0x08002c44        0xc ./build/obj/stm32_isr.o
 .text.exti20_exti21_irq_init
                0x08002c50        0xc ./build/obj/stm32_isr.o
 .text.fdcan1_irq_init
                0x08002c5c        0xc ./build/obj/stm32_isr.o
 .text.fdcan2_irq_init
                0x08002c68        0xc ./build/obj/stm32_isr.o
 .text.fdcan3_irq_init
                0x08002c74        0xc ./build/obj/stm32_isr.o
 .text.quadspi1_irq_init
                0x08002c80        0xc ./build/obj/stm32_isr.o
 .text.sdmmc1_irq_init
                0x08002c8c        0xc ./build/obj/stm32_isr.o
 .text.sdmmc2_irq_init
                0x08002c98        0xc ./build/obj/stm32_isr.o
 .text.usart1_irq_init
                0x08002ca4       0x10 ./build/obj/stm32_isr.o
 .text.VectorD4
                0x08002cb4       0x28 ./build/obj/stm32_isr.o
                0x08002cb4                VectorD4
 .text.usart2_irq_init
                0x08002cdc        0xc ./build/obj/stm32_isr.o
 .text.usart3_irq_init
                0x08002ce8        0xc ./build/obj/stm32_isr.o
 .text.uart4_irq_init
                0x08002cf4        0xc ./build/obj/stm32_isr.o
 .text.uart5_irq_init
                0x08002d00       0x10 ./build/obj/stm32_isr.o
 .text.Vector114
                0x08002d10       0x28 ./build/obj/stm32_isr.o
                0x08002d10                Vector114
 .text.usart6_irq_init
                0x08002d38        0xc ./build/obj/stm32_isr.o
 .text.uart7_irq_init
                0x08002d44        0xc ./build/obj/stm32_isr.o
 .text.uart8_irq_init
                0x08002d50        0xc ./build/obj/stm32_isr.o
 .text.uart9_irq_init
                0x08002d5c        0xc ./build/obj/stm32_isr.o
 .text.usart10_irq_init
                0x08002d68        0xc ./build/obj/stm32_isr.o
 .text.lpuart1_irq_init
                0x08002d74        0xc ./build/obj/stm32_isr.o
 .text.tim1_irq_init
                0x08002d80        0xc ./build/obj/stm32_isr.o
 .text.tim2_irq_init
                0x08002d8c       0x10 ./build/obj/stm32_isr.o
 .text.VectorB0
                0x08002d9c       0x20 ./build/obj/stm32_isr.o
                0x08002d9c                VectorB0
 .text.tim3_irq_init
                0x08002dbc        0xc ./build/obj/stm32_isr.o
 .text.tim4_irq_init
                0x08002dc8        0xc ./build/obj/stm32_isr.o
 .text.tim5_irq_init
                0x08002dd4        0xc ./build/obj/stm32_isr.o
 .text.tim6_irq_init
                0x08002de0        0xc ./build/obj/stm32_isr.o
 .text.tim7_irq_init
                0x08002dec        0xc ./build/obj/stm32_isr.o
 .text.tim8_tim12_tim13_tim14_irq_init
                0x08002df8        0xc ./build/obj/stm32_isr.o
 .text.tim15_irq_init
                0x08002e04        0xc ./build/obj/stm32_isr.o
 .text.tim16_irq_init
                0x08002e10        0xc ./build/obj/stm32_isr.o
 .text.tim17_irq_init
                0x08002e1c        0xc ./build/obj/stm32_isr.o
 .text.irqInit  0x08002e28       0xb0 ./build/obj/stm32_isr.o
                0x08002e28                irqInit
 .text.SCB_CleanInvalidateDCache
                0x08002ed8       0x74 ./build/obj/hal_lld.o
 .text.__rccResetAPB1L
                0x08002f4c       0x40 ./build/obj/hal_lld.o
 .text.__rccResetAPB1H
                0x08002f8c       0x40 ./build/obj/hal_lld.o
 .text.__rccResetAPB2
                0x08002fcc       0x40 ./build/obj/hal_lld.o
 .text.__rccResetAPB3
                0x0800300c       0x40 ./build/obj/hal_lld.o
 .text.__rccResetAPB4
                0x0800304c       0x40 ./build/obj/hal_lld.o
 .text.__rccResetAHB1
                0x0800308c       0x40 ./build/obj/hal_lld.o
 .text.__rccResetAHB2
                0x080030cc       0x40 ./build/obj/hal_lld.o
 .text.__rccResetAHB3
                0x0800310c       0x34 ./build/obj/hal_lld.o
 .text.__rccResetAHB4
                0x08003140       0x40 ./build/obj/hal_lld.o
 .text.rccEnableAPB4
                0x08003180       0x5c ./build/obj/hal_lld.o
 .text.rccEnableAHB2
                0x080031dc       0x5c ./build/obj/hal_lld.o
 .text.init_bkp_domain
                0x08003238       0x3c ./build/obj/hal_lld.o
 .text.init_pwr
                0x08003274       0x5c ./build/obj/hal_lld.o
 .text.hal_lld_init
                0x080032d0       0x94 ./build/obj/hal_lld.o
                0x080032d0                hal_lld_init
 .text.stm32_clock_init
                0x08003364      0x218 ./build/obj/hal_lld.o
                0x08003364                stm32_clock_init
 .text.chSysLockFromISR
                0x0800357c       0x20 ./build/obj/hal_adc_lld.o
 .text.chSysUnlockFromISR
                0x0800359c       0x20 ./build/obj/hal_adc_lld.o
 .text.osalSysLockFromISR
                0x080035bc        0xc ./build/obj/hal_adc_lld.o
 .text.osalSysUnlockFromISR
                0x080035c8        0xc ./build/obj/hal_adc_lld.o
 .text.osalSysPolledDelayX
                0x080035d4       0x16 ./build/obj/hal_adc_lld.o
 .text.osalThreadResumeI
                0x080035ea       0x1a ./build/obj/hal_adc_lld.o
 .text.__rccResetAHB1
                0x08003604       0x40 ./build/obj/hal_adc_lld.o
 .text.rccEnableAHB1
                0x08003644       0x5c ./build/obj/hal_adc_lld.o
 .text.rccDisableAHB1
                0x080036a0       0x40 ./build/obj/hal_adc_lld.o
 .text.rccResetAHB1
                0x080036e0       0x16 ./build/obj/hal_adc_lld.o
 .text.adc_lld_vreg_on
                0x080036f6       0x22 ./build/obj/hal_adc_lld.o
 .text.adc_lld_analog_on
                0x08003718       0x3c ./build/obj/hal_adc_lld.o
 .text.adc_lld_calibrate
                0x08003754       0x60 ./build/obj/hal_adc_lld.o
 .text.adc_lld_stop_adc
                0x080037b4       0x48 ./build/obj/hal_adc_lld.o
 .text.adc_lld_serve_dma_interrupt
                0x080037fc      0x134 ./build/obj/hal_adc_lld.o
 .text.adc_lld_serve_interrupt
                0x08003930       0xce ./build/obj/hal_adc_lld.o
 *fill*         0x080039fe        0x2 
 .text.Vector88
                0x08003a00       0x40 ./build/obj/hal_adc_lld.o
                0x08003a00                Vector88
 .text.adc_lld_init
                0x08003a40       0x58 ./build/obj/hal_adc_lld.o
                0x08003a40                adc_lld_init
 .text.adc_lld_start
                0x08003a98       0xb4 ./build/obj/hal_adc_lld.o
                0x08003a98                adc_lld_start
 .text.adc_lld_start_conversion
                0x08003b4c      0x18c ./build/obj/hal_adc_lld.o
                0x08003b4c                adc_lld_start_conversion
 .text.adc_lld_stop_conversion
                0x08003cd8       0x5c ./build/obj/hal_adc_lld.o
                0x08003cd8                adc_lld_stop_conversion
 .text.rccEnableAHB1
                0x08003d34       0x5c ./build/obj/stm32_dma.o
 .text.rccDisableAHB1
                0x08003d90       0x40 ./build/obj/stm32_dma.o
 .text.Vector6C
                0x08003dd0       0x50 ./build/obj/stm32_dma.o
                0x08003dd0                Vector6C
 .text.Vector70
                0x08003e20       0x54 ./build/obj/stm32_dma.o
                0x08003e20                Vector70
 .text.Vector74
                0x08003e74       0x54 ./build/obj/stm32_dma.o
                0x08003e74                Vector74
 .text.Vector78
                0x08003ec8       0x54 ./build/obj/stm32_dma.o
                0x08003ec8                Vector78
 .text.Vector7C
                0x08003f1c       0x50 ./build/obj/stm32_dma.o
                0x08003f1c                Vector7C
 .text.Vector80
                0x08003f6c       0x54 ./build/obj/stm32_dma.o
                0x08003f6c                Vector80
 .text.Vector84
                0x08003fc0       0x54 ./build/obj/stm32_dma.o
                0x08003fc0                Vector84
 .text.VectorFC
                0x08004014       0x54 ./build/obj/stm32_dma.o
                0x08004014                VectorFC
 .text.Vector120
                0x08004068       0x50 ./build/obj/stm32_dma.o
                0x08004068                Vector120
 .text.Vector124
                0x080040b8       0x54 ./build/obj/stm32_dma.o
                0x080040b8                Vector124
 .text.Vector128
                0x0800410c       0x54 ./build/obj/stm32_dma.o
                0x0800410c                Vector128
 .text.Vector12C
                0x08004160       0x54 ./build/obj/stm32_dma.o
                0x08004160                Vector12C
 .text.Vector130
                0x080041b4       0x50 ./build/obj/stm32_dma.o
                0x080041b4                Vector130
 .text.Vector150
                0x08004204       0x54 ./build/obj/stm32_dma.o
                0x08004204                Vector150
 .text.Vector154
                0x08004258       0x54 ./build/obj/stm32_dma.o
                0x08004258                Vector154
 .text.Vector158
                0x080042ac       0x58 ./build/obj/stm32_dma.o
                0x080042ac                Vector158
 .text.dmaInit  0x08004304       0x74 ./build/obj/stm32_dma.o
                0x08004304                dmaInit
 .text.dmaStreamAllocI
                0x08004378      0x134 ./build/obj/stm32_dma.o
                0x08004378                dmaStreamAllocI
 .text.dmaStreamFreeI
                0x080044ac       0x58 ./build/obj/stm32_dma.o
                0x080044ac                dmaStreamFreeI
 .text.dmaSetRequestSource
                0x08004504       0x1c ./build/obj/stm32_dma.o
                0x08004504                dmaSetRequestSource
 .text._pal_lld_init
                0x08004520        0xc ./build/obj/hal_pal_lld.o
                0x08004520                _pal_lld_init
 .text._pal_lld_setgroupmode
                0x0800452c      0x174 ./build/obj/hal_pal_lld.o
                0x0800452c                _pal_lld_setgroupmode
 .text.chSysLockFromISR
                0x080046a0       0x20 ./build/obj/hal_i2c_lld.o
 .text.chSysUnlockFromISR
                0x080046c0       0x20 ./build/obj/hal_i2c_lld.o
 .text.osalSysLockFromISR
                0x080046e0        0xc ./build/obj/hal_i2c_lld.o
 .text.osalSysUnlockFromISR
                0x080046ec        0xc ./build/obj/hal_i2c_lld.o
 .text.osalThreadResumeI
                0x080046f8       0x1a ./build/obj/hal_i2c_lld.o
 .text.i2c_lld_get_rxbytes
                0x08004712       0x1a ./build/obj/hal_i2c_lld.o
 .text.i2c_lld_get_txbytes
                0x0800472c       0x1a ./build/obj/hal_i2c_lld.o
 .text.i2c_lld_start_rx_dma
                0x08004746       0x26 ./build/obj/hal_i2c_lld.o
 .text.i2c_lld_stop_rx_dma
                0x0800476c       0x4a ./build/obj/hal_i2c_lld.o
 .text.i2c_lld_stop_tx_dma
                0x080047b6       0x4a ./build/obj/hal_i2c_lld.o
 .text.i2c_lld_setup_rx_transfer
                0x08004800       0x5c ./build/obj/hal_i2c_lld.o
 .text.i2c_lld_setup_tx_transfer
                0x0800485c       0x58 ./build/obj/hal_i2c_lld.o
 .text.i2c_lld_serve_interrupt
                0x080048b4      0x100 ./build/obj/hal_i2c_lld.o
 .text.i2c_lld_serve_error_interrupt
                0x080049b4       0x94 ./build/obj/hal_i2c_lld.o
 .text.VectorC4
                0x08004a48       0x44 ./build/obj/hal_i2c_lld.o
                0x08004a48                VectorC4
 .text.VectorC8
                0x08004a8c       0x44 ./build/obj/hal_i2c_lld.o
                0x08004a8c                VectorC8
 .text.i2c_lld_init
                0x08004ad0       0x40 ./build/obj/hal_i2c_lld.o
                0x08004ad0                i2c_lld_init
 .text.chSysLockFromISR
                0x08004b10       0x20 ./build/obj/hal_usb_lld.o
 .text.chSysUnlockFromISR
                0x08004b30       0x20 ./build/obj/hal_usb_lld.o
 .text.osalSysLockFromISR
                0x08004b50        0xc ./build/obj/hal_usb_lld.o
 .text.osalSysUnlockFromISR
                0x08004b5c        0xc ./build/obj/hal_usb_lld.o
 .text.osalSysPolledDelayX
                0x08004b68       0x16 ./build/obj/hal_usb_lld.o
 *fill*         0x08004b7e        0x2 
 .text.__rccResetAHB1
                0x08004b80       0x40 ./build/obj/hal_usb_lld.o
 .text.rccEnableAHB1
                0x08004bc0       0x5c ./build/obj/hal_usb_lld.o
 .text.rccResetAHB1
                0x08004c1c       0x16 ./build/obj/hal_usb_lld.o
 .text.otg_core_reset
                0x08004c32       0x4e ./build/obj/hal_usb_lld.o
 .text.otg_disable_ep
                0x08004c80       0xba ./build/obj/hal_usb_lld.o
 .text.otg_enable_ep
                0x08004d3a       0x88 ./build/obj/hal_usb_lld.o
 .text.otg_rxfifo_flush
                0x08004dc2       0x32 ./build/obj/hal_usb_lld.o
 .text.otg_txfifo_flush
                0x08004df4       0x3a ./build/obj/hal_usb_lld.o
 .text.otg_ram_reset
                0x08004e2e       0x20 ./build/obj/hal_usb_lld.o
 .text.otg_ram_alloc
                0x08004e4e       0x2e ./build/obj/hal_usb_lld.o
 .text.otg_fifo_write_from_buffer
                0x08004e7c       0x34 ./build/obj/hal_usb_lld.o
 .text.otg_fifo_read_to_buffer
                0x08004eb0       0x5c ./build/obj/hal_usb_lld.o
 .text.otg_rxfifo_handler
                0x08004f0c      0x182 ./build/obj/hal_usb_lld.o
 .text.otg_txfifo_handler
                0x0800508e      0x136 ./build/obj/hal_usb_lld.o
 .text.otg_epin_handler
                0x080051c4      0x106 ./build/obj/hal_usb_lld.o
 .text.otg_epout_handler
                0x080052ca      0x130 ./build/obj/hal_usb_lld.o
 .text.otg_isoc_in_failed_handler
                0x080053fa       0xd8 ./build/obj/hal_usb_lld.o
 .text.otg_isoc_out_failed_handler
                0x080054d2       0xa0 ./build/obj/hal_usb_lld.o
 *fill*         0x08005572        0x2 
 .text.usb_lld_serve_interrupt
                0x08005574      0x2d8 ./build/obj/hal_usb_lld.o
 .text.Vector1D4
                0x0800584c       0x28 ./build/obj/hal_usb_lld.o
                0x0800584c                Vector1D4
 .text.usb_lld_init
                0x08005874       0x2c ./build/obj/hal_usb_lld.o
                0x08005874                usb_lld_init
 .text.usb_lld_start
                0x080058a0       0xd0 ./build/obj/hal_usb_lld.o
                0x080058a0                usb_lld_start
 .text.usb_lld_reset
                0x08005970      0x138 ./build/obj/hal_usb_lld.o
                0x08005970                usb_lld_reset
 .text.usb_lld_set_address
                0x08005aa8       0x34 ./build/obj/hal_usb_lld.o
                0x08005aa8                usb_lld_set_address
 .text.usb_lld_init_endpoint
                0x08005adc      0x224 ./build/obj/hal_usb_lld.o
                0x08005adc                usb_lld_init_endpoint
 .text.usb_lld_disable_endpoints
                0x08005d00       0x1c ./build/obj/hal_usb_lld.o
                0x08005d00                usb_lld_disable_endpoints
 .text.usb_lld_get_status_out
                0x08005d1c       0x46 ./build/obj/hal_usb_lld.o
                0x08005d1c                usb_lld_get_status_out
 .text.usb_lld_get_status_in
                0x08005d62       0x46 ./build/obj/hal_usb_lld.o
                0x08005d62                usb_lld_get_status_in
 .text.usb_lld_read_setup
                0x08005da8       0x2e ./build/obj/hal_usb_lld.o
                0x08005da8                usb_lld_read_setup
 .text.usb_lld_start_out
                0x08005dd6      0x13e ./build/obj/hal_usb_lld.o
                0x08005dd6                usb_lld_start_out
 .text.usb_lld_start_in
                0x08005f14      0x15e ./build/obj/hal_usb_lld.o
                0x08005f14                usb_lld_start_in
 .text.usb_lld_stall_out
                0x08006072       0x3a ./build/obj/hal_usb_lld.o
                0x08006072                usb_lld_stall_out
 .text.usb_lld_stall_in
                0x080060ac       0x3a ./build/obj/hal_usb_lld.o
                0x080060ac                usb_lld_stall_in
 .text.usb_lld_clear_out
                0x080060e6       0x3a ./build/obj/hal_usb_lld.o
                0x080060e6                usb_lld_clear_out
 .text.usb_lld_clear_in
                0x08006120       0x3a ./build/obj/hal_usb_lld.o
                0x08006120                usb_lld_clear_in
 .text.chSysLockFromISR
                0x0800615a       0x20 ./build/obj/hal_spi_v2_lld.o
 .text.chSysUnlockFromISR
                0x0800617a       0x20 ./build/obj/hal_spi_v2_lld.o
 .text.osalSysHalt
                0x0800619a       0x16 ./build/obj/hal_spi_v2_lld.o
 .text.osalSysLockFromISR
                0x080061b0        0xc ./build/obj/hal_spi_v2_lld.o
 .text.osalSysUnlockFromISR
                0x080061bc        0xc ./build/obj/hal_spi_v2_lld.o
 .text.osalThreadResumeI
                0x080061c8       0x1a ./build/obj/hal_spi_v2_lld.o
 *fill*         0x080061e2        0x2 
 .text.__rccResetAPB1L
                0x080061e4       0x40 ./build/obj/hal_spi_v2_lld.o
 .text.rccEnableAPB1L
                0x08006224       0x5c ./build/obj/hal_spi_v2_lld.o
 .text.rccResetAPB1L
                0x08006280       0x16 ./build/obj/hal_spi_v2_lld.o
 *fill*         0x08006296        0x2 
 .text.spi_lld_configure
                0x08006298       0x8c ./build/obj/hal_spi_v2_lld.o
 .text.spi_lld_resume
                0x08006324       0x32 ./build/obj/hal_spi_v2_lld.o
 .text.spi_lld_suspend
                0x08006356       0x4c ./build/obj/hal_spi_v2_lld.o
 *fill*         0x080063a2        0x2 
 .text.spi_lld_stop_abort
                0x080063a4       0x9c ./build/obj/hal_spi_v2_lld.o
 .text.spi_lld_stop_nicely
                0x08006440       0xac ./build/obj/hal_spi_v2_lld.o
 .text.spi_lld_serve_dma_rx_interrupt
                0x080064ec       0xfc ./build/obj/hal_spi_v2_lld.o
 .text.spi_lld_serve_dma_tx_interrupt
                0x080065e8       0x58 ./build/obj/hal_spi_v2_lld.o
 .text.spi_lld_serve_interrupt
                0x08006640       0x62 ./build/obj/hal_spi_v2_lld.o
 *fill*         0x080066a2        0x2 
 .text.spi_lld_get_dma
                0x080066a4       0x6c ./build/obj/hal_spi_v2_lld.o
 .text.VectorD0
                0x08006710       0x28 ./build/obj/hal_spi_v2_lld.o
                0x08006710                VectorD0
 .text.spi_lld_init
                0x08006738       0x44 ./build/obj/hal_spi_v2_lld.o
                0x08006738                spi_lld_init
 .text.spi_lld_start
                0x0800677c      0x150 ./build/obj/hal_spi_v2_lld.o
                0x0800677c                spi_lld_start
 .text.spi_lld_polled_exchange
                0x080068cc       0xce ./build/obj/hal_spi_v2_lld.o
                0x080068cc                spi_lld_polled_exchange
 .text.chSysLockFromISR
                0x0800699a       0x20 ./build/obj/hal_st_lld.o
 .text.chSysUnlockFromISR
                0x080069ba       0x20 ./build/obj/hal_st_lld.o
 .text.osalSysLockFromISR
                0x080069da        0xc ./build/obj/hal_st_lld.o
 .text.osalSysUnlockFromISR
                0x080069e6        0xc ./build/obj/hal_st_lld.o
 .text.osalOsTimerHandlerI
                0x080069f2        0xc ./build/obj/hal_st_lld.o
 *fill*         0x080069fe        0x2 
 .text.rccEnableAPB1L
                0x08006a00       0x5c ./build/obj/hal_st_lld.o
 .text.st_lld_init
                0x08006a5c       0x64 ./build/obj/hal_st_lld.o
                0x08006a5c                st_lld_init
 .text.st_lld_serve_interrupt
                0x08006ac0       0x44 ./build/obj/hal_st_lld.o
                0x08006ac0                st_lld_serve_interrupt
 .text.__rccResetAPB1L
                0x08006b04       0x40 ./build/obj/hal_gpt_lld.o
 .text.rccEnableAPB1L
                0x08006b44       0x5c ./build/obj/hal_gpt_lld.o
 .text.rccResetAPB1L
                0x08006ba0       0x16 ./build/obj/hal_gpt_lld.o
 *fill*         0x08006bb6        0x2 
 .text.gpt_lld_start
                0x08006bb8       0x84 ./build/obj/hal_gpt_lld.o
                0x08006bb8                gpt_lld_start
 .text.gpt_lld_start_timer
                0x08006c3c       0x58 ./build/obj/hal_gpt_lld.o
                0x08006c3c                gpt_lld_start_timer
 .text.chSysLockFromISR
                0x08006c94       0x20 ./build/obj/hal_serial_lld.o
 .text.chSysUnlockFromISR
                0x08006cb4       0x20 ./build/obj/hal_serial_lld.o
 .text.osalSysLockFromISR
                0x08006cd4        0xc ./build/obj/hal_serial_lld.o
 .text.osalSysUnlockFromISR
                0x08006ce0        0xc ./build/obj/hal_serial_lld.o
 .text.osalEventBroadcastFlagsI
                0x08006cec       0x1a ./build/obj/hal_serial_lld.o
 *fill*         0x08006d06        0x2 
 .text.rccEnableAPB1L
                0x08006d08       0x5c ./build/obj/hal_serial_lld.o
 .text.rccEnableAPB2
                0x08006d64       0x5c ./build/obj/hal_serial_lld.o
 .text.usart_init
                0x08006dc0       0xce ./build/obj/hal_serial_lld.o
 .text.set_error
                0x08006e8e       0x72 ./build/obj/hal_serial_lld.o
 .text.notify1  0x08006f00       0x24 ./build/obj/hal_serial_lld.o
 .text.notify5  0x08006f24       0x24 ./build/obj/hal_serial_lld.o
 .text.sd_lld_init
                0x08006f48       0xac ./build/obj/hal_serial_lld.o
                0x08006f48                sd_lld_init
 .text.sd_lld_start
                0x08006ff4       0x5c ./build/obj/hal_serial_lld.o
                0x08006ff4                sd_lld_start
 .text.sd_lld_serve_interrupt
                0x08007050      0x13c ./build/obj/hal_serial_lld.o
                0x08007050                sd_lld_serve_interrupt
 .text.__rccResetAHB4
                0x0800718c       0x40 ./build/obj/board.o
 .text.rccEnableAHB4
                0x080071cc       0x5c ./build/obj/board.o
 .text.gpio_init
                0x08007228       0x4c ./build/obj/board.o
 .text.stm32_gpio_init
                0x08007274       0xcc ./build/obj/board.o
 .text.__early_init
                0x08007340       0x10 ./build/obj/board.o
                0x08007340                __early_init
 .text.boardInit
                0x08007350        0xc ./build/obj/board.o
                0x08007350                boardInit
 .text.__tm_calibration_object_init
                0x0800735c       0x4a ./build/obj/chsys.o
 .text.chSysUnlock
                0x080073a6       0x1e ./build/obj/chsys.o
 .text.__oslib_init
                0x080073c4       0x14 ./build/obj/chsys.o
 .text.chSysInit
                0x080073d8       0x60 ./build/obj/chsys.o
                0x080073d8                chSysInit
 .text.chSysHalt
                0x08007438       0x2c ./build/obj/chsys.o
                0x08007438                chSysHalt
 .text.chSysTimerHandlerI
                0x08007464        0xc ./build/obj/chsys.o
                0x08007464                chSysTimerHandlerI
 .text.chSysIsCounterWithinX
                0x08007470       0x2c ./build/obj/chsys.o
                0x08007470                chSysIsCounterWithinX
 .text.chSysPolledDelayX
                0x0800749c       0x3c ./build/obj/chsys.o
                0x0800749c                chSysPolledDelayX
 .text.chRFCUCollectFaultsI
                0x080074d8       0x24 ./build/obj/chrfcu.o
                0x080074d8                chRFCUCollectFaultsI
 .text.port_timer_get_time
                0x080074fc        0xe ./build/obj/chtrace.o
 .text.chVTGetSystemTimeX
                0x0800750a        0xe ./build/obj/chtrace.o
 .text.trace_next
                0x08007518       0x64 ./build/obj/chtrace.o
 .text.__trace_object_init
                0x0800757c       0x52 ./build/obj/chtrace.o
                0x0800757c                __trace_object_init
 *fill*         0x080075ce        0x2 
 .text.__trace_ready
                0x080075d0       0x70 ./build/obj/chtrace.o
                0x080075d0                __trace_ready
 .text.__trace_switch
                0x08007640       0x70 ./build/obj/chtrace.o
                0x08007640                __trace_switch
 .text.__trace_isr_enter
                0x080076b0       0x74 ./build/obj/chtrace.o
                0x080076b0                __trace_isr_enter
 .text.__trace_isr_leave
                0x08007724       0x74 ./build/obj/chtrace.o
                0x08007724                __trace_isr_leave
 .text.__trace_halt
                0x08007798       0x54 ./build/obj/chtrace.o
                0x08007798                __trace_halt
 .text.chTimeAddX
                0x080077ec       0x1a ./build/obj/chvt.o
 .text.chTimeDiffX
                0x08007806       0x1a ./build/obj/chvt.o
 .text.ch_dlist_isempty
                0x08007820       0x22 ./build/obj/chvt.o
 .text.ch_dlist_isfirst
                0x08007842       0x24 ./build/obj/chvt.o
 .text.ch_dlist_insert_after
                0x08007866       0x3a ./build/obj/chvt.o
 .text.ch_dlist_insert_before
                0x080078a0       0x3a ./build/obj/chvt.o
 .text.ch_dlist_insert
                0x080078da       0x5e ./build/obj/chvt.o
 .text.ch_dlist_remove_first
                0x08007938       0x2a ./build/obj/chvt.o
 .text.ch_dlist_dequeue
                0x08007962       0x28 ./build/obj/chvt.o
 .text.port_timer_start_alarm
                0x0800798a       0x16 ./build/obj/chvt.o
 .text.port_timer_stop_alarm
                0x080079a0        0xc ./build/obj/chvt.o
 .text.port_timer_set_alarm
                0x080079ac       0x16 ./build/obj/chvt.o
 .text.port_timer_get_time
                0x080079c2        0xe ./build/obj/chvt.o
 .text.chSysLockFromISR
                0x080079d0       0x20 ./build/obj/chvt.o
 .text.chSysUnlockFromISR
                0x080079f0       0x20 ./build/obj/chvt.o
 .text.chVTGetSystemTimeX
                0x08007a10        0xe ./build/obj/chvt.o
 .text.vt_set_alarm
                0x08007a1e       0x72 ./build/obj/chvt.o
 .text.vt_insert_first
                0x08007a90       0x9a ./build/obj/chvt.o
 .text.vt_enqueue
                0x08007b2a       0x76 ./build/obj/chvt.o
 .text.chVTDoSetI
                0x08007ba0       0x3c ./build/obj/chvt.o
                0x08007ba0                chVTDoSetI
 .text.chVTDoResetI
                0x08007bdc       0xc4 ./build/obj/chvt.o
                0x08007bdc                chVTDoResetI
 .text.chVTDoTickI
                0x08007ca0      0x140 ./build/obj/chvt.o
                0x08007ca0                chVTDoTickI
 .text.ch_queue_dequeue
                0x08007de0       0x28 ./build/obj/chschd.o
 .text.ch_pqueue_remove_highest
                0x08007e08       0x2a ./build/obj/chschd.o
 .text.ch_pqueue_insert_behind
                0x08007e32       0x4e ./build/obj/chschd.o
 .text.ch_pqueue_insert_ahead
                0x08007e80       0x4e ./build/obj/chschd.o
 .text.chSysLockFromISR
                0x08007ece       0x20 ./build/obj/chschd.o
 .text.chSysUnlockFromISR
                0x08007eee       0x20 ./build/obj/chschd.o
 .text.chVTIsArmedI
                0x08007f0e       0x20 ./build/obj/chschd.o
 .text.chSemFastSignalI
                0x08007f2e       0x1c ./build/obj/chschd.o
 .text.__sch_ready_behind
                0x08007f4a       0x36 ./build/obj/chschd.o
 .text.__sch_ready_ahead
                0x08007f80       0x36 ./build/obj/chschd.o
 *fill*         0x08007fb6        0x2 
 .text.__sch_reschedule_ahead
                0x08007fb8       0x4c ./build/obj/chschd.o
 .text.__sch_wakeup
                0x08008004       0x98 ./build/obj/chschd.o
 .text.chSchReadyI
                0x0800809c       0x18 ./build/obj/chschd.o
                0x0800809c                chSchReadyI
 .text.chSchGoSleepS
                0x080080b4       0x50 ./build/obj/chschd.o
                0x080080b4                chSchGoSleepS
 .text.chSchGoSleepTimeoutS
                0x08008104       0x68 ./build/obj/chschd.o
                0x08008104                chSchGoSleepTimeoutS
 .text.chSchWakeupS
                0x0800816c       0x6c ./build/obj/chschd.o
                0x0800816c                chSchWakeupS
 .text.chSchRescheduleS
                0x080081d8       0x38 ./build/obj/chschd.o
                0x080081d8                chSchRescheduleS
 .text.chSchIsPreemptionRequired
                0x08008210       0x3c ./build/obj/chschd.o
                0x08008210                chSchIsPreemptionRequired
 .text.chSchDoPreemption
                0x0800824c       0x4c ./build/obj/chschd.o
                0x0800824c                chSchDoPreemption
 .text.__rfcu_object_init
                0x08008298       0x18 ./build/obj/chinstances.o
 .text.__dbg_object_init
                0x080082b0       0x18 ./build/obj/chinstances.o
 .text.ch_queue_init
                0x080082c8       0x1e ./build/obj/chinstances.o
 .text.ch_pqueue_init
                0x080082e6       0x24 ./build/obj/chinstances.o
 .text.ch_dlist_init
                0x0800830a       0x26 ./build/obj/chinstances.o
 .text.port_timer_get_time
                0x08008330        0xe ./build/obj/chinstances.o
 .text.chVTGetSystemTimeX
                0x0800833e        0xe ./build/obj/chinstances.o
 .text.__vt_object_init
                0x0800834c       0x30 ./build/obj/chinstances.o
 .text.__reg_object_init
                0x0800837c       0x18 ./build/obj/chinstances.o
 .text.__idle_thread
                0x08008394        0xc ./build/obj/chinstances.o
 .text.chInstanceObjectInit
                0x080083a0       0xd0 ./build/obj/chinstances.o
                0x080083a0                chInstanceObjectInit
 .text.ch_list_init
                0x08008470       0x18 ./build/obj/chthreads.o
 .text.ch_list_notempty
                0x08008488       0x22 ./build/obj/chthreads.o
 .text.ch_list_unlink
                0x080084aa       0x22 ./build/obj/chthreads.o
 .text.ch_queue_init
                0x080084cc       0x1e ./build/obj/chthreads.o
 .text.ch_queue_notempty
                0x080084ea       0x22 ./build/obj/chthreads.o
 .text.ch_queue_insert
                0x0800850c       0x30 ./build/obj/chthreads.o
 .text.ch_queue_fifo_remove
                0x0800853c       0x2a ./build/obj/chthreads.o
 .text.ch_queue_dequeue
                0x08008566       0x28 ./build/obj/chthreads.o
 .text.chSysLock
                0x0800858e       0x1e ./build/obj/chthreads.o
 .text.chSysUnlock
                0x080085ac       0x1e ./build/obj/chthreads.o
 *fill*         0x080085ca        0x2 
 .text.chThdGetSelfX
                0x080085cc       0x14 ./build/obj/chthreads.o
 .text.chThdSleepS
                0x080085e0       0x18 ./build/obj/chthreads.o
 .text.chThdDoDequeueNextI
                0x080085f8       0x28 ./build/obj/chthreads.o
 .text.__thd_object_init
                0x08008620       0x7a ./build/obj/chthreads.o
                0x08008620                __thd_object_init
 *fill*         0x0800869a        0x2 
 .text.chThdCreateSuspendedI
                0x0800869c       0x60 ./build/obj/chthreads.o
                0x0800869c                chThdCreateSuspendedI
 .text.chThdCreateI
                0x080086fc       0x20 ./build/obj/chthreads.o
                0x080086fc                chThdCreateI
 .text.chThdCreateStatic
                0x0800871c       0x74 ./build/obj/chthreads.o
                0x0800871c                chThdCreateStatic
 .text.chThdExit
                0x08008790       0x1a ./build/obj/chthreads.o
                0x08008790                chThdExit
 .text.chThdExitS
                0x080087aa       0x7c ./build/obj/chthreads.o
                0x080087aa                chThdExitS
 .text.chThdSleep
                0x08008826       0x1e ./build/obj/chthreads.o
                0x08008826                chThdSleep
 .text.chThdResumeI
                0x08008844       0x32 ./build/obj/chthreads.o
                0x08008844                chThdResumeI
 .text.chThdEnqueueTimeoutS
                0x08008876       0x42 ./build/obj/chthreads.o
                0x08008876                chThdEnqueueTimeoutS
 .text.chThdDequeueNextI
                0x080088b8       0x28 ./build/obj/chthreads.o
                0x080088b8                chThdDequeueNextI
 .text.tm_stop  0x080088e0       0x7a ./build/obj/chtm.o
 .text.chTMObjectInit
                0x0800895a       0x3a ./build/obj/chtm.o
                0x0800895a                chTMObjectInit
 .text.chTMStartMeasurementX
                0x08008994       0x20 ./build/obj/chtm.o
                0x08008994                chTMStartMeasurementX
 .text.chTMStopMeasurementX
                0x080089b4       0x28 ./build/obj/chtm.o
                0x080089b4                chTMStopMeasurementX
 .text.ch_queue_init
                0x080089dc       0x1e ./build/obj/chsem.o
 .text.ch_queue_insert
                0x080089fa       0x30 ./build/obj/chsem.o
 .text.ch_queue_fifo_remove
                0x08008a2a       0x2a ./build/obj/chsem.o
 .text.chSysLock
                0x08008a54       0x1e ./build/obj/chsem.o
 .text.chSysUnlock
                0x08008a72       0x1e ./build/obj/chsem.o
 .text.chThdGetSelfX
                0x08008a90       0x14 ./build/obj/chsem.o
 .text.chSemObjectInit
                0x08008aa4       0x20 ./build/obj/chsem.o
                0x08008aa4                chSemObjectInit
 .text.chSemWaitTimeout
                0x08008ac4       0x26 ./build/obj/chsem.o
                0x08008ac4                chSemWaitTimeout
 .text.chSemWaitTimeoutS
                0x08008aea       0x6a ./build/obj/chsem.o
                0x08008aea                chSemWaitTimeoutS
 .text.chSemSignalI
                0x08008b54       0x38 ./build/obj/chsem.o
                0x08008b54                chSemSignalI
 .text.ch_queue_init
                0x08008b8c       0x1e ./build/obj/chmtx.o
 .text.chMtxObjectInit
                0x08008baa       0x1e ./build/obj/chmtx.o
                0x08008baa                chMtxObjectInit
 .text.chEvtSignalI
                0x08008bc8       0x5e ./build/obj/chevents.o
                0x08008bc8                chEvtSignalI
 .text.chEvtBroadcastFlagsI
                0x08008c26       0x58 ./build/obj/chevents.o
                0x08008c26                chEvtBroadcastFlagsI
 .text.ch_queue_init
                0x08008c7e       0x1e ./build/obj/chmboxes.o
 .text.chSysLock
                0x08008c9c       0x1e ./build/obj/chmboxes.o
 .text.chSysUnlock
                0x08008cba       0x1e ./build/obj/chmboxes.o
 .text.chThdQueueObjectInit
                0x08008cd8       0x18 ./build/obj/chmboxes.o
 .text.chMBGetSizeI
                0x08008cf0       0x1e ./build/obj/chmboxes.o
 .text.chMBGetUsedCountI
                0x08008d0e       0x16 ./build/obj/chmboxes.o
 .text.chMBGetFreeCountI
                0x08008d24       0x22 ./build/obj/chmboxes.o
 .text.chMBObjectInit
                0x08008d46       0x52 ./build/obj/chmboxes.o
                0x08008d46                chMBObjectInit
 .text.chMBPostTimeout
                0x08008d98       0x2a ./build/obj/chmboxes.o
                0x08008d98                chMBPostTimeout
 .text.chMBPostTimeoutS
                0x08008dc2       0x84 ./build/obj/chmboxes.o
                0x08008dc2                chMBPostTimeoutS
 .text.chMBPostI
                0x08008e46       0x6c ./build/obj/chmboxes.o
                0x08008e46                chMBPostI
 .text.chMBFetchTimeout
                0x08008eb2       0x2a ./build/obj/chmboxes.o
                0x08008eb2                chMBFetchTimeout
 .text.chMBFetchTimeoutS
                0x08008edc       0x86 ./build/obj/chmboxes.o
                0x08008edc                chMBFetchTimeoutS
 .text.chSysLock
                0x08008f62       0x1e ./build/obj/chmemcore.o
 .text.chSysUnlock
                0x08008f80       0x1e ./build/obj/chmemcore.o
 *fill*         0x08008f9e        0x2 
 .text.__core_init
                0x08008fa0       0x24 ./build/obj/chmemcore.o
                0x08008fa0                __core_init
 .text.chCoreAllocFromBaseI
                0x08008fc4       0x5c ./build/obj/chmemcore.o
                0x08008fc4                chCoreAllocFromBaseI
 .text.chCoreAllocFromTopI
                0x08009020       0x58 ./build/obj/chmemcore.o
                0x08009020                chCoreAllocFromTopI
 .text.chCoreAllocFromBase
                0x08009078       0x2a ./build/obj/chmemcore.o
                0x08009078                chCoreAllocFromBase
 .text.chCoreAllocFromTop
                0x080090a2       0x2a ./build/obj/chmemcore.o
                0x080090a2                chCoreAllocFromTop
 .text.__heap_init
                0x080090cc       0x2c ./build/obj/chmemheaps.o
                0x080090cc                __heap_init
 .text.chPoolObjectInitAligned
                0x080090f8       0x30 ./build/obj/chmempools.o
                0x080090f8                chPoolObjectInitAligned
 .text.chCoreAllocAlignedI
                0x08009128       0x1e ./build/obj/chfactory.o
 .text.chPoolObjectInit
                0x08009146       0x20 ./build/obj/chfactory.o
 .text.dyn_list_init
                0x08009166       0x18 ./build/obj/chfactory.o
 *fill*         0x0800917e        0x2 
 .text.__factory_init
                0x08009180       0x70 ./build/obj/chfactory.o
                0x08009180                __factory_init
 .text.__NVIC_SetPriorityGrouping
                0x080091f0       0x48 ./build/obj/chcore.o
 .text.__NVIC_SetPriority
                0x08009238       0x54 ./build/obj/chcore.o
 .text.SVC_Handler
                0x0800928c       0x3c ./build/obj/chcore.o
                0x0800928c                SVC_Handler
 .text.port_init
                0x080092c8       0x68 ./build/obj/chcore.o
                0x080092c8                port_init
 .text.__port_irq_epilogue
                0x08009330       0x88 ./build/obj/chcore.o
                0x08009330                __port_irq_epilogue
 .text._read_r  0x080093b8       0x22 ./build/obj/syscalls.o
                0x080093b8                _read_r
 .text._lseek_r
                0x080093da       0x1a ./build/obj/syscalls.o
                0x080093da                _lseek_r
 .text._write_r
                0x080093f4       0x1a ./build/obj/syscalls.o
                0x080093f4                _write_r
 .text._close_r
                0x0800940e       0x16 ./build/obj/syscalls.o
                0x0800940e                _close_r
 .text._sbrk_r  0x08009424       0x34 ./build/obj/syscalls.o
                0x08009424                _sbrk_r
 .text._fstat_r
                0x08009458       0x28 ./build/obj/syscalls.o
                0x08009458                _fstat_r
 .text._isatty_r
                0x08009480       0x16 ./build/obj/syscalls.o
                0x08009480                _isatty_r
 *fill*         0x08009496        0x2 
 .text._exit    0x08009498       0x18 ./build/obj/syscalls.o
                0x08009498                _exit
 .text._kill    0x080094b0       0x18 ./build/obj/syscalls.o
                0x080094b0                _kill
 .text._getpid  0x080094c8        0xe ./build/obj/syscalls.o
                0x080094c8                _getpid
 *fill*         0x080094d6        0x2 
 .text.main     0x080094d8      0x3a4 ./build/obj/main.o
                0x080094d8                main
 .text.drivers_init_all
                0x0800987c       0x18 ./build/obj/drivers.o
                0x0800987c                drivers_init_all
 .text.cs_low   0x08009894       0x18 ./build/obj/drv_display.o
 .text.cs_high  0x080098ac       0x18 ./build/obj/drv_display.o
 .text.dc_cmd   0x080098c4       0x18 ./build/obj/drv_display.o
 .text.dc_data  0x080098dc       0x18 ./build/obj/drv_display.o
 .text.send_cmd
                0x080098f4       0x2c ./build/obj/drv_display.o
 .text.send_data
                0x08009920       0x48 ./build/obj/drv_display.o
 .text.set_pixel
                0x08009968       0xcc ./build/obj/drv_display.o
 .text.drv_display_set_font
                0x08009a34       0x1c ./build/obj/drv_display.o
                0x08009a34                drv_display_set_font
 .text.font_advance
                0x08009a50       0x1e ./build/obj/drv_display.o
 *fill*         0x08009a6e        0x2 
 .text.drv_display_draw_char
                0x08009a70       0xac ./build/obj/drv_display.o
                0x08009a70                drv_display_draw_char
 .text.drv_display_draw_text
                0x08009b1c       0x68 ./build/obj/drv_display.o
                0x08009b1c                drv_display_draw_text
 .text.drv_display_clear
                0x08009b84       0x2c ./build/obj/drv_display.o
                0x08009b84                drv_display_clear
 .text.drv_display_update
                0x08009bb0       0x8c ./build/obj/drv_display.o
                0x08009bb0                drv_display_update
 .text.drv_display_init
                0x08009c3c       0xf8 ./build/obj/drv_display.o
                0x08009c3c                drv_display_init
 .text.chSysLock
                0x08009d34       0x1e ./build/obj/midi.o
 .text.chSysUnlock
                0x08009d52       0x1e ./build/obj/midi.o
 .text.chSysLockFromISR
                0x08009d70       0x20 ./build/obj/midi.o
 .text.chSysUnlockFromISR
                0x08009d90       0x20 ./build/obj/midi.o
 .text.chRegSetThreadName
                0x08009db0       0x20 ./build/obj/midi.o
 .text.chBSemObjectInit
                0x08009dd0       0x26 ./build/obj/midi.o
 .text.chBSemWaitTimeout
                0x08009df6       0x1e ./build/obj/midi.o
 .text.osalSysLock
                0x08009e14        0xc ./build/obj/midi.o
 .text.osalSysUnlock
                0x08009e20        0xc ./build/obj/midi.o
 .text.osalSysLockFromISR
                0x08009e2c        0xc ./build/obj/midi.o
 .text.osalSysUnlockFromISR
                0x08009e38        0xc ./build/obj/midi.o
 .text.midi_usb_ready
                0x08009e44       0x24 ./build/obj/midi.o
 .text.midi_usb_flush_tx_cache
                0x08009e68       0x14 ./build/obj/midi.o
 .text.midi_internal_receive
                0x08009e7c       0x14 ./build/obj/midi.o
                0x08009e7c                midi_internal_receive
 .text.midi_usb_queue_increment
                0x08009e90       0x40 ./build/obj/midi.o
 .text.midi_usb_queue_decrement
                0x08009ed0       0x28 ./build/obj/midi.o
 .text.midi_usb_rx_queue_increment_i
                0x08009ef8       0x3c ./build/obj/midi.o
 .text.midi_usb_rx_queue_decrement
                0x08009f34       0x24 ./build/obj/midi.o
 .text.midi_usb_start_tx
                0x08009f58       0x34 ./build/obj/midi.o
 .text.midi_usb_rx_submit_from_isr
                0x08009f8c       0xdc ./build/obj/midi.o
                0x08009f8c                midi_usb_rx_submit_from_isr
 .text.thdMidiUsbTx
                0x0800a068      0x168 ./build/obj/midi.o
 .text.midi_init
                0x0800a1d0       0xc4 ./build/obj/midi.o
                0x0800a1d0                midi_init
 .text.send_uart
                0x0800a294       0x24 ./build/obj/midi.o
 .text.post_mb_or_drop
                0x0800a2b8       0x7c ./build/obj/midi.o
 .text.usb_midi_decode_packet
                0x0800a334      0x148 ./build/obj/midi.o
 .text.midi_dispatch_rx_message
                0x0800a47c       0x40 ./build/obj/midi.o
 .text.midi_process_usb_rx
                0x0800a4bc       0xa0 ./build/obj/midi.o
 .text.send_usb
                0x0800a55c      0x3a8 ./build/obj/midi.o
 .text.midi_send
                0x0800a904       0x52 ./build/obj/midi.o
 .text.midi_note_on
                0x0800a956       0x72 ./build/obj/midi.o
                0x0800a956                midi_note_on
 .text.midi_note_off
                0x0800a9c8       0x5c ./build/obj/midi.o
                0x0800a9c8                midi_note_off
 .text.midi_poly_aftertouch
                0x0800aa24       0x5c ./build/obj/midi.o
                0x0800aa24                midi_poly_aftertouch
 .text.usb_device_start
                0x0800aa80       0x50 ./build/obj/usb_device.o
                0x0800aa80                usb_device_start
 .text.chSysLockFromISR
                0x0800aad0       0x20 ./build/obj/usbcfg.o
 .text.chSysUnlockFromISR
                0x0800aaf0       0x20 ./build/obj/usbcfg.o
 .text.chBSemSignalI
                0x0800ab10       0x20 ./build/obj/usbcfg.o
 .text.osalSysLockFromISR
                0x0800ab30        0xc ./build/obj/usbcfg.o
 .text.osalSysUnlockFromISR
                0x0800ab3c        0xc ./build/obj/usbcfg.o
 .text.usb_dcache_invalidate
                0x0800ab48       0x14 ./build/obj/usbcfg.o
 .text.ep1_out_cb
                0x0800ab5c       0x74 ./build/obj/usbcfg.o
 .text.ep2_in_cb
                0x0800abd0       0x20 ./build/obj/usbcfg.o
 .text.get_descriptor
                0x0800abf0       0x64 ./build/obj/usbcfg.o
 .text.usb_event
                0x0800ac54       0x8c ./build/obj/usbcfg.o
 .text.sof_handler
                0x0800ace0       0x1c ./build/obj/usbcfg.o
 .text.get_col_5x7
                0x0800acfc       0x50 ./build/obj/font.o
 .text.expand_font4x6
                0x0800ad4c       0xdc ./build/obj/font.o
 .text.get_col_4x6
                0x0800ae28       0x60 ./build/obj/font.o
 .text.chTimeDiffX
                0x0800ae88       0x1a ./build/obj/drv_hall.o
 .text.port_timer_get_time
                0x0800aea2        0xe ./build/obj/drv_hall.o
 .text.chVTGetSystemTimeX
                0x0800aeb0        0xe ./build/obj/drv_hall.o
 *fill*         0x0800aebe        0x2 
 .text.adc_cb   0x0800aec0       0x80 ./build/obj/drv_hall.o
 .text.mux_select
                0x0800af40       0x94 ./build/obj/drv_hall.o
 .text.clamp_u16
                0x0800afd4       0x2e ./build/obj/drv_hall.o
 .text.hall_apply_offset
                0x0800b002       0x28 ./build/obj/drv_hall.o
 .text.hall_map_to_midi
                0x0800b02a       0x62 ./build/obj/drv_hall.o
 .text.hall_compute_rate
                0x0800b08c      0x1c8 ./build/obj/drv_hall.o
 .text.hall_velocity_from_rate
                0x0800b254       0x5c ./build/obj/drv_hall.o
 .text.hall_process_channel
                0x0800b2b0      0x274 ./build/obj/drv_hall.o
 .text.hall_init
                0x0800b524      0x160 ./build/obj/drv_hall.o
                0x0800b524                hall_init
 .text.hall_update
                0x0800b684       0x3c ./build/obj/drv_hall.o
                0x0800b684                hall_update
 .text.hall_get
                0x0800b6c0       0x2c ./build/obj/drv_hall.o
                0x0800b6c0                hall_get
 .text.hall_get_note_on
                0x0800b6ec       0x28 ./build/obj/drv_hall.o
                0x0800b6ec                hall_get_note_on
 .text.hall_get_note_off
                0x0800b714       0x28 ./build/obj/drv_hall.o
                0x0800b714                hall_get_note_off
 .text.hall_get_velocity
                0x0800b73c       0x28 ./build/obj/drv_hall.o
                0x0800b73c                hall_get_velocity
 .text.hall_get_pressure
                0x0800b764       0x28 ./build/obj/drv_hall.o
                0x0800b764                hall_get_pressure
 .text.hall_get_midi_value
                0x0800b78c       0x28 ./build/obj/drv_hall.o
                0x0800b78c                hall_get_midi_value
 .text.__udivmoddi4
                0x0800b7b4      0x2c8 c:/chibistudio/tools/gnu tools arm embedded/11.3 2022.08/bin/../lib/gcc/arm-none-eabi/11.3.1/thumb/v7e-m/nofp\libgcc.a(_udivmoddi4.o)
                0x0800b7b4                __udivmoddi4
 .text.abort    0x0800ba7c       0x10 c:/chibistudio/tools/gnu tools arm embedded/11.3 2022.08/bin/../lib/gcc/arm-none-eabi/11.3.1/thumb/v7e-m/nofp\libg.a(libc_a-abort.o)
                0x0800ba7c                abort
 .text.snprintf
                0x0800ba8c       0x88 c:/chibistudio/tools/gnu tools arm embedded/11.3 2022.08/bin/../lib/gcc/arm-none-eabi/11.3.1/thumb/v7e-m/nofp\libg.a(libc_a-snprintf.o)
                0x0800ba8c                snprintf
 .text.memset   0x0800bb14       0xa4 c:/chibistudio/tools/gnu tools arm embedded/11.3 2022.08/bin/../lib/gcc/arm-none-eabi/11.3.1/thumb/v7e-m/nofp\libg.a(libc_a-memset.o)
                0x0800bb14                memset
 .text.raise    0x0800bbb8       0x5c c:/chibistudio/tools/gnu tools arm embedded/11.3 2022.08/bin/../lib/gcc/arm-none-eabi/11.3.1/thumb/v7e-m/nofp\libg.a(libc_a-signal.o)
                0x0800bbb8                raise
 .text._kill_r  0x0800bc14       0x2c c:/chibistudio/tools/gnu tools arm embedded/11.3 2022.08/bin/../lib/gcc/arm-none-eabi/11.3.1/thumb/v7e-m/nofp\libg.a(libc_a-signalr.o)
                0x0800bc14                _kill_r
 .text._getpid_r
                0x0800bc40        0x4 c:/chibistudio/tools/gnu tools arm embedded/11.3 2022.08/bin/../lib/gcc/arm-none-eabi/11.3.1/thumb/v7e-m/nofp\libg.a(libc_a-signalr.o)
                0x0800bc40                _getpid_r
 .text._malloc_r
                0x0800bc44      0x560 c:/chibistudio/tools/gnu tools arm embedded/11.3 2022.08/bin/../lib/gcc/arm-none-eabi/11.3.1/thumb/v7e-m/nofp\libg.a(libc_a-mallocr.o)
                0x0800bc44                _malloc_r
 .text.__malloc_lock
                0x0800c1a4        0xc c:/chibistudio/tools/gnu tools arm embedded/11.3 2022.08/bin/../lib/gcc/arm-none-eabi/11.3.1/thumb/v7e-m/nofp\libg.a(libc_a-mlock.o)
                0x0800c1a4                __malloc_lock
 .text.__malloc_unlock
                0x0800c1b0        0xc c:/chibistudio/tools/gnu tools arm embedded/11.3 2022.08/bin/../lib/gcc/arm-none-eabi/11.3.1/thumb/v7e-m/nofp\libg.a(libc_a-mlock.o)
                0x0800c1b0                __malloc_unlock
 .text._svfprintf_r
                0x0800c1bc     0x1ba4 c:/chibistudio/tools/gnu tools arm embedded/11.3 2022.08/bin/../lib/gcc/arm-none-eabi/11.3.1/thumb/v7e-m/nofp\libg.a(libc_a-svfprintf.o)
                0x0800c1bc                _svfprintf_r
 .text.stdio_exit_handler
                0x0800dd60       0x18 c:/chibistudio/tools/gnu tools arm embedded/11.3 2022.08/bin/../lib/gcc/arm-none-eabi/11.3.1/thumb/v7e-m/nofp\libg.a(libc_a-findfp.o)
 .text.cleanup_stdio
                0x0800dd78       0x40 c:/chibistudio/tools/gnu tools arm embedded/11.3 2022.08/bin/../lib/gcc/arm-none-eabi/11.3.1/thumb/v7e-m/nofp\libg.a(libc_a-findfp.o)
 .text.global_stdio_init.part.0
                0x0800ddb8       0xd4 c:/chibistudio/tools/gnu tools arm embedded/11.3 2022.08/bin/../lib/gcc/arm-none-eabi/11.3.1/thumb/v7e-m/nofp\libg.a(libc_a-findfp.o)
 .text.__sinit  0x0800de8c       0x3c c:/chibistudio/tools/gnu tools arm embedded/11.3 2022.08/bin/../lib/gcc/arm-none-eabi/11.3.1/thumb/v7e-m/nofp\libg.a(libc_a-findfp.o)
                0x0800de8c                __sinit
 .text.__sfp_lock_acquire
                0x0800dec8        0xc c:/chibistudio/tools/gnu tools arm embedded/11.3 2022.08/bin/../lib/gcc/arm-none-eabi/11.3.1/thumb/v7e-m/nofp\libg.a(libc_a-findfp.o)
                0x0800dec8                __sfp_lock_acquire
 .text.__sfp_lock_release
                0x0800ded4        0xc c:/chibistudio/tools/gnu tools arm embedded/11.3 2022.08/bin/../lib/gcc/arm-none-eabi/11.3.1/thumb/v7e-m/nofp\libg.a(libc_a-findfp.o)
                0x0800ded4                __sfp_lock_release
 .text._fwalk_sglue
                0x0800dee0       0x48 c:/chibistudio/tools/gnu tools arm embedded/11.3 2022.08/bin/../lib/gcc/arm-none-eabi/11.3.1/thumb/v7e-m/nofp\libg.a(libc_a-fwalk.o)
                0x0800dee0                _fwalk_sglue
 .text.__sread  0x0800df28       0x24 c:/chibistudio/tools/gnu tools arm embedded/11.3 2022.08/bin/../lib/gcc/arm-none-eabi/11.3.1/thumb/v7e-m/nofp\libg.a(libc_a-stdio.o)
                0x0800df28                __sread
 .text.__swrite
                0x0800df4c       0x40 c:/chibistudio/tools/gnu tools arm embedded/11.3 2022.08/bin/../lib/gcc/arm-none-eabi/11.3.1/thumb/v7e-m/nofp\libg.a(libc_a-stdio.o)
                0x0800df4c                __swrite
 .text.__sseek  0x0800df8c       0x20 c:/chibistudio/tools/gnu tools arm embedded/11.3 2022.08/bin/../lib/gcc/arm-none-eabi/11.3.1/thumb/v7e-m/nofp\libg.a(libc_a-stdio.o)
                0x0800df8c                __sseek
 .text.__sclose
                0x0800dfac        0x8 c:/chibistudio/tools/gnu tools arm embedded/11.3 2022.08/bin/../lib/gcc/arm-none-eabi/11.3.1/thumb/v7e-m/nofp\libg.a(libc_a-stdio.o)
                0x0800dfac                __sclose
 .text.strncpy  0x0800dfb4       0x64 c:/chibistudio/tools/gnu tools arm embedded/11.3 2022.08/bin/../lib/gcc/arm-none-eabi/11.3.1/thumb/v7e-m/nofp\libg.a(libc_a-strncpy.o)
                0x0800dfb4                strncpy
 .text.__locale_mb_cur_max
                0x0800e018        0xc c:/chibistudio/tools/gnu tools arm embedded/11.3 2022.08/bin/../lib/gcc/arm-none-eabi/11.3.1/thumb/v7e-m/nofp\libg.a(libc_a-locale.o)
                0x0800e018                __locale_mb_cur_max
 .text._localeconv_r
                0x0800e024        0x8 c:/chibistudio/tools/gnu tools arm embedded/11.3 2022.08/bin/../lib/gcc/arm-none-eabi/11.3.1/thumb/v7e-m/nofp\libg.a(libc_a-localeconv.o)
                0x0800e024                _localeconv_r
 .text.__retarget_lock_init_recursive
                0x0800e02c        0x4 c:/chibistudio/tools/gnu tools arm embedded/11.3 2022.08/bin/../lib/gcc/arm-none-eabi/11.3.1/thumb/v7e-m/nofp\libg.a(libc_a-lock.o)
                0x0800e02c                __retarget_lock_init_recursive
 .text.__retarget_lock_close_recursive
                0x0800e030        0x4 c:/chibistudio/tools/gnu tools arm embedded/11.3 2022.08/bin/../lib/gcc/arm-none-eabi/11.3.1/thumb/v7e-m/nofp\libg.a(libc_a-lock.o)
                0x0800e030                __retarget_lock_close_recursive
 .text.__retarget_lock_acquire_recursive
                0x0800e034        0x4 c:/chibistudio/tools/gnu tools arm embedded/11.3 2022.08/bin/../lib/gcc/arm-none-eabi/11.3.1/thumb/v7e-m/nofp\libg.a(libc_a-lock.o)
                0x0800e034                __retarget_lock_acquire_recursive
 .text.__retarget_lock_release_recursive
                0x0800e038        0x4 c:/chibistudio/tools/gnu tools arm embedded/11.3 2022.08/bin/../lib/gcc/arm-none-eabi/11.3.1/thumb/v7e-m/nofp\libg.a(libc_a-lock.o)
                0x0800e038                __retarget_lock_release_recursive
 .text.frexp    0x0800e03c       0x70 c:/chibistudio/tools/gnu tools arm embedded/11.3 2022.08/bin/../lib/gcc/arm-none-eabi/11.3.1/thumb/v7e-m/nofp\libg.a(libm_a-s_frexp.o)
                0x0800e03c                frexp
 .text.quorem   0x0800e0ac      0x128 c:/chibistudio/tools/gnu tools arm embedded/11.3 2022.08/bin/../lib/gcc/arm-none-eabi/11.3.1/thumb/v7e-m/nofp\libg.a(libc_a-dtoa.o)
 *fill*         0x0800e1d4        0x4 
 .text._dtoa_r  0x0800e1d8      0xeb8 c:/chibistudio/tools/gnu tools arm embedded/11.3 2022.08/bin/../lib/gcc/arm-none-eabi/11.3.1/thumb/v7e-m/nofp\libg.a(libc_a-dtoa.o)
                0x0800e1d8                _dtoa_r
 .text._malloc_trim_r
                0x0800f090       0xa0 c:/chibistudio/tools/gnu tools arm embedded/11.3 2022.08/bin/../lib/gcc/arm-none-eabi/11.3.1/thumb/v7e-m/nofp\libg.a(libc_a-freer.o)
                0x0800f090                _malloc_trim_r
 .text._free_r  0x0800f130      0x20c c:/chibistudio/tools/gnu tools arm embedded/11.3 2022.08/bin/../lib/gcc/arm-none-eabi/11.3.1/thumb/v7e-m/nofp\libg.a(libc_a-freer.o)
                0x0800f130                _free_r
 .text.__ascii_mbtowc
                0x0800f33c       0x2c c:/chibistudio/tools/gnu tools arm embedded/11.3 2022.08/bin/../lib/gcc/arm-none-eabi/11.3.1/thumb/v7e-m/nofp\libg.a(libc_a-mbtowc_r.o)
                0x0800f33c                __ascii_mbtowc
 .text._Balloc  0x0800f368       0x4c c:/chibistudio/tools/gnu tools arm embedded/11.3 2022.08/bin/../lib/gcc/arm-none-eabi/11.3.1/thumb/v7e-m/nofp\libg.a(libc_a-mprec.o)
                0x0800f368                _Balloc
 .text._Bfree   0x0800f3b4       0x14 c:/chibistudio/tools/gnu tools arm embedded/11.3 2022.08/bin/../lib/gcc/arm-none-eabi/11.3.1/thumb/v7e-m/nofp\libg.a(libc_a-mprec.o)
                0x0800f3b4                _Bfree
 .text.__multadd
                0x0800f3c8       0xa0 c:/chibistudio/tools/gnu tools arm embedded/11.3 2022.08/bin/../lib/gcc/arm-none-eabi/11.3.1/thumb/v7e-m/nofp\libg.a(libc_a-mprec.o)
                0x0800f3c8                __multadd
 .text.__hi0bits
                0x0800f468       0x40 c:/chibistudio/tools/gnu tools arm embedded/11.3 2022.08/bin/../lib/gcc/arm-none-eabi/11.3.1/thumb/v7e-m/nofp\libg.a(libc_a-mprec.o)
                0x0800f468                __hi0bits
 .text.__lo0bits
                0x0800f4a8       0x60 c:/chibistudio/tools/gnu tools arm embedded/11.3 2022.08/bin/../lib/gcc/arm-none-eabi/11.3.1/thumb/v7e-m/nofp\libg.a(libc_a-mprec.o)
                0x0800f4a8                __lo0bits
 .text.__i2b    0x0800f508       0x5c c:/chibistudio/tools/gnu tools arm embedded/11.3 2022.08/bin/../lib/gcc/arm-none-eabi/11.3.1/thumb/v7e-m/nofp\libg.a(libc_a-mprec.o)
                0x0800f508                __i2b
 .text.__multiply
                0x0800f564      0x15c c:/chibistudio/tools/gnu tools arm embedded/11.3 2022.08/bin/../lib/gcc/arm-none-eabi/11.3.1/thumb/v7e-m/nofp\libg.a(libc_a-mprec.o)
                0x0800f564                __multiply
 .text.__pow5mult
                0x0800f6c0       0xc0 c:/chibistudio/tools/gnu tools arm embedded/11.3 2022.08/bin/../lib/gcc/arm-none-eabi/11.3.1/thumb/v7e-m/nofp\libg.a(libc_a-mprec.o)
                0x0800f6c0                __pow5mult
 .text.__lshift
                0x0800f780       0xf0 c:/chibistudio/tools/gnu tools arm embedded/11.3 2022.08/bin/../lib/gcc/arm-none-eabi/11.3.1/thumb/v7e-m/nofp\libg.a(libc_a-mprec.o)
                0x0800f780                __lshift
 .text.__mcmp   0x0800f870       0x40 c:/chibistudio/tools/gnu tools arm embedded/11.3 2022.08/bin/../lib/gcc/arm-none-eabi/11.3.1/thumb/v7e-m/nofp\libg.a(libc_a-mprec.o)
                0x0800f870                __mcmp
 .text.__mdiff  0x0800f8b0      0x154 c:/chibistudio/tools/gnu tools arm embedded/11.3 2022.08/bin/../lib/gcc/arm-none-eabi/11.3.1/thumb/v7e-m/nofp\libg.a(libc_a-mprec.o)
                0x0800f8b0                __mdiff
 .text.__d2b    0x0800fa04       0xc0 c:/chibistudio/tools/gnu tools arm embedded/11.3 2022.08/bin/../lib/gcc/arm-none-eabi/11.3.1/thumb/v7e-m/nofp\libg.a(libc_a-mprec.o)
                0x0800fa04                __d2b
 .text.__ascii_wctomb
                0x0800fac4       0x1c c:/chibistudio/tools/gnu tools arm embedded/11.3 2022.08/bin/../lib/gcc/arm-none-eabi/11.3.1/thumb/v7e-m/nofp\libg.a(libc_a-wctomb_r.o)
                0x0800fac4                __ascii_wctomb
 .text._wcrtomb_r
                0x0800fae0       0x4c c:/chibistudio/tools/gnu tools arm embedded/11.3 2022.08/bin/../lib/gcc/arm-none-eabi/11.3.1/thumb/v7e-m/nofp\libg.a(libc_a-wcrtomb.o)
                0x0800fae0                _wcrtomb_r
 .text._wcsrtombs_r
                0x0800fb2c       0x1c c:/chibistudio/tools/gnu tools arm embedded/11.3 2022.08/bin/../lib/gcc/arm-none-eabi/11.3.1/thumb/v7e-m/nofp\libg.a(libc_a-wcsrtombs.o)
                0x0800fb2c                _wcsrtombs_r
 .text.__ssprint_r
                0x0800fb48      0x100 c:/chibistudio/tools/gnu tools arm embedded/11.3 2022.08/bin/../lib/gcc/arm-none-eabi/11.3.1/thumb/v7e-m/nofp\libg.a(libc_a-svfiprintf.o)
                0x0800fb48                __ssprint_r
 .text._fclose_r
                0x0800fc48       0xc8 c:/chibistudio/tools/gnu tools arm embedded/11.3 2022.08/bin/../lib/gcc/arm-none-eabi/11.3.1/thumb/v7e-m/nofp\libg.a(libc_a-fclose.o)
                0x0800fc48                _fclose_r
 .text.__sflush_r
                0x0800fd10      0x120 c:/chibistudio/tools/gnu tools arm embedded/11.3 2022.08/bin/../lib/gcc/arm-none-eabi/11.3.1/thumb/v7e-m/nofp\libg.a(libc_a-fflush.o)
                0x0800fd10                __sflush_r
 .text._fflush_r
                0x0800fe30       0x54 c:/chibistudio/tools/gnu tools arm embedded/11.3 2022.08/bin/../lib/gcc/arm-none-eabi/11.3.1/thumb/v7e-m/nofp\libg.a(libc_a-fflush.o)
                0x0800fe30                _fflush_r
 .text.memmove  0x0800fe84       0xf8 c:/chibistudio/tools/gnu tools arm embedded/11.3 2022.08/bin/../lib/gcc/arm-none-eabi/11.3.1/thumb/v7e-m/nofp\libg.a(libc_a-memmove.o)
                0x0800fe84                memmove
 .text.__errno  0x0800ff7c        0xc c:/chibistudio/tools/gnu tools arm embedded/11.3 2022.08/bin/../lib/gcc/arm-none-eabi/11.3.1/thumb/v7e-m/nofp\libg.a(libc_a-errno.o)
                0x0800ff7c                __errno
 .text.__assert_func
                0x0800ff88       0x40 c:/chibistudio/tools/gnu tools arm embedded/11.3 2022.08/bin/../lib/gcc/arm-none-eabi/11.3.1/thumb/v7e-m/nofp\libg.a(libc_a-assert.o)
                0x0800ff88                __assert_func
 .text._calloc_r
                0x0800ffc8       0x78 c:/chibistudio/tools/gnu tools arm embedded/11.3 2022.08/bin/../lib/gcc/arm-none-eabi/11.3.1/thumb/v7e-m/nofp\libg.a(libc_a-callocr.o)
                0x0800ffc8                _calloc_r
 .text._realloc_r
                0x08010040      0x3d8 c:/chibistudio/tools/gnu tools arm embedded/11.3 2022.08/bin/../lib/gcc/arm-none-eabi/11.3.1/thumb/v7e-m/nofp\libg.a(libc_a-reallocr.o)
                0x08010040                _realloc_r
 .text._wcsnrtombs_l
                0x08010418       0xf8 c:/chibistudio/tools/gnu tools arm embedded/11.3 2022.08/bin/../lib/gcc/arm-none-eabi/11.3.1/thumb/v7e-m/nofp\libg.a(libc_a-wcsnrtombs.o)
                0x08010418                _wcsnrtombs_l
 .text._wcsnrtombs_r
                0x08010510       0x24 c:/chibistudio/tools/gnu tools arm embedded/11.3 2022.08/bin/../lib/gcc/arm-none-eabi/11.3.1/thumb/v7e-m/nofp\libg.a(libc_a-wcsnrtombs.o)
                0x08010510                _wcsnrtombs_r
 .text.fiprintf
                0x08010534       0x28 c:/chibistudio/tools/gnu tools arm embedded/11.3 2022.08/bin/../lib/gcc/arm-none-eabi/11.3.1/thumb/v7e-m/nofp\libg.a(libc_a-fiprintf.o)
                0x08010534                fiprintf
 .text.__sprint_r.part.0